<html>
<body>
<pre>
<h1>µVision Build Log</h1>
<h2>Tool Versions:</h2>
IDE-Version: ¦ÌVision V5.20.0.0
Copyright (C) 2016 ARM Ltd and ARM Germany GmbH. All rights reserved.
License Information: ads comba, comba, LIC=GE756-DFAVI-239M4-FYZ89-LL22M-Q2C93
 
Tool Versions:
Toolchain:       MDK-ARM Professional  Version: 5.20
Toolchain Path:  D:\Keil_v5\ARM\ARMCC\Bin
C Compiler:      Armcc.exe V5.06 update 2 (build 183)
Assembler:       Armasm.exe V5.06 update 2 (build 183)
Linker/Locator:  ArmLink.exe V5.06 update 2 (build 183)
Library Manager: ArmAr.exe V5.06 update 2 (build 183)
Hex Converter:   FromElf.exe V5.06 update 2 (build 183)
CPU DLL:         SARMCM3.DLL V5.20
Dialog DLL:      DCM.DLL V1.13.7.0
Target DLL:      Segger\JL2CM3.dll V2.99.20.0
Dialog DLL:      TCM.DLL V1.14.9.0
 
<h2>Project:</h2>
F:\github\stm32_lamp\USER\USART.uvprojx
Project File Date:  12/06/2016

<h2>Output:</h2>
*** Using Compiler 'V5.06 update 2 (build 183)', folder: 'D:\Keil_v5\ARM\ARMCC\Bin'
Build target 'Target 1'
compiling main.c...
RGB_LED.h(2): warning:  #1295-D: Deprecated declaration send_bit0 - give arg types
  void send_bit0();
RGB_LED.h(3): warning:  #1295-D: Deprecated declaration send_bit1 - give arg types
  void send_bit1();
RGB_LED.h(4): warning:  #1295-D: Deprecated declaration reset - give arg types
  void reset();
RGB_LED.h(5): warning:  #1295-D: Deprecated declaration send_Green - give arg types
  void send_Green();
RGB_LED.h(6): warning:  #1295-D: Deprecated declaration send_Red - give arg types
  void send_Red();
RGB_LED.h(7): warning:  #1295-D: Deprecated declaration send_Blue - give arg types
  void send_Blue();
RGB_LED.h(10): warning:  #1295-D: Deprecated declaration double_GRB - give arg types
  void double_GRB();
RGB_LED.h(12): warning:  #1295-D: Deprecated declaration send_8G_8R_8B - give arg types
  void send_8G_8R_8B();
RGB_LED.h(13): warning:  #1295-D: Deprecated declaration send_4G_4R_4B_1 - give arg types
  void send_4G_4R_4B_1();
RGB_LED.h(14): warning:  #1295-D: Deprecated declaration send_4G_4R_4B_2 - give arg types
  void send_4G_4R_4B_2();
RGB_LED.h(15): warning:  #1295-D: Deprecated declaration send_semicircle - give arg types
  void send_semicircle();
RGB_LED.h(16): warning:  #1-D: last line of file ends without a newline
  void send_circle();
RGB_LED.h(16): warning:  #1295-D: Deprecated declaration send_circle - give arg types
  void send_circle();
main.c(19): warning:  #1295-D: Deprecated declaration WIFI_AP_STA - give arg types
  void WIFI_AP_STA();
main.c(20): warning:  #1295-D: Deprecated declaration WIFI_AP_STA_yanchanghong - give arg types
  void WIFI_AP_STA_yanchanghong();
main.c(21): warning:  #1295-D: Deprecated declaration ADC_POWER - give arg types
  void ADC_POWER();
main.c(22): warning:  #1295-D: Deprecated declaration LED_shanshuo - give arg types
  void LED_shanshuo();
main.c(23): warning:  #1295-D: Deprecated declaration RGB_LED_shanshuo - give arg types
  void RGB_LED_shanshuo();
main.c(24): warning:  #1295-D: Deprecated declaration huxi_white - give arg types
  void huxi_white();
main.c(25): warning:  #1295-D: Deprecated declaration huxi_white_2 - give arg types
  void huxi_white_2();
main.c(26): warning:  #1295-D: Deprecated declaration huxi_white_3 - give arg types
  void huxi_white_3();
main.c(27): warning:  #1295-D: Deprecated declaration huxi_color - give arg types
  void huxi_color();
main.c(28): warning:  #1295-D: Deprecated declaration delay_white - give arg types
  void delay_white();
main.c(29): warning:  #1295-D: Deprecated declaration Uart2_process - give arg types
  void Uart2_process();
main.c(30): warning:  #1295-D: Deprecated declaration Uart1_process - give arg types
  void Uart1_process();
main.c(31): warning:  #1295-D: Deprecated declaration smart_config_key - give arg types
  u8 smart_config_key();
main.c(32): warning:  #1295-D: Deprecated declaration adc_light_process - give arg types
  void adc_light_process();
main.c(33): warning:  #1295-D: Deprecated declaration print_temp_humi - give arg types
  void print_temp_humi();
main.c(37): warning:  #177-D: variable "t" was declared but never referenced
        u8 t,sendi;
main.c(37): warning:  #177-D: variable "sendi" was declared but never referenced
        u8 t,sendi;
main.c(39): warning:  #177-D: variable "times" was declared but never referenced
        u16 times=0; 
main.c(41): warning:  #177-D: variable "i" was declared but never referenced
        u8 i,j ;
main.c(41): warning:  #177-D: variable "j" was declared but never referenced
        u8 i,j ;
main.c(126): warning:  #940-D: missing return statement at end of non-void function "smart_config_key"
  }
main.c(145): warning:  #550-D: variable "len" was set but never used
        u8 len;
main.c(149): warning:  #550-D: variable "ID" was set but never used
        u8 ID;
main.c(206): warning:  #550-D: variable "len" was set but never used
        u8 len;
main.c(210): warning:  #550-D: variable "ID" was set but never used
        u8 ID;
main.c(383): warning:  #177-D: variable "j" was declared but never referenced
        u8 i,j,k;
main.c(383): warning:  #177-D: variable "k" was declared but never referenced
        u8 i,j,k;
main.c(523): warning:  #177-D: variable "t" was declared but never referenced
        u8 t;
main.c(524): warning:  #177-D: variable "len" was declared but never referenced
        u8 len;
main.c(634): warning:  #177-D: variable "t" was declared but never referenced
        u8 t;
main.c(635): warning:  #177-D: variable "len" was declared but never referenced
        u8 len;
main.c(15): warning:  #177-D: variable "color_i" was declared but never referenced
  static u8 color_i;//?Þ¸???É«??Öµ
main.c: 45 warnings, 0 errors
linking...
Program Size: Code=20868 RO-data=336 RW-data=72 ZI-data=1624  
FromELF: creating hex file...
After Build - User command #1: D:\Keil_v5\ARM\ARMCC\bin\fromelf.exe   --bin -o  ..\OBJ\USART.bin ..\OBJ\USART.axf
"..\OBJ\USART.axf" - 0 Error(s), 45 Warning(s).

<h2>Software Packages used:</h2>

Package Vendor: ARM
                http://www.keil.com/pack/ARM.CMSIS.4.5.0.pack
                ARM::CMSIS:CORE:4.3.0
                CMSIS (Cortex Microcontroller Software Interface Standard)
   * Component: CORE Version: 4.3.0

<h2>Collection of Component include folders:</h2>
  F:\github\stm32_lamp\USER\RTE
  D:\Keil_v5\ARM\PACK\ARM\CMSIS\4.5.0\CMSIS\Include
  D:\Keil_v5\ARM\PACK\Keil\STM32F1xx_DFP\1.0.4\Device\Include

<h2>Collection of Component Files used:</h2>

   * Component: ARM::CMSIS:CORE:4.3.0
Build Time Elapsed:  00:00:02
</pre>
</body>
</html>
