Component: ARM Compiler 5.06 update 2 (build 183) Tool: armlink [4d35b7]

==============================================================================

Section Cross References

    main.o(.text) refers to adc.o(.text) for Get_Adc_Average
    main.o(.text) refers to ffltui.o(.text) for __aeabi_ui2f
    main.o(.text) refers to f2d.o(.text) for __aeabi_f2d
    main.o(.text) refers to dmul.o(.text) for __aeabi_dmul
    main.o(.text) refers to ddiv.o(.text) for __aeabi_ddiv
    main.o(.text) refers to d2f.o(.text) for __aeabi_d2f
    main.o(.text) refers to printfa.o(i.__0printf) for __2printf
    main.o(.text) refers to fmul.o(.text) for __aeabi_fmul
    main.o(.text) refers to ffixui.o(.text) for __aeabi_f2uiz
    main.o(.text) refers to rgb_led.o(.text) for send24_GRB
    main.o(.text) refers to stm32f10x_gpio.o(.text) for GPIO_ReadInputDataBit
    main.o(.text) refers to delay.o(.text) for delay_ms
    main.o(.text) refers to stm32f10x_usart.o(.text) for USART_ClearFlag
    main.o(.text) refers to usart.o(.text) for USART_printf
    main.o(.text) refers to stm32f10x_tim.o(.text) for TIM_ITConfig
    main.o(.text) refers to memseta.o(.text) for __aeabi_memclr
    main.o(.text) refers to si7021.o(.text) for SI7021_Read
    main.o(.text) refers to dfltui.o(.text) for __aeabi_ui2d
    main.o(.text) refers to usart.o(.data) for USART1_RX_STA
    main.o(.text) refers to usart.o(.bss) for USART1_RX_BUF
    main.o(.text) refers to main.o(.data) for light_test_flag
    main.o(.text) refers to led.o(.text) for RBG_LED_Init
    main.o(.text) refers to key.o(.text) for KEY_Init
    main.o(.text) refers to i2c.o(.text) for I2C_GPIO_Config
    main.o(.text) refers to sys.o(.text) for NVIC_Configuration
    main.o(.text) refers to timer.o(.text) for TIM4_Int_Init
    main.o(.text) refers to cdrcmple.o(.text) for __aeabi_cdrcmple
    main.o(.text) refers to cdcmple.o(.text) for __aeabi_cdcmple
    system_stm32f10x.o(.text) refers to system_stm32f10x.o(.data) for SystemCoreClock
    rgb_led.o(.text) refers to delay.o(.text) for delay_ms
    rgb_led.o(.text) refers to rgb_led.o(.data) for m
    key.o(.text) refers to stm32f10x_rcc.o(.text) for RCC_APB2PeriphClockCmd
    key.o(.text) refers to stm32f10x_gpio.o(.text) for GPIO_PinRemapConfig
    key.o(.text) refers to delay.o(.text) for delay_ms
    key.o(.text) refers to key.o(.data) for key_up
    led.o(.text) refers to stm32f10x_rcc.o(.text) for RCC_APB2PeriphClockCmd
    led.o(.text) refers to stm32f10x_gpio.o(.text) for GPIO_Init
    adc.o(.text) refers to stm32f10x_rcc.o(.text) for RCC_APB2PeriphClockCmd
    adc.o(.text) refers to stm32f10x_gpio.o(.text) for GPIO_Init
    adc.o(.text) refers to stm32f10x_adc.o(.text) for ADC_DeInit
    adc.o(.text) refers to delay.o(.text) for delay_ms
    pwm.o(.text) refers to stm32f10x_rcc.o(.text) for RCC_APB2PeriphClockCmd
    pwm.o(.text) refers to stm32f10x_gpio.o(.text) for GPIO_Init
    pwm.o(.text) refers to stm32f10x_tim.o(.text) for TIM_TimeBaseInit
    timer.o(.text) refers to stm32f10x_rcc.o(.text) for RCC_APB1PeriphClockCmd
    timer.o(.text) refers to stm32f10x_tim.o(.text) for TIM_TimeBaseInit
    timer.o(.text) refers to misc.o(.text) for NVIC_Init
    timer.o(.text) refers to rgb_led.o(.text) for send24_GRB
    timer.o(.text) refers to timer.o(.data) for delay_sec
    i2c.o(.text) refers to stm32f10x_gpio.o(.text) for GPIO_Init
    i2c.o(.text) refers to delay.o(.text) for delay_us
    si7021.o(.text) refers to i2c.o(.text) for I2C_Start
    si7021.o(.text) refers to delay.o(.text) for delay_ms
    delay.o(.text) refers to misc.o(.text) for SysTick_CLKSourceConfig
    delay.o(.text) refers to system_stm32f10x.o(.data) for SystemCoreClock
    delay.o(.text) refers to delay.o(.data) for fac_us
    sys.o(.text) refers to misc.o(.text) for NVIC_PriorityGroupConfig
    usart.o(.text) refers to stm32f10x_rcc.o(.text) for RCC_APB2PeriphClockCmd
    usart.o(.text) refers to stm32f10x_usart.o(.text) for USART_DeInit
    usart.o(.text) refers to stm32f10x_gpio.o(.text) for GPIO_Init
    usart.o(.text) refers to misc.o(.text) for NVIC_Init
    usart.o(.text) refers to usart.o(.data) for USART1_RX_STA
    usart.o(.text) refers to usart.o(.bss) for USART1_RX_BUF
    startup_stm32f10x_hd.o(RESET) refers to startup_stm32f10x_hd.o(STACK) for __initial_sp
    startup_stm32f10x_hd.o(RESET) refers to startup_stm32f10x_hd.o(.text) for Reset_Handler
    startup_stm32f10x_hd.o(RESET) refers to stm32f10x_it.o(.text) for NMI_Handler
    startup_stm32f10x_hd.o(RESET) refers to timer.o(.text) for TIM3_IRQHandler
    startup_stm32f10x_hd.o(RESET) refers to usart.o(.text) for USART1_IRQHandler
    startup_stm32f10x_hd.o(.text) refers to system_stm32f10x.o(.text) for SystemInit
    startup_stm32f10x_hd.o(.text) refers to entry.o(.ARM.Collect$$$$00000000) for __main
    stm32f10x_gpio.o(.text) refers to stm32f10x_rcc.o(.text) for RCC_APB2PeriphResetCmd
    stm32f10x_rcc.o(.text) refers to stm32f10x_rcc.o(.data) for APBAHBPrescTable
[...]
    printf0.o(i.__0snprintf$0) refers to printf0.o(i._snputc) for _snputc
    printf0.o(i.__0sprintf$0) refers to printf0.o(i._printf_core) for _printf_core
    printf0.o(i.__0sprintf$0) refers to printf0.o(i._sputc) for _sputc
    printf0.o(i.__0vfprintf$0) refers to printf0.o(i._printf_core) for _printf_core
    printf0.o(i.__0vfprintf$0) refers to usart.o(.text) for fputc
    printf0.o(i.__0vprintf$0) refers to printf0.o(i._printf_core) for _printf_core
    printf0.o(i.__0vprintf$0) refers to usart.o(.text) for fputc
    printf0.o(i.__0vprintf$0) refers to usart.o(.data) for __stdout
    printf0.o(i.__0vsnprintf$0) refers to printf0.o(i._printf_core) for _printf_core
    printf0.o(i.__0vsnprintf$0) refers to printf0.o(i._snputc) for _snputc
    printf0.o(i.__0vsprintf$0) refers to printf0.o(i._printf_core) for _printf_core
    printf0.o(i.__0vsprintf$0) refers to printf0.o(i._sputc) for _sputc
    printf1.o(i.__0fprintf$1) refers to printf1.o(i._printf_core) for _printf_core
    printf1.o(i.__0fprintf$1) refers to usart.o(.text) for fputc
    printf1.o(i.__0printf$1) refers to printf1.o(i._printf_core) for _printf_core
    printf1.o(i.__0printf$1) refers to usart.o(.text) for fputc
    printf1.o(i.__0printf$1) refers to usart.o(.data) for __stdout
    printf1.o(i.__0snprintf$1) refers to printf1.o(i._printf_core) for _printf_core
    printf1.o(i.__0snprintf$1) refers to printf1.o(i._snputc) for _snputc
    printf1.o(i.__0sprintf$1) refers to printf1.o(i._printf_core) for _printf_core
    printf1.o(i.__0sprintf$1) refers to printf1.o(i._sputc) for _sputc
    printf1.o(i.__0vfprintf$1) refers to printf1.o(i._printf_core) for _printf_core
    printf1.o(i.__0vfprintf$1) refers to usart.o(.text) for fputc
    printf1.o(i.__0vprintf$1) refers to printf1.o(i._printf_core) for _printf_core
    printf1.o(i.__0vprintf$1) refers to usart.o(.text) for fputc
    printf1.o(i.__0vprintf$1) refers to usart.o(.data) for __stdout
    printf1.o(i.__0vsnprintf$1) refers to printf1.o(i._printf_core) for _printf_core
    printf1.o(i.__0vsnprintf$1) refers to printf1.o(i._snputc) for _snputc
    printf1.o(i.__0vsprintf$1) refers to printf1.o(i._printf_core) for _printf_core
    printf1.o(i.__0vsprintf$1) refers to printf1.o(i._sputc) for _sputc
    printf1.o(i._printf_core) refers to uidiv.o(.text) for __aeabi_uidivmod
    printf2.o(i.__0fprintf$2) refers to printf2.o(i._printf_core) for _printf_core
    printf2.o(i.__0fprintf$2) refers to usart.o(.text) for fputc
    printf2.o(i.__0printf$2) refers to printf2.o(i._printf_core) for _printf_core
    printf2.o(i.__0printf$2) refers to usart.o(.text) for fputc
    printf2.o(i.__0printf$2) refers to usart.o(.data) for __stdout
    printf2.o(i.__0snprintf$2) refers to printf2.o(i._printf_core) for _printf_core
    printf2.o(i.__0snprintf$2) refers to printf2.o(i._snputc) for _snputc
    printf2.o(i.__0sprintf$2) refers to printf2.o(i._printf_core) for _printf_core
    printf2.o(i.__0sprintf$2) refers to printf2.o(i._sputc) for _sputc
    printf2.o(i.__0vfprintf$2) refers to printf2.o(i._printf_core) for _printf_core
    printf2.o(i.__0vfprintf$2) refers to usart.o(.text) for fputc
    printf2.o(i.__0vprintf$2) refers to printf2.o(i._printf_core) for _printf_core
    printf2.o(i.__0vprintf$2) refers to usart.o(.text) for fputc
    printf2.o(i.__0vprintf$2) refers to usart.o(.data) for __stdout
    printf2.o(i.__0vsnprintf$2) refers to printf2.o(i._printf_core) for _printf_core
    printf2.o(i.__0vsnprintf$2) refers to printf2.o(i._snputc) for _snputc
    printf2.o(i.__0vsprintf$2) refers to printf2.o(i._printf_core) for _printf_core
    printf2.o(i.__0vsprintf$2) refers to printf2.o(i._sputc) for _sputc
    printf3.o(i.__0fprintf$3) refers to printf3.o(i._printf_core) for _printf_core
    printf3.o(i.__0fprintf$3) refers to usart.o(.text) for fputc
    printf3.o(i.__0printf$3) refers to printf3.o(i._printf_core) for _printf_core
    printf3.o(i.__0printf$3) refers to usart.o(.text) for fputc
    printf3.o(i.__0printf$3) refers to usart.o(.data) for __stdout
    printf3.o(i.__0snprintf$3) refers to printf3.o(i._printf_core) for _printf_core
    printf3.o(i.__0snprintf$3) refers to printf3.o(i._snputc) for _snputc
    printf3.o(i.__0sprintf$3) refers to printf3.o(i._printf_core) for _printf_core
    printf3.o(i.__0sprintf$3) refers to printf3.o(i._sputc) for _sputc
    printf3.o(i.__0vfprintf$3) refers to printf3.o(i._printf_core) for _printf_core
    printf3.o(i.__0vfprintf$3) refers to usart.o(.text) for fputc
    printf3.o(i.__0vprintf$3) refers to printf3.o(i._printf_core) for _printf_core
    printf3.o(i.__0vprintf$3) refers to usart.o(.text) for fputc
    printf3.o(i.__0vprintf$3) refers to usart.o(.data) for __stdout
    printf3.o(i.__0vsnprintf$3) refers to printf3.o(i._printf_core) for _printf_core
    printf3.o(i.__0vsnprintf$3) refers to printf3.o(i._snputc) for _snputc
    printf3.o(i.__0vsprintf$3) refers to printf3.o(i._printf_core) for _printf_core
    printf3.o(i.__0vsprintf$3) refers to printf3.o(i._sputc) for _sputc
    printf3.o(i._printf_core) refers to uidiv.o(.text) for __aeabi_uidivmod
    printf4.o(i.__0fprintf$4) refers to printf4.o(i._printf_core) for _printf_core
    printf4.o(i.__0fprintf$4) refers to usart.o(.text) for fputc
    printf4.o(i.__0printf$4) refers to printf4.o(i._printf_core) for _printf_core
    printf4.o(i.__0printf$4) refers to usart.o(.text) for fputc
    printf4.o(i.__0printf$4) refers to usart.o(.data) for __stdout
    printf4.o(i.__0snprintf$4) refers to printf4.o(i._printf_core) for _printf_core
    printf4.o(i.__0snprintf$4) refers to printf4.o(i._snputc) for _snputc
    printf4.o(i.__0sprintf$4) refers to printf4.o(i._printf_core) for _printf_core
    printf4.o(i.__0sprintf$4) refers to printf4.o(i._sputc) for _sputc
    printf4.o(i.__0vfprintf$4) refers to printf4.o(i._printf_core) for _printf_core
    printf4.o(i.__0vfprintf$4) refers to usart.o(.text) for fputc
    printf4.o(i.__0vprintf$4) refers to printf4.o(i._printf_core) for _printf_core
    printf4.o(i.__0vprintf$4) refers to usart.o(.text) for fputc
    printf4.o(i.__0vprintf$4) refers to usart.o(.data) for __stdout
    printf4.o(i.__0vsnprintf$4) refers to printf4.o(i._printf_core) for _printf_core
    printf4.o(i.__0vsnprintf$4) refers to printf4.o(i._snputc) for _snputc
    printf4.o(i.__0vsprintf$4) refers to printf4.o(i._printf_core) for _printf_core
    printf4.o(i.__0vsprintf$4) refers to printf4.o(i._sputc) for _sputc
    printf4.o(i._printf_core) refers to uldiv.o(.text) for __aeabi_uldivmod
    printf5.o(i.__0fprintf$5) refers to printf5.o(i._printf_core) for _printf_core
    printf5.o(i.__0fprintf$5) refers to usart.o(.text) for fputc
    printf5.o(i.__0printf$5) refers to printf5.o(i._printf_core) for _printf_core
    printf5.o(i.__0printf$5) refers to usart.o(.text) for fputc
    printf5.o(i.__0printf$5) refers to usart.o(.data) for __stdout
    printf5.o(i.__0snprintf$5) refers to printf5.o(i._printf_core) for _printf_core
    printf5.o(i.__0snprintf$5) refers to printf5.o(i._snputc) for _snputc
    printf5.o(i.__0sprintf$5) refers to printf5.o(i._printf_core) for _printf_core
    printf5.o(i.__0sprintf$5) refers to printf5.o(i._sputc) for _sputc
    printf5.o(i.__0vfprintf$5) refers to printf5.o(i._printf_core) for _printf_core
    printf5.o(i.__0vfprintf$5) refers to usart.o(.text) for fputc
    printf5.o(i.__0vprintf$5) refers to printf5.o(i._printf_core) for _printf_core
    printf5.o(i.__0vprintf$5) refers to usart.o(.text) for fputc
    printf5.o(i.__0vprintf$5) refers to usart.o(.data) for __stdout
    printf5.o(i.__0vsnprintf$5) refers to printf5.o(i._printf_core) for _printf_core
    printf5.o(i.__0vsnprintf$5) refers to printf5.o(i._snputc) for _snputc
    printf5.o(i.__0vsprintf$5) refers to printf5.o(i._printf_core) for _printf_core
    printf5.o(i.__0vsprintf$5) refers to printf5.o(i._sputc) for _sputc
    printf5.o(i._printf_core) refers to uldiv.o(.text) for __aeabi_uldivmod
    printf6.o(i.__0fprintf$6) refers to printf6.o(i._printf_core) for _printf_core
    printf6.o(i.__0fprintf$6) refers to usart.o(.text) for fputc
    printf6.o(i.__0printf$6) refers to printf6.o(i._printf_core) for _printf_core
    printf6.o(i.__0printf$6) refers to usart.o(.text) for fputc
    printf6.o(i.__0printf$6) refers to usart.o(.data) for __stdout
    printf6.o(i.__0snprintf$6) refers to printf6.o(i._printf_core) for _printf_core
    printf6.o(i.__0snprintf$6) refers to printf6.o(i._snputc) for _snputc
    printf6.o(i.__0sprintf$6) refers to printf6.o(i._printf_core) for _printf_core
    printf6.o(i.__0sprintf$6) refers to printf6.o(i._sputc) for _sputc
    printf6.o(i.__0vfprintf$6) refers to printf6.o(i._printf_core) for _printf_core
    printf6.o(i.__0vfprintf$6) refers to usart.o(.text) for fputc
    printf6.o(i.__0vprintf$6) refers to printf6.o(i._printf_core) for _printf_core
    printf6.o(i.__0vprintf$6) refers to usart.o(.text) for fputc
    printf6.o(i.__0vprintf$6) refers to usart.o(.data) for __stdout
    printf6.o(i.__0vsnprintf$6) refers to printf6.o(i._printf_core) for _printf_core
    printf6.o(i.__0vsnprintf$6) refers to printf6.o(i._snputc) for _snputc
    printf6.o(i.__0vsprintf$6) refers to printf6.o(i._printf_core) for _printf_core
    printf6.o(i.__0vsprintf$6) refers to printf6.o(i._sputc) for _sputc
    printf6.o(i._printf_core) refers to printf6.o(i._printf_pre_padding) for _printf_pre_padding
    printf6.o(i._printf_core) refers to uidiv.o(.text) for __aeabi_uidivmod
    printf6.o(i._printf_core) refers to printf6.o(i._printf_post_padding) for _printf_post_padding
    printf7.o(i.__0fprintf$7) refers to printf7.o(i._printf_core) for _printf_core
    printf7.o(i.__0fprintf$7) refers to usart.o(.text) for fputc
    printf7.o(i.__0printf$7) refers to printf7.o(i._printf_core) for _printf_core
    printf7.o(i.__0printf$7) refers to usart.o(.text) for fputc
    printf7.o(i.__0printf$7) refers to usart.o(.data) for __stdout
    printf7.o(i.__0snprintf$7) refers to printf7.o(i._printf_core) for _printf_core
    printf7.o(i.__0snprintf$7) refers to printf7.o(i._snputc) for _snputc
    printf7.o(i.__0sprintf$7) refers to printf7.o(i._printf_core) for _printf_core
    printf7.o(i.__0sprintf$7) refers to printf7.o(i._sputc) for _sputc
    printf7.o(i.__0vfprintf$7) refers to printf7.o(i._printf_core) for _printf_core
    printf7.o(i.__0vfprintf$7) refers to usart.o(.text) for fputc
    printf7.o(i.__0vprintf$7) refers to printf7.o(i._printf_core) for _printf_core
    printf7.o(i.__0vprintf$7) refers to usart.o(.text) for fputc
    printf7.o(i.__0vprintf$7) refers to usart.o(.data) for __stdout
    printf7.o(i.__0vsnprintf$7) refers to printf7.o(i._printf_core) for _printf_core
    printf7.o(i.__0vsnprintf$7) refers to printf7.o(i._snputc) for _snputc
    printf7.o(i.__0vsprintf$7) refers to printf7.o(i._printf_core) for _printf_core
    printf7.o(i.__0vsprintf$7) refers to printf7.o(i._sputc) for _sputc
    printf7.o(i._printf_core) refers to printf7.o(i._printf_pre_padding) for _printf_pre_padding
    printf7.o(i._printf_core) refers to uldiv.o(.text) for __aeabi_uldivmod
    printf7.o(i._printf_core) refers to printf7.o(i._printf_post_padding) for _printf_post_padding
    printf8.o(i.__0fprintf$8) refers to printf8.o(i._printf_core) for _printf_core
    printf8.o(i.__0fprintf$8) refers to usart.o(.text) for fputc
    printf8.o(i.__0printf$8) refers to printf8.o(i._printf_core) for _printf_core
    printf8.o(i.__0printf$8) refers to usart.o(.text) for fputc
    printf8.o(i.__0printf$8) refers to usart.o(.data) for __stdout
    printf8.o(i.__0snprintf$8) refers to printf8.o(i._printf_core) for _printf_core
    printf8.o(i.__0snprintf$8) refers to printf8.o(i._snputc) for _snputc
    printf8.o(i.__0sprintf$8) refers to printf8.o(i._printf_core) for _printf_core
    printf8.o(i.__0sprintf$8) refers to printf8.o(i._sputc) for _sputc
    printf8.o(i.__0vfprintf$8) refers to printf8.o(i._printf_core) for _printf_core
    printf8.o(i.__0vfprintf$8) refers to usart.o(.text) for fputc
    printf8.o(i.__0vprintf$8) refers to printf8.o(i._printf_core) for _printf_core
    printf8.o(i.__0vprintf$8) refers to usart.o(.text) for fputc
    printf8.o(i.__0vprintf$8) refers to usart.o(.data) for __stdout
    printf8.o(i.__0vsnprintf$8) refers to printf8.o(i._printf_core) for _printf_core
    printf8.o(i.__0vsnprintf$8) refers to printf8.o(i._snputc) for _snputc
    printf8.o(i.__0vsprintf$8) refers to printf8.o(i._printf_core) for _printf_core
    printf8.o(i.__0vsprintf$8) refers to printf8.o(i._sputc) for _sputc
    printf8.o(i._printf_core) refers to printf8.o(i._printf_pre_padding) for _printf_pre_padding
    printf8.o(i._printf_core) refers to uldiv.o(.text) for __aeabi_uldivmod
    printf8.o(i._printf_core) refers to printf8.o(i._printf_post_padding) for _printf_post_padding
    printfa.o(i.__0fprintf) refers (Special) to iusefp.o(.text) for __I$use$fp
    printfa.o(i.__0fprintf) refers to printfa.o(i._printf_core) for _printf_core
    printfa.o(i.__0fprintf) refers to usart.o(.text) for fputc
    printfa.o(i.__0printf) refers (Special) to iusefp.o(.text) for __I$use$fp
    printfa.o(i.__0printf) refers to printfa.o(i._printf_core) for _printf_core
    printfa.o(i.__0printf) refers to usart.o(.text) for fputc
    printfa.o(i.__0printf) refers to usart.o(.data) for __stdout
    printfa.o(i.__0snprintf) refers (Special) to iusefp.o(.text) for __I$use$fp
    printfa.o(i.__0snprintf) refers to printfa.o(i._printf_core) for _printf_core
    printfa.o(i.__0snprintf) refers to printfa.o(i._snputc) for _snputc
    printfa.o(i.__0sprintf) refers (Special) to iusefp.o(.text) for __I$use$fp
    printfa.o(i.__0sprintf) refers to printfa.o(i._printf_core) for _printf_core
    printfa.o(i.__0sprintf) refers to printfa.o(i._sputc) for _sputc
    printfa.o(i.__0vfprintf) refers (Special) to iusefp.o(.text) for __I$use$fp
    printfa.o(i.__0vfprintf) refers to printfa.o(i._printf_core) for _printf_core
    printfa.o(i.__0vfprintf) refers to usart.o(.text) for fputc
    printfa.o(i.__0vprintf) refers (Special) to iusefp.o(.text) for __I$use$fp
    printfa.o(i.__0vprintf) refers to printfa.o(i._printf_core) for _printf_core
    printfa.o(i.__0vprintf) refers to usart.o(.text) for fputc
    printfa.o(i.__0vprintf) refers to usart.o(.data) for __stdout
    printfa.o(i.__0vsnprintf) refers (Special) to iusefp.o(.text) for __I$use$fp
    printfa.o(i.__0vsnprintf) refers to printfa.o(i._printf_core) for _printf_core
    printfa.o(i.__0vsnprintf) refers to printfa.o(i._snputc) for _snputc
    printfa.o(i.__0vsprintf) refers (Special) to iusefp.o(.text) for __I$use$fp
    printfa.o(i.__0vsprintf) refers to printfa.o(i._printf_core) for _printf_core
    printfa.o(i.__0vsprintf) refers to printfa.o(i._sputc) for _sputc
    printfa.o(i._fp_digits) refers (Special) to iusefp.o(.text) for __I$use$fp
    printfa.o(i._fp_digits) refers to dmul.o(.text) for __aeabi_dmul
    printfa.o(i._fp_digits) refers to ddiv.o(.text) for __aeabi_ddiv
    printfa.o(i._fp_digits) refers to cdrcmple.o(.text) for __aeabi_cdrcmple
    printfa.o(i._fp_digits) refers to dadd.o(.text) for __aeabi_dadd
    printfa.o(i._fp_digits) refers to dfixul.o(.text) for __aeabi_d2ulz
    printfa.o(i._fp_digits) refers to uldiv.o(.text) for __aeabi_uldivmod
    printfa.o(i._printf_core) refers (Special) to iusefp.o(.text) for __I$use$fp
    printfa.o(i._printf_core) refers to printfa.o(i._printf_pre_padding) for _printf_pre_padding
    printfa.o(i._printf_core) refers to uldiv.o(.text) for __aeabi_uldivmod
    printfa.o(i._printf_core) refers to printfa.o(i._printf_post_padding) for _printf_post_padding
    printfa.o(i._printf_core) refers to printfa.o(i._fp_digits) for _fp_digits
    printfa.o(i._printf_core) refers to uidiv.o(.text) for __aeabi_uidivmod
    printfa.o(i._printf_post_padding) refers (Special) to iusefp.o(.text) for __I$use$fp
    printfa.o(i._printf_pre_padding) refers (Special) to iusefp.o(.text) for __I$use$fp
    printfa.o(i._snputc) refers (Special) to iusefp.o(.text) for __I$use$fp
    printfa.o(i._sputc) refers (Special) to iusefp.o(.text) for __I$use$fp
    fmul.o(.text) refers (Special) to iusefp.o(.text) for __I$use$fp
    dmul.o(.text) refers (Special) to iusefp.o(.text) for __I$use$fp
    dmul.o(.text) refers to depilogue.o(.text) for _double_epilogue
    ddiv.o(.text) refers (Special) to iusefp.o(.text) for __I$use$fp
    ddiv.o(.text) refers to depilogue.o(.text) for _double_round
    ffltui.o(.text) refers (Special) to iusefp.o(.text) for __I$use$fp
    ffltui.o(.text) refers to fepilogue.o(.text) for _float_epilogue
    dfltui.o(.text) refers (Special) to iusefp.o(.text) for __I$use$fp
    dfltui.o(.text) refers to depilogue.o(.text) for _double_epilogue
    ffixui.o(.text) refers (Special) to iusefp.o(.text) for __I$use$fp
    f2d.o(.text) refers (Special) to iusefp.o(.text) for __I$use$fp
    cdcmple.o(.text) refers (Special) to iusefp.o(.text) for __I$use$fp
    cdrcmple.o(.text) refers (Special) to iusefp.o(.text) for __I$use$fp
    d2f.o(.text) refers (Special) to iusefp.o(.text) for __I$use$fp
    d2f.o(.text) refers to fepilogue.o(.text) for _float_round
    entry2.o(.ARM.Collect$$$$00000001) refers to entry2.o(.ARM.Collect$$$$00002712) for __lit__00000000
    entry2.o(.ARM.Collect$$$$00002712) refers to startup_stm32f10x_hd.o(STACK) for __initial_sp
    entry2.o(__vectab_stack_and_reset_area) refers to startup_stm32f10x_hd.o(STACK) for __initial_sp
    entry2.o(__vectab_stack_and_reset_area) refers to entry.o(.ARM.Collect$$$$00000000) for __main
    entry5.o(.ARM.Collect$$$$00000004) refers to init.o(.text) for __scatterload
    entry9a.o(.ARM.Collect$$$$0000000B) refers to main.o(.text) for main
    entry9b.o(.ARM.Collect$$$$0000000C) refers to main.o(.text) for main
    uldiv.o(.text) refers to llushr.o(.text) for __aeabi_llsr
    uldiv.o(.text) refers to llshl.o(.text) for __aeabi_llsl
    depilogue.o(.text) refers to llshl.o(.text) for __aeabi_llsl
    depilogue.o(.text) refers to llushr.o(.text) for __aeabi_llsr
    dadd.o(.text) refers to llshl.o(.text) for __aeabi_llsl
    dadd.o(.text) refers to llsshr.o(.text) for __aeabi_lasr
    dadd.o(.text) refers to depilogue.o(.text) for _double_epilogue
    dfixul.o(.text) refers to llushr.o(.text) for __aeabi_llsr
    dfixul.o(.text) refers to llshl.o(.text) for __aeabi_llsl
    init.o(.text) refers to entry5.o(.ARM.Collect$$$$00000004) for __main_after_scatterload


==============================================================================

Removing Unused input sections from the image.

    Removing pwm.o(.text), (152 bytes).
    Removing core_cm3.o(.emb_text), (32 bytes).
    Removing startup_stm32f10x_hd.o(HEAP), (512 bytes).
    Removing esp8266.o(.text), (1156 bytes).
    Removing esp8266.o(.bss), (1024 bytes).

5 unused section(s) (total 2876 bytes) removed from the image.

==============================================================================

Image Symbol Table

    Local Symbols

    Symbol Name                              Value     Ov Type        Size  Object(Section)

    ../clib/microlib/division.c              0x00000000   Number         0  uldiv.o ABSOLUTE
    ../clib/microlib/division.c              0x00000000   Number         0  uidiv.o ABSOLUTE
    ../clib/microlib/init/entry.s            0x00000000   Number         0  entry8a.o ABSOLUTE
    ../clib/microlib/init/entry.s            0x00000000   Number         0  entry7b.o ABSOLUTE
    ../clib/microlib/init/entry.s            0x00000000   Number         0  entry7a.o ABSOLUTE
    ../clib/microlib/init/entry.s            0x00000000   Number         0  entry5.o ABSOLUTE
    ../clib/microlib/init/entry.s            0x00000000   Number         0  entry2.o ABSOLUTE
    ../clib/microlib/init/entry.s            0x00000000   Number         0  entry8b.o ABSOLUTE
    ../clib/microlib/init/entry.s            0x00000000   Number         0  entry10b.o ABSOLUTE
    ../clib/microlib/init/entry.s            0x00000000   Number         0  entry.o ABSOLUTE
    ../clib/microlib/init/entry.s            0x00000000   Number         0  entry11b.o ABSOLUTE
    ../clib/microlib/init/entry.s            0x00000000   Number         0  entry11a.o ABSOLUTE
    ../clib/microlib/init/entry.s            0x00000000   Number         0  entry10a.o ABSOLUTE
    ../clib/microlib/init/entry.s            0x00000000   Number         0  entry9b.o ABSOLUTE
    ../clib/microlib/init/entry.s            0x00000000   Number         0  entry9a.o ABSOLUTE
    ../clib/microlib/longlong.c              0x00000000   Number         0  llshl.o ABSOLUTE
    ../clib/microlib/longlong.c              0x00000000   Number         0  llushr.o ABSOLUTE
    ../clib/microlib/longlong.c              0x00000000   Number         0  llsshr.o ABSOLUTE
    ../clib/microlib/printf/printf.c         0x00000000   Number         0  printf3.o ABSOLUTE
    ../clib/microlib/printf/printf.c         0x00000000   Number         0  printf2.o ABSOLUTE
    ../clib/microlib/printf/printf.c         0x00000000   Number         0  printf1.o ABSOLUTE
    ../clib/microlib/printf/printf.c         0x00000000   Number         0  printf0.o ABSOLUTE
    ../clib/microlib/printf/printf.c         0x00000000   Number         0  printfa.o ABSOLUTE
    ../clib/microlib/printf/printf.c         0x00000000   Number         0  printf8.o ABSOLUTE
    ../clib/microlib/printf/printf.c         0x00000000   Number         0  printf7.o ABSOLUTE
    ../clib/microlib/printf/printf.c         0x00000000   Number         0  printfb.o ABSOLUTE
    ../clib/microlib/printf/printf.c         0x00000000   Number         0  printf5.o ABSOLUTE
    ../clib/microlib/printf/printf.c         0x00000000   Number         0  printf6.o ABSOLUTE
    ../clib/microlib/printf/printf.c         0x00000000   Number         0  printf4.o ABSOLUTE
    ../clib/microlib/printf/stubs.s          0x00000000   Number         0  stubs.o ABSOLUTE
    ../clib/microlib/string/memset.c         0x00000000   Number         0  memseta.o ABSOLUTE
    ../clib/microlib/string/strstr.c         0x00000000   Number         0  strstr.o ABSOLUTE
    ../clib/microlib/stubs.s                 0x00000000   Number         0  useno.o ABSOLUTE
    ../clib/microlib/stubs.s                 0x00000000   Number         0  iusefp.o ABSOLUTE
    ../fplib/microlib/d2f.c                  0x00000000   Number         0  d2f.o ABSOLUTE
    ../fplib/microlib/f2d.c                  0x00000000   Number         0  f2d.o ABSOLUTE
    ../fplib/microlib/fpadd.c                0x00000000   Number         0  dadd.o ABSOLUTE
    ../fplib/microlib/fpdiv.c                0x00000000   Number         0  ddiv.o ABSOLUTE
    ../fplib/microlib/fpepilogue.c           0x00000000   Number         0  fepilogue.o ABSOLUTE
    ../fplib/microlib/fpepilogue.c           0x00000000   Number         0  depilogue.o ABSOLUTE
    ../fplib/microlib/fpfix.c                0x00000000   Number         0  ffixui.o ABSOLUTE
    ../fplib/microlib/fpfix.c                0x00000000   Number         0  dfixul.o ABSOLUTE
    ../fplib/microlib/fpflt.c                0x00000000   Number         0  ffltui.o ABSOLUTE
    ../fplib/microlib/fpflt.c                0x00000000   Number         0  dfltui.o ABSOLUTE
    ../fplib/microlib/fpmul.c                0x00000000   Number         0  fmul.o ABSOLUTE
    ../fplib/microlib/fpmul.c                0x00000000   Number         0  dmul.o ABSOLUTE
    ..\CORE\core_cm3.c                       0x00000000   Number         0  core_cm3.o ABSOLUTE
    ..\CORE\startup_stm32f10x_hd.s           0x00000000   Number         0  startup_stm32f10x_hd.o ABSOLUTE
    ..\HARDWARE\ADC\adc.c                    0x00000000   Number         0  adc.o ABSOLUTE
    ..\HARDWARE\LED\led.c                    0x00000000   Number         0  led.o ABSOLUTE
    ..\HARDWARE\PWM\pwm.c                    0x00000000   Number         0  pwm.o ABSOLUTE
    ..\HARDWARE\SI7021\I2C.c                 0x00000000   Number         0  i2c.o ABSOLUTE
    ..\HARDWARE\SI7021\SI7021.c              0x00000000   Number         0  si7021.o ABSOLUTE
    ..\HARDWARE\TIMER\timer.c                0x00000000   Number         0  timer.o ABSOLUTE
    ..\Network\esp8266.c                     0x00000000   Number         0  esp8266.o ABSOLUTE
    ..\STM32F10x_FWLib\src\misc.c            0x00000000   Number         0  misc.o ABSOLUTE
    ..\STM32F10x_FWLib\src\stm32f10x_adc.c   0x00000000   Number         0  stm32f10x_adc.o ABSOLUTE
    ..\STM32F10x_FWLib\src\stm32f10x_gpio.c  0x00000000   Number         0  stm32f10x_gpio.o ABSOLUTE
    ..\STM32F10x_FWLib\src\stm32f10x_rcc.c   0x00000000   Number         0  stm32f10x_rcc.o ABSOLUTE
    ..\STM32F10x_FWLib\src\stm32f10x_tim.c   0x00000000   Number         0  stm32f10x_tim.o ABSOLUTE
    ..\STM32F10x_FWLib\src\stm32f10x_usart.c 0x00000000   Number         0  stm32f10x_usart.o ABSOLUTE
    ..\SYSTEM\delay\delay.c                  0x00000000   Number         0  delay.o ABSOLUTE
    ..\SYSTEM\sys\sys.c                      0x00000000   Number         0  sys.o ABSOLUTE
    ..\SYSTEM\usart\usart.c                  0x00000000   Number         0  usart.o ABSOLUTE
    ..\\CORE\\core_cm3.c                     0x00000000   Number         0  core_cm3.o ABSOLUTE
    RGB_LED.c                                0x00000000   Number         0  rgb_led.o ABSOLUTE
    cdcmple.s                                0x00000000   Number         0  cdcmple.o ABSOLUTE
    cdrcmple.s                               0x00000000   Number         0  cdrcmple.o ABSOLUTE
    dc.s                                     0x00000000   Number         0  dc.o ABSOLUTE
    handlers.s                               0x00000000   Number         0  handlers.o ABSOLUTE
    init.s                                   0x00000000   Number         0  init.o ABSOLUTE
    key.c                                    0x00000000   Number         0  key.o ABSOLUTE
    main.c                                   0x00000000   Number         0  main.o ABSOLUTE
    stm32f10x_it.c                           0x00000000   Number         0  stm32f10x_it.o ABSOLUTE
    system_stm32f10x.c                       0x00000000   Number         0  system_stm32f10x.o ABSOLUTE
    RESET                                    0x08000000   Section      304  startup_stm32f10x_hd.o(RESET)
    .ARM.Collect$$$$00000000                 0x08000130   Section        0  entry.o(.ARM.Collect$$$$00000000)
    .ARM.Collect$$$$00000001                 0x08000130   Section        4  entry2.o(.ARM.Collect$$$$00000001)
    .ARM.Collect$$$$00000004                 0x08000134   Section        4  entry5.o(.ARM.Collect$$$$00000004)
    .ARM.Collect$$$$00000008                 0x08000138   Section        0  entry7b.o(.ARM.Collect$$$$00000008)
    .ARM.Collect$$$$0000000A                 0x08000138   Section        0  entry8b.o(.ARM.Collect$$$$0000000A)
    .ARM.Collect$$$$0000000B                 0x08000138   Section        8  entry9a.o(.ARM.Collect$$$$0000000B)
    .ARM.Collect$$$$0000000D                 0x08000140   Section        0  entry10a.o(.ARM.Collect$$$$0000000D)
    .ARM.Collect$$$$0000000F                 0x08000140   Section        0  entry11a.o(.ARM.Collect$$$$0000000F)
    .ARM.Collect$$$$00002712                 0x08000140   Section        4  entry2.o(.ARM.Collect$$$$00002712)
    __lit__00000000                          0x08000140   Data           4  entry2.o(.ARM.Collect$$$$00002712)
    .text                                    0x08000144   Section        0  main.o(.text)
    .text                                    0x080010a0   Section        0  stm32f10x_it.o(.text)
    .text                                    0x080010bc   Section        0  system_stm32f10x.o(.text)
    SetSysClockTo72                          0x080010bd   Thumb Code   214  system_stm32f10x.o(.text)
    SetSysClock                              0x08001193   Thumb Code     8  system_stm32f10x.o(.text)
    .text                                    0x0800129c   Section        0  rgb_led.o(.text)
    .text                                    0x080017c0   Section        0  key.o(.text)
    .text                                    0x08001840   Section        0  led.o(.text)
    .text                                    0x080018a8   Section        0  adc.o(.text)
    .text                                    0x08001990   Section        0  timer.o(.text)
    .text                                    0x08001b0c   Section        0  i2c.o(.text)
    .text                                    0x08001d70   Section        0  si7021.o(.text)
    .text                                    0x08001e24   Section        0  delay.o(.text)
    .text                                    0x08001ef8   Section        0  sys.o(.text)
    .text                                    0x08001f04   Section        0  usart.o(.text)
    itoa                                     0x080022c7   Thumb Code   152  usart.o(.text)
    .text                                    0x08002464   Section       36  startup_stm32f10x_hd.o(.text)
    .text                                    0x08002488   Section        0  stm32f10x_gpio.o(.text)
    .text                                    0x080027e4   Section        0  stm32f10x_rcc.o(.text)
    .text                                    0x08002b88   Section        0  stm32f10x_usart.o(.text)
    .text                                    0x08002f90   Section        0  misc.o(.text)
    .text                                    0x0800306c   Section        0  stm32f10x_adc.o(.text)
    .text                                    0x080034bc   Section        0  stm32f10x_tim.o(.text)
    TI4_Config                               0x08003963   Thumb Code   130  stm32f10x_tim.o(.text)
    TI3_Config                               0x080039f7   Thumb Code   122  stm32f10x_tim.o(.text)
    TI2_Config                               0x08003a8b   Thumb Code   130  stm32f10x_tim.o(.text)
    TI1_Config                               0x08003b1f   Thumb Code   108  stm32f10x_tim.o(.text)
    .text                                    0x080042d6   Section        0  memseta.o(.text)
    .text                                    0x080042fa   Section        0  fmul.o(.text)
    .text                                    0x0800435e   Section        0  dmul.o(.text)
    .text                                    0x08004442   Section        0  ddiv.o(.text)
    .text                                    0x08004520   Section        0  ffltui.o(.text)
    .text                                    0x0800452a   Section        0  dfltui.o(.text)
    .text                                    0x08004544   Section        0  ffixui.o(.text)
    .text                                    0x0800456c   Section        0  f2d.o(.text)
    .text                                    0x08004594   Section       48  cdcmple.o(.text)
    .text                                    0x080045c4   Section       48  cdrcmple.o(.text)
    .text                                    0x080045f4   Section        0  d2f.o(.text)
    .text                                    0x0800462c   Section        0  uidiv.o(.text)
    .text                                    0x08004658   Section        0  uldiv.o(.text)
    .text                                    0x080046ba   Section        0  iusefp.o(.text)
    .text                                    0x080046ba   Section        0  fepilogue.o(.text)
    .text                                    0x08004728   Section        0  depilogue.o(.text)
    .text                                    0x080047e2   Section        0  dadd.o(.text)
    .text                                    0x08004930   Section        0  dfixul.o(.text)
    .text                                    0x08004960   Section       36  init.o(.text)
    .text                                    0x08004984   Section        0  llshl.o(.text)
    .text                                    0x080049a2   Section        0  llushr.o(.text)
    .text                                    0x080049c2   Section        0  llsshr.o(.text)
    i.__0printf                              0x080049e8   Section        0  printfa.o(i.__0printf)
    i.__scatterload_copy                     0x08004a08   Section       14  handlers.o(i.__scatterload_copy)
    i.__scatterload_null                     0x08004a16   Section        2  handlers.o(i.__scatterload_null)
    i.__scatterload_zeroinit                 0x08004a18   Section       14  handlers.o(i.__scatterload_zeroinit)
    i._fp_digits                             0x08004a28   Section        0  printfa.o(i._fp_digits)
    _fp_digits                               0x08004a29   Thumb Code   334  printfa.o(i._fp_digits)
    i._printf_core                           0x08004b8c   Section        0  printfa.o(i._printf_core)
    _printf_core                             0x08004b8d   Thumb Code  1744  printfa.o(i._printf_core)
    i._printf_post_padding                   0x08005268   Section        0  printfa.o(i._printf_post_padding)
    _printf_post_padding                     0x08005269   Thumb Code    36  printfa.o(i._printf_post_padding)
    i._printf_pre_padding                    0x0800528c   Section        0  printfa.o(i._printf_pre_padding)
    _printf_pre_padding                      0x0800528d   Thumb Code    46  printfa.o(i._printf_pre_padding)
    .data                                    0x20000000   Section        3  main.o(.data)
    color_i                                  0x20000000   Data           1  main.o(.data)
    light_test_flag                          0x20000002   Data           1  main.o(.data)
    .data                                    0x20000004   Section       20  system_stm32f10x.o(.data)
    .data                                    0x20000018   Section        2  rgb_led.o(.data)
    m                                        0x20000018   Data           1  rgb_led.o(.data)
    n                                        0x20000019   Data           1  rgb_led.o(.data)
    .data                                    0x2000001a   Section        1  key.o(.data)
    key_up                                   0x2000001a   Data           1  key.o(.data)
    .data                                    0x2000001c   Section        6  timer.o(.data)
    delay_sec                                0x2000001e   Data           2  timer.o(.data)
    delay_led                                0x20000020   Data           2  timer.o(.data)
    .data                                    0x20000022   Section        4  delay.o(.data)
    fac_us                                   0x20000022   Data           1  delay.o(.data)
    fac_ms                                   0x20000024   Data           2  delay.o(.data)
    .data                                    0x20000028   Section       12  usart.o(.data)
    PreFlag                                  0x20000032   Data           1  usart.o(.data)
    PreFlag                                  0x20000033   Data           1  usart.o(.data)
    .data                                    0x20000034   Section       20  stm32f10x_rcc.o(.data)
    APBAHBPrescTable                         0x20000034   Data          16  stm32f10x_rcc.o(.data)
    ADCPrescTable                            0x20000044   Data           4  stm32f10x_rcc.o(.data)
    .bss                                     0x20000048   Section      600  usart.o(.bss)
    STACK                                    0x200002a0   Section     1024  startup_stm32f10x_hd.o(STACK)

    Global Symbols

    Symbol Name                              Value     Ov Type        Size  Object(Section)

    BuildAttributes$$THM_ISAv4$P$D$K$B$S$PE$A:L22UL41UL21$X:L11$S22US41US21$IEEE1$IW$USESV6$~STKCKD$USESV7$~SHL$OTIME$ROPI$EBA8$MICROLIB$REQ8$PRES8$EABIv2 0x00000000   Number         0  anon$$obj.o ABSOLUTE
    __ARM_use_no_argv                        0x00000000   Number         0  main.o ABSOLUTE
    __use_no_errno                           0x00000000   Number         0  useno.o ABSOLUTE
    __use_no_exception_handling              0x00000000   Number         0  useno.o ABSOLUTE
    __use_no_fp                              0x00000000   Number         0  useno.o ABSOLUTE
    __use_no_heap                            0x00000000   Number         0  useno.o ABSOLUTE
    __use_no_heap_region                     0x00000000   Number         0  useno.o ABSOLUTE
    __use_no_semihosting                     0x00000000   Number         0  useno.o ABSOLUTE
    __use_no_semihosting_swi                 0x00000000   Number         0  useno.o ABSOLUTE
    __use_no_signal_handling                 0x00000000   Number         0  useno.o ABSOLUTE
    _printf_a                                0x00000000   Number         0  stubs.o ABSOLUTE
    _printf_c                                0x00000000   Number         0  stubs.o ABSOLUTE
    _printf_charcount                        0x00000000   Number         0  stubs.o ABSOLUTE
    _printf_d                                0x00000000   Number         0  stubs.o ABSOLUTE
    _printf_e                                0x00000000   Number         0  stubs.o ABSOLUTE
    _printf_f                                0x00000000   Number         0  stubs.o ABSOLUTE
    _printf_flags                            0x00000000   Number         0  stubs.o ABSOLUTE
    _printf_fp_dec                           0x00000000   Number         0  stubs.o ABSOLUTE
    _printf_fp_hex                           0x00000000   Number         0  stubs.o ABSOLUTE
    _printf_g                                0x00000000   Number         0  stubs.o ABSOLUTE
    _printf_i                                0x00000000   Number         0  stubs.o ABSOLUTE
    _printf_int_dec                          0x00000000   Number         0  stubs.o ABSOLUTE
    _printf_l                                0x00000000   Number         0  stubs.o ABSOLUTE
    _printf_lc                               0x00000000   Number         0  stubs.o ABSOLUTE
    _printf_ll                               0x00000000   Number         0  stubs.o ABSOLUTE
    _printf_lld                              0x00000000   Number         0  stubs.o ABSOLUTE
    _printf_lli                              0x00000000   Number         0  stubs.o ABSOLUTE
    _printf_llo                              0x00000000   Number         0  stubs.o ABSOLUTE
    _printf_llu                              0x00000000   Number         0  stubs.o ABSOLUTE
    _printf_llx                              0x00000000   Number         0  stubs.o ABSOLUTE
    _printf_longlong_dec                     0x00000000   Number         0  stubs.o ABSOLUTE
    _printf_longlong_hex                     0x00000000   Number         0  stubs.o ABSOLUTE
    _printf_longlong_oct                     0x00000000   Number         0  stubs.o ABSOLUTE
    _printf_ls                               0x00000000   Number         0  stubs.o ABSOLUTE
    _printf_mbtowc                           0x00000000   Number         0  stubs.o ABSOLUTE
    _printf_n                                0x00000000   Number         0  stubs.o ABSOLUTE
    _printf_o                                0x00000000   Number         0  stubs.o ABSOLUTE
    _printf_p                                0x00000000   Number         0  stubs.o ABSOLUTE
    _printf_percent                          0x00000000   Number         0  stubs.o ABSOLUTE
    _printf_pre_padding                      0x00000000   Number         0  stubs.o ABSOLUTE
    _printf_return_value                     0x00000000   Number         0  stubs.o ABSOLUTE
    _printf_s                                0x00000000   Number         0  stubs.o ABSOLUTE
    _printf_sizespec                         0x00000000   Number         0  stubs.o ABSOLUTE
    _printf_str                              0x00000000   Number         0  stubs.o ABSOLUTE
    _printf_truncate_signed                  0x00000000   Number         0  stubs.o ABSOLUTE
    _printf_truncate_unsigned                0x00000000   Number         0  stubs.o ABSOLUTE
    _printf_u                                0x00000000   Number         0  stubs.o ABSOLUTE
    _printf_wc                               0x00000000   Number         0  stubs.o ABSOLUTE
    _printf_wctomb                           0x00000000   Number         0  stubs.o ABSOLUTE
    _printf_widthprec                        0x00000000   Number         0  stubs.o ABSOLUTE
    _printf_x                                0x00000000   Number         0  stubs.o ABSOLUTE
    __cpp_initialize__aeabi_                  - Undefined Weak Reference
    __cxa_finalize                            - Undefined Weak Reference
    __decompress                              - Undefined Weak Reference
    _clock_init                               - Undefined Weak Reference
    _microlib_exit                            - Undefined Weak Reference
    __Vectors_Size                           0x00000130   Number         0  startup_stm32f10x_hd.o ABSOLUTE
    __Vectors                                0x08000000   Data           4  startup_stm32f10x_hd.o(RESET)
    __Vectors_End                            0x08000130   Data           0  startup_stm32f10x_hd.o(RESET)
    __main                                   0x08000131   Thumb Code     0  entry.o(.ARM.Collect$$$$00000000)
    _main_stk                                0x08000131   Thumb Code     0  entry2.o(.ARM.Collect$$$$00000001)
    _main_scatterload                        0x08000135   Thumb Code     0  entry5.o(.ARM.Collect$$$$00000004)
    __main_after_scatterload                 0x08000139   Thumb Code     0  entry5.o(.ARM.Collect$$$$00000004)
    _main_clock                              0x08000139   Thumb Code     0  entry7b.o(.ARM.Collect$$$$00000008)
    _main_cpp_init                           0x08000139   Thumb Code     0  entry8b.o(.ARM.Collect$$$$0000000A)
    _main_init                               0x08000139   Thumb Code     0  entry9a.o(.ARM.Collect$$$$0000000B)
    __rt_final_cpp                           0x08000141   Thumb Code     0  entry10a.o(.ARM.Collect$$$$0000000D)
    __rt_final_exit                          0x08000141   Thumb Code     0  entry11a.o(.ARM.Collect$$$$0000000F)
    adc_light_process                        0x08000145   Thumb Code   132  main.o(.text)
    smart_config_key                         0x080001c9   Thumb Code    68  main.o(.text)
    huxi_white_3                             0x0800020d   Thumb Code   104  main.o(.text)
    Uart1_process                            0x08000275   Thumb Code   264  main.o(.text)
    Uart2_process                            0x0800037d   Thumb Code   376  main.o(.text)
    print_temp_humi                          0x080004f5   Thumb Code   228  main.o(.text)
    main                                     0x080005d9   Thumb Code   230  main.o(.text)
    RGB_LED_shanshuo                         0x080006bf   Thumb Code   122  main.o(.text)
    LED_shanshuo                             0x08000739   Thumb Code   148  main.o(.text)
    ADC_POWER                                0x080007cd   Thumb Code   280  main.o(.text)
    huxi_white_2                             0x080008e5   Thumb Code    86  main.o(.text)
    delay_white                              0x0800093b   Thumb Code    44  main.o(.text)
    huxi_color                               0x08000967   Thumb Code   352  main.o(.text)
    huxi_white                               0x08000ac7   Thumb Code   560  main.o(.text)
    WIFI_AP_STA                              0x08000cf7   Thumb Code   390  main.o(.text)
    WIFI_AP_STA_yanchanghong                 0x08000e7d   Thumb Code   390  main.o(.text)
    NMI_Handler                              0x080010a1   Thumb Code     2  stm32f10x_it.o(.text)
    HardFault_Handler                        0x080010a3   Thumb Code     4  stm32f10x_it.o(.text)
    MemManage_Handler                        0x080010a7   Thumb Code     4  stm32f10x_it.o(.text)
    BusFault_Handler                         0x080010ab   Thumb Code     4  stm32f10x_it.o(.text)
    UsageFault_Handler                       0x080010af   Thumb Code     4  stm32f10x_it.o(.text)
    SVC_Handler                              0x080010b3   Thumb Code     2  stm32f10x_it.o(.text)
    DebugMon_Handler                         0x080010b5   Thumb Code     2  stm32f10x_it.o(.text)
    PendSV_Handler                           0x080010b7   Thumb Code     2  stm32f10x_it.o(.text)
    SysTick_Handler                          0x080010b9   Thumb Code     2  stm32f10x_it.o(.text)
    SystemInit                               0x0800119b   Thumb Code    78  system_stm32f10x.o(.text)
    SystemCoreClockUpdate                    0x080011e9   Thumb Code   142  system_stm32f10x.o(.text)
    reset                                    0x0800129d   Thumb Code    34  rgb_led.o(.text)
    send_bit0                                0x080012bf   Thumb Code    36  rgb_led.o(.text)
    send_bit1                                0x080012e3   Thumb Code    36  rgb_led.o(.text)
    send_GRB                                 0x08001307   Thumb Code   118  rgb_led.o(.text)
    send_8G_8R_8B                            0x0800137d   Thumb Code    80  rgb_led.o(.text)
    send_4G_4R_4B_1                          0x080013cd   Thumb Code   158  rgb_led.o(.text)
    send_4G_4R_4B_2                          0x0800146b   Thumb Code   164  rgb_led.o(.text)
    sendi_GRB                                0x0800150f   Thumb Code    48  rgb_led.o(.text)
    send24_GRB                               0x0800153f   Thumb Code    48  rgb_led.o(.text)
    send_circle                              0x0800156f   Thumb Code   144  rgb_led.o(.text)
    send_semicircle                          0x080015ff   Thumb Code   262  rgb_led.o(.text)
    double_GRB                               0x08001705   Thumb Code    34  rgb_led.o(.text)
    send_Green                               0x08001727   Thumb Code    36  rgb_led.o(.text)
    send_Red                                 0x0800174b   Thumb Code    52  rgb_led.o(.text)
    send_Blue                                0x0800177f   Thumb Code    52  rgb_led.o(.text)
    KEY_Init                                 0x080017c1   Thumb Code    40  key.o(.text)
    KEY_Scan                                 0x080017e9   Thumb Code    76  key.o(.text)
    RBG_LED_Init                             0x08001841   Thumb Code    46  led.o(.text)
    STA_LED_Init                             0x0800186f   Thumb Code    50  led.o(.text)
    Adc_Init                                 0x080018a9   Thumb Code   132  adc.o(.text)
    Get_Adc                                  0x0800192d   Thumb Code    46  adc.o(.text)
    Get_Adc_Average                          0x0800195b   Thumb Code    46  adc.o(.text)
    TIM3_Int_Init                            0x08001991   Thumb Code    80  timer.o(.text)
    TIM4_Int_Init                            0x080019e1   Thumb Code    82  timer.o(.text)
    TIM4_IRQHandler                          0x08001a33   Thumb Code    98  timer.o(.text)
    TIM3_IRQHandler                          0x08001a95   Thumb Code    96  timer.o(.text)
    I2C_GPIO_Config                          0x08001b0d   Thumb Code    60  i2c.o(.text)
    I2C_Start                                0x08001b49   Thumb Code    62  i2c.o(.text)
    I2C_Stop                                 0x08001b87   Thumb Code    58  i2c.o(.text)
    I2C_Wait_Ack                             0x08001bc1   Thumb Code    92  i2c.o(.text)
    I2C_Ack                                  0x08001c1d   Thumb Code    64  i2c.o(.text)
    I2C_NAck                                 0x08001c5d   Thumb Code    64  i2c.o(.text)
    I2C_Send_Byte                            0x08001c9d   Thumb Code   104  i2c.o(.text)
    I2C_Read_Byte                            0x08001d05   Thumb Code   102  i2c.o(.text)
    SI7021_Read_Data                         0x08001d71   Thumb Code   104  si7021.o(.text)
    SI7021_Read                              0x08001dd9   Thumb Code    76  si7021.o(.text)
    delay_init                               0x08001e25   Thumb Code    50  delay.o(.text)
    delay_us                                 0x08001e57   Thumb Code    72  delay.o(.text)
    delay_ms                                 0x08001e9f   Thumb Code    72  delay.o(.text)
    NVIC_Configuration                       0x08001ef9   Thumb Code    12  sys.o(.text)
    _sys_exit                                0x08001f05   Thumb Code     6  usart.o(.text)
    fputc                                    0x08001f0b   Thumb Code    24  usart.o(.text)
    uart1_init                               0x08001f23   Thumb Code   158  usart.o(.text)
    USART1_IRQHandler                        0x08001fc1   Thumb Code   122  usart.o(.text)
    uart2_init                               0x0800203b   Thumb Code   162  usart.o(.text)
    USART2_IRQHandler                        0x080020dd   Thumb Code   162  usart.o(.text)
    uart4_init                               0x0800217f   Thumb Code   166  usart.o(.text)
    UART4_IRQHandler                         0x08002225   Thumb Code   162  usart.o(.text)
    USART_printf                             0x0800235f   Thumb Code   262  usart.o(.text)
    Reset_Handler                            0x08002465   Thumb Code     8  startup_stm32f10x_hd.o(.text)
    ADC1_2_IRQHandler                        0x0800247f   Thumb Code     0  startup_stm32f10x_hd.o(.text)
    ADC3_IRQHandler                          0x0800247f   Thumb Code     0  startup_stm32f10x_hd.o(.text)
    CAN1_RX1_IRQHandler                      0x0800247f   Thumb Code     0  startup_stm32f10x_hd.o(.text)
    CAN1_SCE_IRQHandler                      0x0800247f   Thumb Code     0  startup_stm32f10x_hd.o(.text)
    DMA1_Channel1_IRQHandler                 0x0800247f   Thumb Code     0  startup_stm32f10x_hd.o(.text)
    DMA1_Channel2_IRQHandler                 0x0800247f   Thumb Code     0  startup_stm32f10x_hd.o(.text)
    DMA1_Channel3_IRQHandler                 0x0800247f   Thumb Code     0  startup_stm32f10x_hd.o(.text)
    DMA1_Channel4_IRQHandler                 0x0800247f   Thumb Code     0  startup_stm32f10x_hd.o(.text)
    DMA1_Channel5_IRQHandler                 0x0800247f   Thumb Code     0  startup_stm32f10x_hd.o(.text)
    DMA1_Channel6_IRQHandler                 0x0800247f   Thumb Code     0  startup_stm32f10x_hd.o(.text)
    DMA1_Channel7_IRQHandler                 0x0800247f   Thumb Code     0  startup_stm32f10x_hd.o(.text)
    DMA2_Channel1_IRQHandler                 0x0800247f   Thumb Code     0  startup_stm32f10x_hd.o(.text)
    DMA2_Channel2_IRQHandler                 0x0800247f   Thumb Code     0  startup_stm32f10x_hd.o(.text)
    DMA2_Channel3_IRQHandler                 0x0800247f   Thumb Code     0  startup_stm32f10x_hd.o(.text)
    DMA2_Channel4_5_IRQHandler               0x0800247f   Thumb Code     0  startup_stm32f10x_hd.o(.text)
    EXTI0_IRQHandler                         0x0800247f   Thumb Code     0  startup_stm32f10x_hd.o(.text)
    EXTI15_10_IRQHandler                     0x0800247f   Thumb Code     0  startup_stm32f10x_hd.o(.text)
    EXTI1_IRQHandler                         0x0800247f   Thumb Code     0  startup_stm32f10x_hd.o(.text)
    EXTI2_IRQHandler                         0x0800247f   Thumb Code     0  startup_stm32f10x_hd.o(.text)
    EXTI3_IRQHandler                         0x0800247f   Thumb Code     0  startup_stm32f10x_hd.o(.text)
    EXTI4_IRQHandler                         0x0800247f   Thumb Code     0  startup_stm32f10x_hd.o(.text)
    EXTI9_5_IRQHandler                       0x0800247f   Thumb Code     0  startup_stm32f10x_hd.o(.text)
    FLASH_IRQHandler                         0x0800247f   Thumb Code     0  startup_stm32f10x_hd.o(.text)
    FSMC_IRQHandler                          0x0800247f   Thumb Code     0  startup_stm32f10x_hd.o(.text)
    I2C1_ER_IRQHandler                       0x0800247f   Thumb Code     0  startup_stm32f10x_hd.o(.text)
    I2C1_EV_IRQHandler                       0x0800247f   Thumb Code     0  startup_stm32f10x_hd.o(.text)
    I2C2_ER_IRQHandler                       0x0800247f   Thumb Code     0  startup_stm32f10x_hd.o(.text)
    I2C2_EV_IRQHandler                       0x0800247f   Thumb Code     0  startup_stm32f10x_hd.o(.text)
    PVD_IRQHandler                           0x0800247f   Thumb Code     0  startup_stm32f10x_hd.o(.text)
    RCC_IRQHandler                           0x0800247f   Thumb Code     0  startup_stm32f10x_hd.o(.text)
    RTCAlarm_IRQHandler                      0x0800247f   Thumb Code     0  startup_stm32f10x_hd.o(.text)
    RTC_IRQHandler                           0x0800247f   Thumb Code     0  startup_stm32f10x_hd.o(.text)
    SDIO_IRQHandler                          0x0800247f   Thumb Code     0  startup_stm32f10x_hd.o(.text)
    SPI1_IRQHandler                          0x0800247f   Thumb Code     0  startup_stm32f10x_hd.o(.text)
    SPI2_IRQHandler                          0x0800247f   Thumb Code     0  startup_stm32f10x_hd.o(.text)
    SPI3_IRQHandler                          0x0800247f   Thumb Code     0  startup_stm32f10x_hd.o(.text)
    TAMPER_IRQHandler                        0x0800247f   Thumb Code     0  startup_stm32f10x_hd.o(.text)
    TIM1_BRK_IRQHandler                      0x0800247f   Thumb Code     0  startup_stm32f10x_hd.o(.text)
    TIM1_CC_IRQHandler                       0x0800247f   Thumb Code     0  startup_stm32f10x_hd.o(.text)
    TIM1_TRG_COM_IRQHandler                  0x0800247f   Thumb Code     0  startup_stm32f10x_hd.o(.text)
    TIM1_UP_IRQHandler                       0x0800247f   Thumb Code     0  startup_stm32f10x_hd.o(.text)
    TIM2_IRQHandler                          0x0800247f   Thumb Code     0  startup_stm32f10x_hd.o(.text)
    TIM5_IRQHandler                          0x0800247f   Thumb Code     0  startup_stm32f10x_hd.o(.text)
    TIM6_IRQHandler                          0x0800247f   Thumb Code     0  startup_stm32f10x_hd.o(.text)
    TIM7_IRQHandler                          0x0800247f   Thumb Code     0  startup_stm32f10x_hd.o(.text)
    TIM8_BRK_IRQHandler                      0x0800247f   Thumb Code     0  startup_stm32f10x_hd.o(.text)
    TIM8_CC_IRQHandler                       0x0800247f   Thumb Code     0  startup_stm32f10x_hd.o(.text)
    TIM8_TRG_COM_IRQHandler                  0x0800247f   Thumb Code     0  startup_stm32f10x_hd.o(.text)
    TIM8_UP_IRQHandler                       0x0800247f   Thumb Code     0  startup_stm32f10x_hd.o(.text)
    UART5_IRQHandler                         0x0800247f   Thumb Code     0  startup_stm32f10x_hd.o(.text)
    USART3_IRQHandler                        0x0800247f   Thumb Code     0  startup_stm32f10x_hd.o(.text)
    USBWakeUp_IRQHandler                     0x0800247f   Thumb Code     0  startup_stm32f10x_hd.o(.text)
    USB_HP_CAN1_TX_IRQHandler                0x0800247f   Thumb Code     0  startup_stm32f10x_hd.o(.text)
    USB_LP_CAN1_RX0_IRQHandler               0x0800247f   Thumb Code     0  startup_stm32f10x_hd.o(.text)
    WWDG_IRQHandler                          0x0800247f   Thumb Code     0  startup_stm32f10x_hd.o(.text)
    GPIO_DeInit                              0x08002489   Thumb Code   172  stm32f10x_gpio.o(.text)
    GPIO_AFIODeInit                          0x08002535   Thumb Code    20  stm32f10x_gpio.o(.text)
    GPIO_Init                                0x08002549   Thumb Code   278  stm32f10x_gpio.o(.text)
    GPIO_StructInit                          0x0800265f   Thumb Code    16  stm32f10x_gpio.o(.text)
    GPIO_ReadInputDataBit                    0x0800266f   Thumb Code    18  stm32f10x_gpio.o(.text)
    GPIO_ReadInputData                       0x08002681   Thumb Code     8  stm32f10x_gpio.o(.text)
    GPIO_ReadOutputDataBit                   0x08002689   Thumb Code    18  stm32f10x_gpio.o(.text)
    GPIO_ReadOutputData                      0x0800269b   Thumb Code     8  stm32f10x_gpio.o(.text)
    GPIO_SetBits                             0x080026a3   Thumb Code     4  stm32f10x_gpio.o(.text)
    GPIO_ResetBits                           0x080026a7   Thumb Code     4  stm32f10x_gpio.o(.text)
    GPIO_WriteBit                            0x080026ab   Thumb Code    10  stm32f10x_gpio.o(.text)
    GPIO_Write                               0x080026b5   Thumb Code     4  stm32f10x_gpio.o(.text)
    GPIO_PinLockConfig                       0x080026b9   Thumb Code    18  stm32f10x_gpio.o(.text)
    GPIO_EventOutputConfig                   0x080026cb   Thumb Code    26  stm32f10x_gpio.o(.text)
    GPIO_EventOutputCmd                      0x080026e5   Thumb Code     6  stm32f10x_gpio.o(.text)
    GPIO_PinRemapConfig                      0x080026eb   Thumb Code   138  stm32f10x_gpio.o(.text)
    GPIO_EXTILineConfig                      0x08002775   Thumb Code    66  stm32f10x_gpio.o(.text)
    GPIO_ETH_MediaInterfaceConfig            0x080027b7   Thumb Code     8  stm32f10x_gpio.o(.text)
    RCC_DeInit                               0x080027e5   Thumb Code    64  stm32f10x_rcc.o(.text)
    RCC_HSEConfig                            0x08002825   Thumb Code    70  stm32f10x_rcc.o(.text)
    RCC_GetFlagStatus                        0x0800286b   Thumb Code    56  stm32f10x_rcc.o(.text)
    RCC_WaitForHSEStartUp                    0x080028a3   Thumb Code    56  stm32f10x_rcc.o(.text)
    RCC_AdjustHSICalibrationValue            0x080028db   Thumb Code    20  stm32f10x_rcc.o(.text)
    RCC_HSICmd                               0x080028ef   Thumb Code     6  stm32f10x_rcc.o(.text)
    RCC_PLLConfig                            0x080028f5   Thumb Code    24  stm32f10x_rcc.o(.text)
    RCC_PLLCmd                               0x0800290d   Thumb Code     6  stm32f10x_rcc.o(.text)
    RCC_SYSCLKConfig                         0x08002913   Thumb Code    18  stm32f10x_rcc.o(.text)
    RCC_GetSYSCLKSource                      0x08002925   Thumb Code    10  stm32f10x_rcc.o(.text)
    RCC_HCLKConfig                           0x0800292f   Thumb Code    18  stm32f10x_rcc.o(.text)
    RCC_PCLK1Config                          0x08002941   Thumb Code    18  stm32f10x_rcc.o(.text)
    RCC_PCLK2Config                          0x08002953   Thumb Code    20  stm32f10x_rcc.o(.text)
    RCC_ITConfig                             0x08002967   Thumb Code    26  stm32f10x_rcc.o(.text)
    RCC_USBCLKConfig                         0x08002981   Thumb Code     8  stm32f10x_rcc.o(.text)
    RCC_ADCCLKConfig                         0x08002989   Thumb Code    18  stm32f10x_rcc.o(.text)
    RCC_LSEConfig                            0x0800299b   Thumb Code    50  stm32f10x_rcc.o(.text)
    RCC_LSICmd                               0x080029cd   Thumb Code     6  stm32f10x_rcc.o(.text)
    RCC_RTCCLKConfig                         0x080029d3   Thumb Code    12  stm32f10x_rcc.o(.text)
    RCC_RTCCLKCmd                            0x080029df   Thumb Code     8  stm32f10x_rcc.o(.text)
    RCC_GetClocksFreq                        0x080029e7   Thumb Code   192  stm32f10x_rcc.o(.text)
    RCC_AHBPeriphClockCmd                    0x08002aa7   Thumb Code    26  stm32f10x_rcc.o(.text)
    RCC_APB2PeriphClockCmd                   0x08002ac1   Thumb Code    26  stm32f10x_rcc.o(.text)
    RCC_APB1PeriphClockCmd                   0x08002adb   Thumb Code    26  stm32f10x_rcc.o(.text)
    RCC_APB2PeriphResetCmd                   0x08002af5   Thumb Code    26  stm32f10x_rcc.o(.text)
    RCC_APB1PeriphResetCmd                   0x08002b0f   Thumb Code    26  stm32f10x_rcc.o(.text)
    RCC_BackupResetCmd                       0x08002b29   Thumb Code     8  stm32f10x_rcc.o(.text)
    RCC_ClockSecuritySystemCmd               0x08002b31   Thumb Code     6  stm32f10x_rcc.o(.text)
    RCC_MCOConfig                            0x08002b37   Thumb Code     6  stm32f10x_rcc.o(.text)
    RCC_ClearFlag                            0x08002b3d   Thumb Code    14  stm32f10x_rcc.o(.text)
    RCC_GetITStatus                          0x08002b4b   Thumb Code    20  stm32f10x_rcc.o(.text)
    RCC_ClearITPendingBit                    0x08002b5f   Thumb Code     6  stm32f10x_rcc.o(.text)
    USART_DeInit                             0x08002b89   Thumb Code   134  stm32f10x_usart.o(.text)
    USART_Init                               0x08002c0f   Thumb Code   210  stm32f10x_usart.o(.text)
    USART_StructInit                         0x08002ce1   Thumb Code    24  stm32f10x_usart.o(.text)
    USART_ClockInit                          0x08002cf9   Thumb Code    34  stm32f10x_usart.o(.text)
    USART_ClockStructInit                    0x08002d1b   Thumb Code    12  stm32f10x_usart.o(.text)
    USART_Cmd                                0x08002d27   Thumb Code    24  stm32f10x_usart.o(.text)
    USART_ITConfig                           0x08002d3f   Thumb Code    74  stm32f10x_usart.o(.text)
    USART_DMACmd                             0x08002d89   Thumb Code    18  stm32f10x_usart.o(.text)
    USART_SetAddress                         0x08002d9b   Thumb Code    18  stm32f10x_usart.o(.text)
    USART_WakeUpConfig                       0x08002dad   Thumb Code    18  stm32f10x_usart.o(.text)
    USART_ReceiverWakeUpCmd                  0x08002dbf   Thumb Code    24  stm32f10x_usart.o(.text)
    USART_LINBreakDetectLengthConfig         0x08002dd7   Thumb Code    18  stm32f10x_usart.o(.text)
    USART_LINCmd                             0x08002de9   Thumb Code    24  stm32f10x_usart.o(.text)
    USART_SendData                           0x08002e01   Thumb Code     8  stm32f10x_usart.o(.text)
    USART_ReceiveData                        0x08002e09   Thumb Code    10  stm32f10x_usart.o(.text)
    USART_SendBreak                          0x08002e13   Thumb Code    10  stm32f10x_usart.o(.text)
    USART_SetGuardTime                       0x08002e1d   Thumb Code    16  stm32f10x_usart.o(.text)
    USART_SetPrescaler                       0x08002e2d   Thumb Code    16  stm32f10x_usart.o(.text)
    USART_SmartCardCmd                       0x08002e3d   Thumb Code    24  stm32f10x_usart.o(.text)
    USART_SmartCardNACKCmd                   0x08002e55   Thumb Code    24  stm32f10x_usart.o(.text)
    USART_HalfDuplexCmd                      0x08002e6d   Thumb Code    24  stm32f10x_usart.o(.text)
    USART_OverSampling8Cmd                   0x08002e85   Thumb Code    22  stm32f10x_usart.o(.text)
    USART_OneBitMethodCmd                    0x08002e9b   Thumb Code    24  stm32f10x_usart.o(.text)
    USART_IrDAConfig                         0x08002eb3   Thumb Code    18  stm32f10x_usart.o(.text)
    USART_IrDACmd                            0x08002ec5   Thumb Code    24  stm32f10x_usart.o(.text)
    USART_GetFlagStatus                      0x08002edd   Thumb Code    26  stm32f10x_usart.o(.text)
    USART_ClearFlag                          0x08002ef7   Thumb Code    18  stm32f10x_usart.o(.text)
    USART_GetITStatus                        0x08002f09   Thumb Code    84  stm32f10x_usart.o(.text)
    USART_ClearITPendingBit                  0x08002f5d   Thumb Code    52  stm32f10x_usart.o(.text)
    NVIC_PriorityGroupConfig                 0x08002f91   Thumb Code    10  misc.o(.text)
    NVIC_Init                                0x08002f9b   Thumb Code   100  misc.o(.text)
    NVIC_SetVectorTable                      0x08002fff   Thumb Code    14  misc.o(.text)
    NVIC_SystemLPConfig                      0x0800300d   Thumb Code    34  misc.o(.text)
    SysTick_CLKSourceConfig                  0x0800302f   Thumb Code    40  misc.o(.text)
    ADC_DeInit                               0x0800306d   Thumb Code    78  stm32f10x_adc.o(.text)
    ADC_Init                                 0x080030bb   Thumb Code    70  stm32f10x_adc.o(.text)
    ADC_StructInit                           0x08003101   Thumb Code    18  stm32f10x_adc.o(.text)
    ADC_Cmd                                  0x08003113   Thumb Code    22  stm32f10x_adc.o(.text)
    ADC_DMACmd                               0x08003129   Thumb Code    22  stm32f10x_adc.o(.text)
    ADC_ITConfig                             0x0800313f   Thumb Code    24  stm32f10x_adc.o(.text)
    ADC_ResetCalibration                     0x08003157   Thumb Code    10  stm32f10x_adc.o(.text)
    ADC_GetResetCalibrationStatus            0x08003161   Thumb Code    20  stm32f10x_adc.o(.text)
    ADC_StartCalibration                     0x08003175   Thumb Code    10  stm32f10x_adc.o(.text)
    ADC_GetCalibrationStatus                 0x0800317f   Thumb Code    20  stm32f10x_adc.o(.text)
    ADC_SoftwareStartConvCmd                 0x08003193   Thumb Code    22  stm32f10x_adc.o(.text)
    ADC_GetSoftwareStartConvStatus           0x080031a9   Thumb Code    20  stm32f10x_adc.o(.text)
    ADC_DiscModeChannelCountConfig           0x080031bd   Thumb Code    24  stm32f10x_adc.o(.text)
    ADC_DiscModeCmd                          0x080031d5   Thumb Code    22  stm32f10x_adc.o(.text)
    ADC_RegularChannelConfig                 0x080031eb   Thumb Code   184  stm32f10x_adc.o(.text)
    ADC_ExternalTrigConvCmd                  0x080032a3   Thumb Code    22  stm32f10x_adc.o(.text)
    ADC_GetConversionValue                   0x080032b9   Thumb Code     8  stm32f10x_adc.o(.text)
    ADC_GetDualModeConversionValue           0x080032c1   Thumb Code     8  stm32f10x_adc.o(.text)
    ADC_AutoInjectedConvCmd                  0x080032c9   Thumb Code    22  stm32f10x_adc.o(.text)
    ADC_InjectedDiscModeCmd                  0x080032df   Thumb Code    22  stm32f10x_adc.o(.text)
    ADC_ExternalTrigInjectedConvConfig       0x080032f5   Thumb Code    16  stm32f10x_adc.o(.text)
    ADC_ExternalTrigInjectedConvCmd          0x08003305   Thumb Code    22  stm32f10x_adc.o(.text)
    ADC_SoftwareStartInjectedConvCmd         0x0800331b   Thumb Code    22  stm32f10x_adc.o(.text)
    ADC_GetSoftwareStartInjectedConvCmdStatus 0x08003331   Thumb Code    20  stm32f10x_adc.o(.text)
    ADC_InjectedChannelConfig                0x08003345   Thumb Code   130  stm32f10x_adc.o(.text)
    ADC_InjectedSequencerLengthConfig        0x080033c7   Thumb Code    24  stm32f10x_adc.o(.text)
    ADC_SetInjectedOffset                    0x080033df   Thumb Code    20  stm32f10x_adc.o(.text)
    ADC_GetInjectedConversionValue           0x080033f3   Thumb Code    28  stm32f10x_adc.o(.text)
    ADC_AnalogWatchdogCmd                    0x0800340f   Thumb Code    16  stm32f10x_adc.o(.text)
    ADC_AnalogWatchdogThresholdsConfig       0x0800341f   Thumb Code     6  stm32f10x_adc.o(.text)
    ADC_AnalogWatchdogSingleChannelConfig    0x08003425   Thumb Code    16  stm32f10x_adc.o(.text)
    ADC_TempSensorVrefintCmd                 0x08003435   Thumb Code    64  stm32f10x_adc.o(.text)
    ADC_GetFlagStatus                        0x08003475   Thumb Code    18  stm32f10x_adc.o(.text)
    ADC_ClearFlag                            0x08003487   Thumb Code     6  stm32f10x_adc.o(.text)
    ADC_GetITStatus                          0x0800348d   Thumb Code    36  stm32f10x_adc.o(.text)
    ADC_ClearITPendingBit                    0x080034b1   Thumb Code    10  stm32f10x_adc.o(.text)
    TIM_DeInit                               0x080034bd   Thumb Code   424  stm32f10x_tim.o(.text)
    TIM_TimeBaseInit                         0x08003665   Thumb Code   122  stm32f10x_tim.o(.text)
    TIM_OC1Init                              0x080036df   Thumb Code   132  stm32f10x_tim.o(.text)
    TIM_OC2Init                              0x08003763   Thumb Code   154  stm32f10x_tim.o(.text)
    TIM_OC3Init                              0x080037fd   Thumb Code   150  stm32f10x_tim.o(.text)
    TIM_OC4Init                              0x08003893   Thumb Code   182  stm32f10x_tim.o(.text)
    TIM_SetIC4Prescaler                      0x08003949   Thumb Code    26  stm32f10x_tim.o(.text)
    TIM_SetIC3Prescaler                      0x080039e5   Thumb Code    18  stm32f10x_tim.o(.text)
    TIM_SetIC2Prescaler                      0x08003a71   Thumb Code    26  stm32f10x_tim.o(.text)
    TIM_SetIC1Prescaler                      0x08003b0d   Thumb Code    18  stm32f10x_tim.o(.text)
    TIM_ICInit                               0x08003b8b   Thumb Code   150  stm32f10x_tim.o(.text)
    TIM_PWMIConfig                           0x08003c21   Thumb Code   124  stm32f10x_tim.o(.text)
    TIM_BDTRConfig                           0x08003c9d   Thumb Code    32  stm32f10x_tim.o(.text)
    TIM_TimeBaseStructInit                   0x08003cbd   Thumb Code    18  stm32f10x_tim.o(.text)
    TIM_OCStructInit                         0x08003ccf   Thumb Code    20  stm32f10x_tim.o(.text)
    TIM_ICStructInit                         0x08003ce3   Thumb Code    18  stm32f10x_tim.o(.text)
    TIM_BDTRStructInit                       0x08003cf5   Thumb Code    40  stm32f10x_tim.o(.text)
    TIM_Cmd                                  0x08003d1d   Thumb Code    24  stm32f10x_tim.o(.text)
    TIM_CtrlPWMOutputs                       0x08003d35   Thumb Code    30  stm32f10x_tim.o(.text)
    TIM_ITConfig                             0x08003d53   Thumb Code    18  stm32f10x_tim.o(.text)
    TIM_GenerateEvent                        0x08003d65   Thumb Code     4  stm32f10x_tim.o(.text)
    TIM_DMAConfig                            0x08003d69   Thumb Code    10  stm32f10x_tim.o(.text)
    TIM_DMACmd                               0x08003d73   Thumb Code    18  stm32f10x_tim.o(.text)
    TIM_InternalClockConfig                  0x08003d85   Thumb Code    12  stm32f10x_tim.o(.text)
    TIM_SelectInputTrigger                   0x08003d91   Thumb Code    18  stm32f10x_tim.o(.text)
    TIM_ITRxExternalClockConfig              0x08003da3   Thumb Code    24  stm32f10x_tim.o(.text)
    TIM_TIxExternalClockConfig               0x08003dbb   Thumb Code    62  stm32f10x_tim.o(.text)
    TIM_ETRConfig                            0x08003df9   Thumb Code    28  stm32f10x_tim.o(.text)
    TIM_ETRClockMode1Config                  0x08003e15   Thumb Code    54  stm32f10x_tim.o(.text)
    TIM_ETRClockMode2Config                  0x08003e4b   Thumb Code    32  stm32f10x_tim.o(.text)
    TIM_PrescalerConfig                      0x08003e6b   Thumb Code     6  stm32f10x_tim.o(.text)
    TIM_CounterModeConfig                    0x08003e71   Thumb Code    18  stm32f10x_tim.o(.text)
    TIM_EncoderInterfaceConfig               0x08003e83   Thumb Code    66  stm32f10x_tim.o(.text)
    TIM_ForcedOC1Config                      0x08003ec5   Thumb Code    18  stm32f10x_tim.o(.text)
    TIM_ForcedOC2Config                      0x08003ed7   Thumb Code    26  stm32f10x_tim.o(.text)
    TIM_ForcedOC3Config                      0x08003ef1   Thumb Code    18  stm32f10x_tim.o(.text)
    TIM_ForcedOC4Config                      0x08003f03   Thumb Code    26  stm32f10x_tim.o(.text)
    TIM_ARRPreloadConfig                     0x08003f1d   Thumb Code    24  stm32f10x_tim.o(.text)
    TIM_SelectCOM                            0x08003f35   Thumb Code    24  stm32f10x_tim.o(.text)
    TIM_SelectCCDMA                          0x08003f4d   Thumb Code    24  stm32f10x_tim.o(.text)
    TIM_CCPreloadControl                     0x08003f65   Thumb Code    24  stm32f10x_tim.o(.text)
    TIM_OC1PreloadConfig                     0x08003f7d   Thumb Code    18  stm32f10x_tim.o(.text)
    TIM_OC2PreloadConfig                     0x08003f8f   Thumb Code    26  stm32f10x_tim.o(.text)
    TIM_OC3PreloadConfig                     0x08003fa9   Thumb Code    18  stm32f10x_tim.o(.text)
    TIM_OC4PreloadConfig                     0x08003fbb   Thumb Code    26  stm32f10x_tim.o(.text)
    TIM_OC1FastConfig                        0x08003fd5   Thumb Code    18  stm32f10x_tim.o(.text)
    TIM_OC2FastConfig                        0x08003fe7   Thumb Code    26  stm32f10x_tim.o(.text)
    TIM_OC3FastConfig                        0x08004001   Thumb Code    18  stm32f10x_tim.o(.text)
    TIM_OC4FastConfig                        0x08004013   Thumb Code    26  stm32f10x_tim.o(.text)
    TIM_ClearOC1Ref                          0x0800402d   Thumb Code    18  stm32f10x_tim.o(.text)
    TIM_ClearOC2Ref                          0x0800403f   Thumb Code    24  stm32f10x_tim.o(.text)
    TIM_ClearOC3Ref                          0x08004057   Thumb Code    18  stm32f10x_tim.o(.text)
    TIM_ClearOC4Ref                          0x08004069   Thumb Code    24  stm32f10x_tim.o(.text)
    TIM_OC1PolarityConfig                    0x08004081   Thumb Code    18  stm32f10x_tim.o(.text)
    TIM_OC1NPolarityConfig                   0x08004093   Thumb Code    18  stm32f10x_tim.o(.text)
    TIM_OC2PolarityConfig                    0x080040a5   Thumb Code    26  stm32f10x_tim.o(.text)
    TIM_OC2NPolarityConfig                   0x080040bf   Thumb Code    26  stm32f10x_tim.o(.text)
    TIM_OC3PolarityConfig                    0x080040d9   Thumb Code    26  stm32f10x_tim.o(.text)
    TIM_OC3NPolarityConfig                   0x080040f3   Thumb Code    26  stm32f10x_tim.o(.text)
    TIM_OC4PolarityConfig                    0x0800410d   Thumb Code    26  stm32f10x_tim.o(.text)
    TIM_CCxCmd                               0x08004127   Thumb Code    30  stm32f10x_tim.o(.text)
    TIM_CCxNCmd                              0x08004145   Thumb Code    30  stm32f10x_tim.o(.text)
    TIM_SelectOCxM                           0x08004163   Thumb Code    82  stm32f10x_tim.o(.text)
    TIM_UpdateDisableConfig                  0x080041b5   Thumb Code    24  stm32f10x_tim.o(.text)
    TIM_UpdateRequestConfig                  0x080041cd   Thumb Code    24  stm32f10x_tim.o(.text)
    TIM_SelectHallSensor                     0x080041e5   Thumb Code    24  stm32f10x_tim.o(.text)
    TIM_SelectOnePulseMode                   0x080041fd   Thumb Code    18  stm32f10x_tim.o(.text)
    TIM_SelectOutputTrigger                  0x0800420f   Thumb Code    18  stm32f10x_tim.o(.text)
    TIM_SelectSlaveMode                      0x08004221   Thumb Code    18  stm32f10x_tim.o(.text)
    TIM_SelectMasterSlaveMode                0x08004233   Thumb Code    18  stm32f10x_tim.o(.text)
    TIM_SetCounter                           0x08004245   Thumb Code     4  stm32f10x_tim.o(.text)
    TIM_SetAutoreload                        0x08004249   Thumb Code     4  stm32f10x_tim.o(.text)
    TIM_SetCompare1                          0x0800424d   Thumb Code     4  stm32f10x_tim.o(.text)
    TIM_SetCompare2                          0x08004251   Thumb Code     4  stm32f10x_tim.o(.text)
    TIM_SetCompare3                          0x08004255   Thumb Code     4  stm32f10x_tim.o(.text)
    TIM_SetCompare4                          0x08004259   Thumb Code     6  stm32f10x_tim.o(.text)
    TIM_SetClockDivision                     0x0800425f   Thumb Code    18  stm32f10x_tim.o(.text)
    TIM_GetCapture1                          0x08004271   Thumb Code     6  stm32f10x_tim.o(.text)
    TIM_GetCapture2                          0x08004277   Thumb Code     6  stm32f10x_tim.o(.text)
    TIM_GetCapture3                          0x0800427d   Thumb Code     6  stm32f10x_tim.o(.text)
    TIM_GetCapture4                          0x08004283   Thumb Code     8  stm32f10x_tim.o(.text)
    TIM_GetCounter                           0x0800428b   Thumb Code     6  stm32f10x_tim.o(.text)
    TIM_GetPrescaler                         0x08004291   Thumb Code     6  stm32f10x_tim.o(.text)
    TIM_GetFlagStatus                        0x08004297   Thumb Code    18  stm32f10x_tim.o(.text)
    TIM_ClearFlag                            0x080042a9   Thumb Code     6  stm32f10x_tim.o(.text)
    TIM_GetITStatus                          0x080042af   Thumb Code    34  stm32f10x_tim.o(.text)
    TIM_ClearITPendingBit                    0x080042d1   Thumb Code     6  stm32f10x_tim.o(.text)
    __aeabi_memset                           0x080042d7   Thumb Code    14  memseta.o(.text)
    __aeabi_memset4                          0x080042d7   Thumb Code     0  memseta.o(.text)
    __aeabi_memset8                          0x080042d7   Thumb Code     0  memseta.o(.text)
    __aeabi_memclr                           0x080042e5   Thumb Code     4  memseta.o(.text)
    __aeabi_memclr4                          0x080042e5   Thumb Code     0  memseta.o(.text)
    __aeabi_memclr8                          0x080042e5   Thumb Code     0  memseta.o(.text)
    _memset$wrapper                          0x080042e9   Thumb Code    18  memseta.o(.text)
    __aeabi_fmul                             0x080042fb   Thumb Code   100  fmul.o(.text)
    __aeabi_dmul                             0x0800435f   Thumb Code   228  dmul.o(.text)
    __aeabi_ddiv                             0x08004443   Thumb Code   222  ddiv.o(.text)
    __aeabi_ui2f                             0x08004521   Thumb Code    10  ffltui.o(.text)
    __aeabi_ui2d                             0x0800452b   Thumb Code    26  dfltui.o(.text)
    __aeabi_f2uiz                            0x08004545   Thumb Code    40  ffixui.o(.text)
    __aeabi_f2d                              0x0800456d   Thumb Code    38  f2d.o(.text)
    __aeabi_cdcmpeq                          0x08004595   Thumb Code     0  cdcmple.o(.text)
    __aeabi_cdcmple                          0x08004595   Thumb Code    48  cdcmple.o(.text)
    __aeabi_cdrcmple                         0x080045c5   Thumb Code    48  cdrcmple.o(.text)
    __aeabi_d2f                              0x080045f5   Thumb Code    56  d2f.o(.text)
    __aeabi_uidiv                            0x0800462d   Thumb Code     0  uidiv.o(.text)
    __aeabi_uidivmod                         0x0800462d   Thumb Code    44  uidiv.o(.text)
    __aeabi_uldivmod                         0x08004659   Thumb Code    98  uldiv.o(.text)
    __I$use$fp                               0x080046bb   Thumb Code     0  iusefp.o(.text)
    _float_round                             0x080046bb   Thumb Code    18  fepilogue.o(.text)
    _float_epilogue                          0x080046cd   Thumb Code    92  fepilogue.o(.text)
    _double_round                            0x08004729   Thumb Code    30  depilogue.o(.text)
    _double_epilogue                         0x08004747   Thumb Code   156  depilogue.o(.text)
    __aeabi_dadd                             0x080047e3   Thumb Code   322  dadd.o(.text)
    __aeabi_dsub                             0x08004925   Thumb Code     6  dadd.o(.text)
    __aeabi_drsub                            0x0800492b   Thumb Code     6  dadd.o(.text)
    __aeabi_d2ulz                            0x08004931   Thumb Code    48  dfixul.o(.text)
    __scatterload                            0x08004961   Thumb Code    28  init.o(.text)
    __scatterload_rt2                        0x08004961   Thumb Code     0  init.o(.text)
    __aeabi_llsl                             0x08004985   Thumb Code    30  llshl.o(.text)
    _ll_shift_l                              0x08004985   Thumb Code     0  llshl.o(.text)
    __aeabi_llsr                             0x080049a3   Thumb Code    32  llushr.o(.text)
    _ll_ushift_r                             0x080049a3   Thumb Code     0  llushr.o(.text)
    __aeabi_lasr                             0x080049c3   Thumb Code    36  llsshr.o(.text)
    _ll_sshift_r                             0x080049c3   Thumb Code     0  llsshr.o(.text)
    __0printf                                0x080049e9   Thumb Code    22  printfa.o(i.__0printf)
    __1printf                                0x080049e9   Thumb Code     0  printfa.o(i.__0printf)
    __2printf                                0x080049e9   Thumb Code     0  printfa.o(i.__0printf)
    __c89printf                              0x080049e9   Thumb Code     0  printfa.o(i.__0printf)
    printf                                   0x080049e9   Thumb Code     0  printfa.o(i.__0printf)
    __scatterload_copy                       0x08004a09   Thumb Code    14  handlers.o(i.__scatterload_copy)
    __scatterload_null                       0x08004a17   Thumb Code     2  handlers.o(i.__scatterload_null)
    __scatterload_zeroinit                   0x08004a19   Thumb Code    14  handlers.o(i.__scatterload_zeroinit)
    Region$$Table$$Base                      0x080052bc   Number         0  anon$$obj.o(Region$$Table)
    Region$$Table$$Limit                     0x080052dc   Number         0  anon$$obj.o(Region$$Table)
    white_flag                               0x20000001   Data           1  main.o(.data)
    SystemCoreClock                          0x20000004   Data           4  system_stm32f10x.o(.data)
    AHBPrescTable                            0x20000008   Data          16  system_stm32f10x.o(.data)
    wifi_flag                                0x2000001c   Data           1  timer.o(.data)
    __stdout                                 0x20000028   Data           4  usart.o(.data)
    USART1_RX_STA                            0x2000002c   Data           2  usart.o(.data)
    USART2_RX_STA                            0x2000002e   Data           2  usart.o(.data)
    UART4_RX_STA                             0x20000030   Data           2  usart.o(.data)
    USART1_RX_BUF                            0x20000048   Data         200  usart.o(.bss)
    USART2_RX_BUF                            0x20000110   Data         200  usart.o(.bss)
    UART4_RX_BUF                             0x200001d8   Data         200  usart.o(.bss)
    __initial_sp                             0x200006a0   Data           0  startup_stm32f10x_hd.o(STACK)



==============================================================================

Memory Map of the image

  Image Entry point : 0x08000131

  Load Region LR_IROM1 (Base: 0x08000000, Size: 0x00005324, Max: 0x00040000, ABSOLUTE)

    Execution Region ER_IROM1 (Base: 0x08000000, Size: 0x000052dc, Max: 0x00040000, ABSOLUTE)

    Base Addr    Size         Type   Attr      Idx    E Section Name        Object

    0x08000000   0x00000130   Data   RO          324    RESET               startup_stm32f10x_hd.o
    0x08000130   0x00000000   Code   RO          424  * .ARM.Collect$$$$00000000  mc_w.l(entry.o)
    0x08000130   0x00000004   Code   RO          712    .ARM.Collect$$$$00000001  mc_w.l(entry2.o)
    0x08000134   0x00000004   Code   RO          715    .ARM.Collect$$$$00000004  mc_w.l(entry5.o)
    0x08000138   0x00000000   Code   RO          717    .ARM.Collect$$$$00000008  mc_w.l(entry7b.o)
    0x08000138   0x00000000   Code   RO          719    .ARM.Collect$$$$0000000A  mc_w.l(entry8b.o)
    0x08000138   0x00000008   Code   RO          720    .ARM.Collect$$$$0000000B  mc_w.l(entry9a.o)
    0x08000140   0x00000000   Code   RO          722    .ARM.Collect$$$$0000000D  mc_w.l(entry10a.o)
    0x08000140   0x00000000   Code   RO          724    .ARM.Collect$$$$0000000F  mc_w.l(entry11a.o)
    0x08000140   0x00000004   Code   RO          713    .ARM.Collect$$$$00002712  mc_w.l(entry2.o)
    0x08000144   0x00000f5c   Code   RO            1    .text               main.o
    0x080010a0   0x0000001a   Code   RO           99    .text               stm32f10x_it.o
    0x080010ba   0x00000002   PAD
    0x080010bc   0x000001e0   Code   RO          134    .text               system_stm32f10x.o
    0x0800129c   0x00000524   Code   RO          152    .text               rgb_led.o
    0x080017c0   0x00000080   Code   RO          165    .text               key.o
    0x08001840   0x00000068   Code   RO          178    .text               led.o
    0x080018a8   0x000000e8   Code   RO          190    .text               adc.o
    0x08001990   0x0000017c   Code   RO          214    .text               timer.o
    0x08001b0c   0x00000264   Code   RO          232    .text               i2c.o
    0x08001d70   0x000000b4   Code   RO          247    .text               si7021.o
    0x08001e24   0x000000d4   Code   RO          259    .text               delay.o
    0x08001ef8   0x0000000c   Code   RO          273    .text               sys.o
    0x08001f04   0x00000560   Code   RO          285    .text               usart.o
    0x08002464   0x00000024   Code   RO          325    .text               startup_stm32f10x_hd.o
    0x08002488   0x0000035c   Code   RO          329    .text               stm32f10x_gpio.o
    0x080027e4   0x000003a4   Code   RO          341    .text               stm32f10x_rcc.o
    0x08002b88   0x00000408   Code   RO          355    .text               stm32f10x_usart.o
    0x08002f90   0x000000dc   Code   RO          367    .text               misc.o
    0x0800306c   0x0000044e   Code   RO          379    .text               stm32f10x_adc.o
    0x080034ba   0x00000002   PAD
    0x080034bc   0x00000e1a   Code   RO          391    .text               stm32f10x_tim.o
    0x080042d6   0x00000024   Code   RO          427    .text               mc_w.l(memseta.o)
    0x080042fa   0x00000064   Code   RO          692    .text               mf_w.l(fmul.o)
    0x0800435e   0x000000e4   Code   RO          694    .text               mf_w.l(dmul.o)
    0x08004442   0x000000de   Code   RO          696    .text               mf_w.l(ddiv.o)
    0x08004520   0x0000000a   Code   RO          698    .text               mf_w.l(ffltui.o)
    0x0800452a   0x0000001a   Code   RO          700    .text               mf_w.l(dfltui.o)
    0x08004544   0x00000028   Code   RO          702    .text               mf_w.l(ffixui.o)
    0x0800456c   0x00000026   Code   RO          704    .text               mf_w.l(f2d.o)
    0x08004592   0x00000002   PAD
    0x08004594   0x00000030   Code   RO          706    .text               mf_w.l(cdcmple.o)
    0x080045c4   0x00000030   Code   RO          708    .text               mf_w.l(cdrcmple.o)
    0x080045f4   0x00000038   Code   RO          710    .text               mf_w.l(d2f.o)
    0x0800462c   0x0000002c   Code   RO          726    .text               mc_w.l(uidiv.o)
    0x08004658   0x00000062   Code   RO          728    .text               mc_w.l(uldiv.o)
    0x080046ba   0x00000000   Code   RO          730    .text               mc_w.l(iusefp.o)
    0x080046ba   0x0000006e   Code   RO          731    .text               mf_w.l(fepilogue.o)
    0x08004728   0x000000ba   Code   RO          733    .text               mf_w.l(depilogue.o)
    0x080047e2   0x0000014e   Code   RO          735    .text               mf_w.l(dadd.o)
    0x08004930   0x00000030   Code   RO          737    .text               mf_w.l(dfixul.o)
    0x08004960   0x00000024   Code   RO          739    .text               mc_w.l(init.o)
    0x08004984   0x0000001e   Code   RO          741    .text               mc_w.l(llshl.o)
    0x080049a2   0x00000020   Code   RO          743    .text               mc_w.l(llushr.o)
    0x080049c2   0x00000024   Code   RO          745    .text               mc_w.l(llsshr.o)
    0x080049e6   0x00000002   PAD
    0x080049e8   0x00000020   Code   RO          664    i.__0printf         mc_w.l(printfa.o)
    0x08004a08   0x0000000e   Code   RO          749    i.__scatterload_copy  mc_w.l(handlers.o)
    0x08004a16   0x00000002   Code   RO          750    i.__scatterload_null  mc_w.l(handlers.o)
    0x08004a18   0x0000000e   Code   RO          751    i.__scatterload_zeroinit  mc_w.l(handlers.o)
    0x08004a26   0x00000002   PAD
    0x08004a28   0x00000164   Code   RO          671    i._fp_digits        mc_w.l(printfa.o)
    0x08004b8c   0x000006dc   Code   RO          672    i._printf_core      mc_w.l(printfa.o)
    0x08005268   0x00000024   Code   RO          673    i._printf_post_padding  mc_w.l(printfa.o)
    0x0800528c   0x0000002e   Code   RO          674    i._printf_pre_padding  mc_w.l(printfa.o)
    0x080052ba   0x00000002   PAD
    0x080052bc   0x00000020   Data   RO          747    Region$$Table       anon$$obj.o


    Execution Region RW_IRAM1 (Base: 0x20000000, Size: 0x000006a0, Max: 0x0000c000, ABSOLUTE)

    Base Addr    Size         Type   Attr      Idx    E Section Name        Object

    0x20000000   0x00000003   Data   RW            2    .data               main.o
    0x20000003   0x00000001   PAD
    0x20000004   0x00000014   Data   RW          135    .data               system_stm32f10x.o
    0x20000018   0x00000002   Data   RW          153    .data               rgb_led.o
    0x2000001a   0x00000001   Data   RW          166    .data               key.o
    0x2000001b   0x00000001   PAD
    0x2000001c   0x00000006   Data   RW          215    .data               timer.o
    0x20000022   0x00000004   Data   RW          260    .data               delay.o
    0x20000026   0x00000002   PAD
    0x20000028   0x0000000c   Data   RW          287    .data               usart.o
    0x20000034   0x00000014   Data   RW          342    .data               stm32f10x_rcc.o
    0x20000048   0x00000258   Zero   RW          286    .bss                usart.o
    0x200002a0   0x00000400   Zero   RW          322    STACK               startup_stm32f10x_hd.o


==============================================================================

Image component sizes


      Code (inc. data)   RO Data    RW Data    ZI Data      Debug   Object Name

       232          8          0          0          0       1067   adc.o
         0          0          0          0          0         32   core_cm3.o
       212         18          0          4          0        963   delay.o
       612          6          0          0          0       1891   i2c.o
       128         12          0          1          0        688   key.o
       104          8          0          0          0        620   led.o
      3932        440          0          3          0     266772   main.o
       220         22          0          0          0       1729   misc.o
      1316         30          0          2          0       3893   rgb_led.o
       180          0          0          0          0       1279   si7021.o
        36          8        304          0       1024        756   startup_stm32f10x_hd.o
      1102         26          0          0          0      10969   stm32f10x_adc.o
       860         38          0          0          0       5661   stm32f10x_gpio.o
        26          0          0          0          0       1142   stm32f10x_it.o
       932         36          0         20          0       8800   stm32f10x_rcc.o
      3610         88          0          0          0      22768   stm32f10x_tim.o
      1032         22          0          0          0       8384   stm32f10x_usart.o
        12          0          0          0          0        413   sys.o
       480         38          0         20          0       1631   system_stm32f10x.o
       380         24          0          6          0       1506   timer.o
      1376         52          0         12        600       6265   usart.o

    ----------------------------------------------------------------------
     16786        876        336         72       1624     347229   Object Totals
         0          0         32          0          0          0   (incl. Generated)
         4          0          0          4          0          0   (incl. Padding)

    ----------------------------------------------------------------------

      Code (inc. data)   RO Data    RW Data    ZI Data      Debug   Library Member Name

         0          0          0          0          0          0   entry.o
         0          0          0          0          0          0   entry10a.o
         0          0          0          0          0          0   entry11a.o
         8          4          0          0          0          0   entry2.o
         4          0          0          0          0          0   entry5.o
         0          0          0          0          0          0   entry7b.o
         0          0          0          0          0          0   entry8b.o
         8          4          0          0          0          0   entry9a.o
        30          0          0          0          0          0   handlers.o
        36          8          0          0          0         68   init.o
         0          0          0          0          0          0   iusefp.o
        30          0          0          0          0         68   llshl.o
        36          0          0          0          0         68   llsshr.o
        32          0          0          0          0         68   llushr.o
        36          0          0          0          0        108   memseta.o
      2226         90          0          0          0        444   printfa.o
        44          0          0          0          0         80   uidiv.o
        98          0          0          0          0         92   uldiv.o
        48          0          0          0          0         68   cdcmple.o
        48          0          0          0          0         68   cdrcmple.o
        56          0          0          0          0         88   d2f.o
       334          0          0          0          0        148   dadd.o
       222          0          0          0          0        100   ddiv.o
       186          0          0          0          0        176   depilogue.o
        48          0          0          0          0         68   dfixul.o
        26          0          0          0          0         76   dfltui.o
       228          0          0          0          0         96   dmul.o
        38          0          0          0          0         68   f2d.o
       110          0          0          0          0        168   fepilogue.o
        40          0          0          0          0         68   ffixui.o
        10          0          0          0          0         68   ffltui.o
       100          0          0          0          0         76   fmul.o

    ----------------------------------------------------------------------
      4090        106          0          0          0       2332   Library Totals
         8          0          0          0          0          0   (incl. Padding)

    ----------------------------------------------------------------------

      Code (inc. data)   RO Data    RW Data    ZI Data      Debug   Library Name

      2588        106          0          0          0        996   mc_w.l
      1494          0          0          0          0       1336   mf_w.l

    ----------------------------------------------------------------------
      4090        106          0          0          0       2332   Library Totals

    ----------------------------------------------------------------------

==============================================================================


      Code (inc. data)   RO Data    RW Data    ZI Data      Debug   

     20876        982        336         72       1624     346905   Grand Totals
     20876        982        336         72       1624     346905   ELF Image Totals
     20876        982        336         72          0          0   ROM Totals

==============================================================================

    Total RO  Size (Code + RO Data)                21212 (  20.71kB)
    Total RW  Size (RW Data + ZI Data)              1696 (   1.66kB)
    Total ROM Size (Code + RO Data + RW Data)      21284 (  20.79kB)

==============================================================================

