Component: ARM Compiler 5.06 update 2 (build 183) Tool: armlink [4d35b7]

==============================================================================

Section Cross References

    main.o(.text) refers to adc.o(.text) for Get_Adc_Average
    main.o(.text) refers to ffltui.o(.text) for __aeabi_ui2f
    main.o(.text) refers to f2d.o(.text) for __aeabi_f2d
    main.o(.text) refers to dmul.o(.text) for __aeabi_dmul
    main.o(.text) refers to ddiv.o(.text) for __aeabi_ddiv
    main.o(.text) refers to d2f.o(.text) for __aeabi_d2f
    main.o(.text) refers to printfa.o(i.__0printf) for __2printf
    main.o(.text) refers to fmul.o(.text) for __aeabi_fmul
    main.o(.text) refers to ffixui.o(.text) for __aeabi_f2uiz
    main.o(.text) refers to rgb_led.o(.text) for send24_GRB
    main.o(.text) refers to stm32f10x_gpio.o(.text) for GPIO_ReadInputDataBit
    main.o(.text) refers to delay.o(.text) for delay_ms
    main.o(.text) refers to stm32f10x_usart.o(.text) for USART_ClearFlag
    main.o(.text) refers to usart.o(.text) for USART_printf
    main.o(.text) refers to stm32f10x_tim.o(.text) for TIM_ITConfig
    main.o(.text) refers to memseta.o(.text) for __aeabi_memclr
    main.o(.text) refers to si7021.o(.text) for SI7021_Read
    main.o(.text) refers to dfltui.o(.text) for __aeabi_ui2d
    main.o(.text) refers to led.o(.text) for RBG_LED_Init
    main.o(.text) refers to key.o(.text) for KEY_Init
    main.o(.text) refers to i2c.o(.text) for I2C_GPIO_Config
    main.o(.text) refers to sys.o(.text) for NVIC_Configuration
    main.o(.text) refers to usart.o(.data) for USART1_RX_STA
    main.o(.text) refers to usart.o(.bss) for USART1_RX_BUF
    main.o(.text) refers to main.o(.data) for light_test_flag
    main.o(.text) refers to timer.o(.text) for TIM4_Int_Init
    main.o(.text) refers to cdrcmple.o(.text) for __aeabi_cdrcmple
    main.o(.text) refers to cdcmple.o(.text) for __aeabi_cdcmple
    system_stm32f10x.o(.text) refers to system_stm32f10x.o(.data) for SystemCoreClock
    rgb_led.o(.text) refers to delay.o(.text) for delay_ms
    rgb_led.o(.text) refers to rgb_led.o(.data) for m
    key.o(.text) refers to stm32f10x_rcc.o(.text) for RCC_APB2PeriphClockCmd
    key.o(.text) refers to stm32f10x_gpio.o(.text) for GPIO_PinRemapConfig
    key.o(.text) refers to delay.o(.text) for delay_ms
    key.o(.text) refers to key.o(.data) for key_up
    led.o(.text) refers to stm32f10x_rcc.o(.text) for RCC_APB2PeriphClockCmd
    led.o(.text) refers to stm32f10x_gpio.o(.text) for GPIO_Init
    adc.o(.text) refers to stm32f10x_rcc.o(.text) for RCC_APB2PeriphClockCmd
    adc.o(.text) refers to stm32f10x_gpio.o(.text) for GPIO_Init
    adc.o(.text) refers to stm32f10x_adc.o(.text) for ADC_DeInit
    adc.o(.text) refers to delay.o(.text) for delay_ms
    pwm.o(.text) refers to stm32f10x_rcc.o(.text) for RCC_APB2PeriphClockCmd
    pwm.o(.text) refers to stm32f10x_gpio.o(.text) for GPIO_Init
    pwm.o(.text) refers to stm32f10x_tim.o(.text) for TIM_TimeBaseInit
    timer.o(.text) refers to stm32f10x_rcc.o(.text) for RCC_APB1PeriphClockCmd
    timer.o(.text) refers to stm32f10x_tim.o(.text) for TIM_TimeBaseInit
    timer.o(.text) refers to misc.o(.text) for NVIC_Init
    timer.o(.text) refers to rgb_led.o(.text) for send24_GRB
    timer.o(.text) refers to timer.o(.data) for delay_sec
    i2c.o(.text) refers to stm32f10x_gpio.o(.text) for GPIO_Init
    i2c.o(.text) refers to delay.o(.text) for delay_us
    si7021.o(.text) refers to i2c.o(.text) for I2C_Start
    si7021.o(.text) refers to delay.o(.text) for delay_ms
    delay.o(.text) refers to misc.o(.text) for SysTick_CLKSourceConfig
    delay.o(.text) refers to system_stm32f10x.o(.data) for SystemCoreClock
    delay.o(.text) refers to delay.o(.data) for fac_us
    sys.o(.text) refers to misc.o(.text) for NVIC_PriorityGroupConfig
    usart.o(.text) refers to stm32f10x_rcc.o(.text) for RCC_APB2PeriphClockCmd
    usart.o(.text) refers to stm32f10x_usart.o(.text) for USART_DeInit
    usart.o(.text) refers to stm32f10x_gpio.o(.text) for GPIO_Init
    usart.o(.text) refers to misc.o(.text) for NVIC_Init
    usart.o(.text) refers to usart.o(.data) for USART1_RX_STA
    usart.o(.text) refers to usart.o(.bss) for USART1_RX_BUF
    startup_stm32f10x_hd.o(RESET) refers to startup_stm32f10x_hd.o(STACK) for __initial_sp
    startup_stm32f10x_hd.o(RESET) refers to startup_stm32f10x_hd.o(.text) for Reset_Handler
    startup_stm32f10x_hd.o(RESET) refers to stm32f10x_it.o(.text) for NMI_Handler
    startup_stm32f10x_hd.o(RESET) refers to timer.o(.text) for TIM3_IRQHandler
    startup_stm32f10x_hd.o(RESET) refers to usart.o(.text) for USART1_IRQHandler
    startup_stm32f10x_hd.o(.text) refers to system_stm32f10x.o(.text) for SystemInit
    startup_stm32f10x_hd.o(.text) refers to entry.o(.ARM.Collect$$$$00000000) for __main
    stm32f10x_gpio.o(.text) refers to stm32f10x_rcc.o(.text) for RCC_APB2PeriphResetCmd
    stm32f10x_rcc.o(.text) refers to stm32f10x_rcc.o(.data) for APBAHBPrescTable
[...]
    printf0.o(i.__0printf$0) refers to usart.o(.text) for fputc
    printf0.o(i.__0printf$0) refers to usart.o(.data) for __stdout
    printf0.o(i.__0snprintf$0) refers to printf0.o(i._printf_core) for _printf_core
    printf0.o(i.__0snprintf$0) refers to printf0.o(i._snputc) for _snputc
    printf0.o(i.__0sprintf$0) refers to printf0.o(i._printf_core) for _printf_core
    printf0.o(i.__0sprintf$0) refers to printf0.o(i._sputc) for _sputc
    printf0.o(i.__0vfprintf$0) refers to printf0.o(i._printf_core) for _printf_core
    printf0.o(i.__0vfprintf$0) refers to usart.o(.text) for fputc
    printf0.o(i.__0vprintf$0) refers to printf0.o(i._printf_core) for _printf_core
    printf0.o(i.__0vprintf$0) refers to usart.o(.text) for fputc
    printf0.o(i.__0vprintf$0) refers to usart.o(.data) for __stdout
    printf0.o(i.__0vsnprintf$0) refers to printf0.o(i._printf_core) for _printf_core
    printf0.o(i.__0vsnprintf$0) refers to printf0.o(i._snputc) for _snputc
    printf0.o(i.__0vsprintf$0) refers to printf0.o(i._printf_core) for _printf_core
    printf0.o(i.__0vsprintf$0) refers to printf0.o(i._sputc) for _sputc
    printf1.o(i.__0fprintf$1) refers to printf1.o(i._printf_core) for _printf_core
    printf1.o(i.__0fprintf$1) refers to usart.o(.text) for fputc
    printf1.o(i.__0printf$1) refers to printf1.o(i._printf_core) for _printf_core
    printf1.o(i.__0printf$1) refers to usart.o(.text) for fputc
    printf1.o(i.__0printf$1) refers to usart.o(.data) for __stdout
    printf1.o(i.__0snprintf$1) refers to printf1.o(i._printf_core) for _printf_core
    printf1.o(i.__0snprintf$1) refers to printf1.o(i._snputc) for _snputc
    printf1.o(i.__0sprintf$1) refers to printf1.o(i._printf_core) for _printf_core
    printf1.o(i.__0sprintf$1) refers to printf1.o(i._sputc) for _sputc
    printf1.o(i.__0vfprintf$1) refers to printf1.o(i._printf_core) for _printf_core
    printf1.o(i.__0vfprintf$1) refers to usart.o(.text) for fputc
    printf1.o(i.__0vprintf$1) refers to printf1.o(i._printf_core) for _printf_core
    printf1.o(i.__0vprintf$1) refers to usart.o(.text) for fputc
    printf1.o(i.__0vprintf$1) refers to usart.o(.data) for __stdout
    printf1.o(i.__0vsnprintf$1) refers to printf1.o(i._printf_core) for _printf_core
    printf1.o(i.__0vsnprintf$1) refers to printf1.o(i._snputc) for _snputc
    printf1.o(i.__0vsprintf$1) refers to printf1.o(i._printf_core) for _printf_core
    printf1.o(i.__0vsprintf$1) refers to printf1.o(i._sputc) for _sputc
    printf1.o(i._printf_core) refers to uidiv.o(.text) for __aeabi_uidivmod
    printf2.o(i.__0fprintf$2) refers to printf2.o(i._printf_core) for _printf_core
    printf2.o(i.__0fprintf$2) refers to usart.o(.text) for fputc
    printf2.o(i.__0printf$2) refers to printf2.o(i._printf_core) for _printf_core
    printf2.o(i.__0printf$2) refers to usart.o(.text) for fputc
    printf2.o(i.__0printf$2) refers to usart.o(.data) for __stdout
    printf2.o(i.__0snprintf$2) refers to printf2.o(i._printf_core) for _printf_core
    printf2.o(i.__0snprintf$2) refers to printf2.o(i._snputc) for _snputc
    printf2.o(i.__0sprintf$2) refers to printf2.o(i._printf_core) for _printf_core
    printf2.o(i.__0sprintf$2) refers to printf2.o(i._sputc) for _sputc
    printf2.o(i.__0vfprintf$2) refers to printf2.o(i._printf_core) for _printf_core
    printf2.o(i.__0vfprintf$2) refers to usart.o(.text) for fputc
    printf2.o(i.__0vprintf$2) refers to printf2.o(i._printf_core) for _printf_core
    printf2.o(i.__0vprintf$2) refers to usart.o(.text) for fputc
    printf2.o(i.__0vprintf$2) refers to usart.o(.data) for __stdout
    printf2.o(i.__0vsnprintf$2) refers to printf2.o(i._printf_core) for _printf_core
    printf2.o(i.__0vsnprintf$2) refers to printf2.o(i._snputc) for _snputc
    printf2.o(i.__0vsprintf$2) refers to printf2.o(i._printf_core) for _printf_core
    printf2.o(i.__0vsprintf$2) refers to printf2.o(i._sputc) for _sputc
    printf3.o(i.__0fprintf$3) refers to printf3.o(i._printf_core) for _printf_core
    printf3.o(i.__0fprintf$3) refers to usart.o(.text) for fputc
    printf3.o(i.__0printf$3) refers to printf3.o(i._printf_core) for _printf_core
    printf3.o(i.__0printf$3) refers to usart.o(.text) for fputc
    printf3.o(i.__0printf$3) refers to usart.o(.data) for __stdout
    printf3.o(i.__0snprintf$3) refers to printf3.o(i._printf_core) for _printf_core
    printf3.o(i.__0snprintf$3) refers to printf3.o(i._snputc) for _snputc
    printf3.o(i.__0sprintf$3) refers to printf3.o(i._printf_core) for _printf_core
    printf3.o(i.__0sprintf$3) refers to printf3.o(i._sputc) for _sputc
    printf3.o(i.__0vfprintf$3) refers to printf3.o(i._printf_core) for _printf_core
    printf3.o(i.__0vfprintf$3) refers to usart.o(.text) for fputc
    printf3.o(i.__0vprintf$3) refers to printf3.o(i._printf_core) for _printf_core
    printf3.o(i.__0vprintf$3) refers to usart.o(.text) for fputc
    printf3.o(i.__0vprintf$3) refers to usart.o(.data) for __stdout
    printf3.o(i.__0vsnprintf$3) refers to printf3.o(i._printf_core) for _printf_core
    printf3.o(i.__0vsnprintf$3) refers to printf3.o(i._snputc) for _snputc
    printf3.o(i.__0vsprintf$3) refers to printf3.o(i._printf_core) for _printf_core
    printf3.o(i.__0vsprintf$3) refers to printf3.o(i._sputc) for _sputc
    printf3.o(i._printf_core) refers to uidiv.o(.text) for __aeabi_uidivmod
    printf4.o(i.__0fprintf$4) refers to printf4.o(i._printf_core) for _printf_core
    printf4.o(i.__0fprintf$4) refers to usart.o(.text) for fputc
    printf4.o(i.__0printf$4) refers to printf4.o(i._printf_core) for _printf_core
    printf4.o(i.__0printf$4) refers to usart.o(.text) for fputc
    printf4.o(i.__0printf$4) refers to usart.o(.data) for __stdout
    printf4.o(i.__0snprintf$4) refers to printf4.o(i._printf_core) for _printf_core
    printf4.o(i.__0snprintf$4) refers to printf4.o(i._snputc) for _snputc
    printf4.o(i.__0sprintf$4) refers to printf4.o(i._printf_core) for _printf_core
    printf4.o(i.__0sprintf$4) refers to printf4.o(i._sputc) for _sputc
    printf4.o(i.__0vfprintf$4) refers to printf4.o(i._printf_core) for _printf_core
    printf4.o(i.__0vfprintf$4) refers to usart.o(.text) for fputc
    printf4.o(i.__0vprintf$4) refers to printf4.o(i._printf_core) for _printf_core
    printf4.o(i.__0vprintf$4) refers to usart.o(.text) for fputc
    printf4.o(i.__0vprintf$4) refers to usart.o(.data) for __stdout
    printf4.o(i.__0vsnprintf$4) refers to printf4.o(i._printf_core) for _printf_core
    printf4.o(i.__0vsnprintf$4) refers to printf4.o(i._snputc) for _snputc
    printf4.o(i.__0vsprintf$4) refers to printf4.o(i._printf_core) for _printf_core
    printf4.o(i.__0vsprintf$4) refers to printf4.o(i._sputc) for _sputc
    printf4.o(i._printf_core) refers to uldiv.o(.text) for __aeabi_uldivmod
    printf5.o(i.__0fprintf$5) refers to printf5.o(i._printf_core) for _printf_core
    printf5.o(i.__0fprintf$5) refers to usart.o(.text) for fputc
    printf5.o(i.__0printf$5) refers to printf5.o(i._printf_core) for _printf_core
    printf5.o(i.__0printf$5) refers to usart.o(.text) for fputc
    printf5.o(i.__0printf$5) refers to usart.o(.data) for __stdout
    printf5.o(i.__0snprintf$5) refers to printf5.o(i._printf_core) for _printf_core
    printf5.o(i.__0snprintf$5) refers to printf5.o(i._snputc) for _snputc
    printf5.o(i.__0sprintf$5) refers to printf5.o(i._printf_core) for _printf_core
    printf5.o(i.__0sprintf$5) refers to printf5.o(i._sputc) for _sputc
    printf5.o(i.__0vfprintf$5) refers to printf5.o(i._printf_core) for _printf_core
    printf5.o(i.__0vfprintf$5) refers to usart.o(.text) for fputc
    printf5.o(i.__0vprintf$5) refers to printf5.o(i._printf_core) for _printf_core
    printf5.o(i.__0vprintf$5) refers to usart.o(.text) for fputc
    printf5.o(i.__0vprintf$5) refers to usart.o(.data) for __stdout
    printf5.o(i.__0vsnprintf$5) refers to printf5.o(i._printf_core) for _printf_core
    printf5.o(i.__0vsnprintf$5) refers to printf5.o(i._snputc) for _snputc
    printf5.o(i.__0vsprintf$5) refers to printf5.o(i._printf_core) for _printf_core
    printf5.o(i.__0vsprintf$5) refers to printf5.o(i._sputc) for _sputc
    printf5.o(i._printf_core) refers to uldiv.o(.text) for __aeabi_uldivmod
    printf6.o(i.__0fprintf$6) refers to printf6.o(i._printf_core) for _printf_core
    printf6.o(i.__0fprintf$6) refers to usart.o(.text) for fputc
    printf6.o(i.__0printf$6) refers to printf6.o(i._printf_core) for _printf_core
    printf6.o(i.__0printf$6) refers to usart.o(.text) for fputc
    printf6.o(i.__0printf$6) refers to usart.o(.data) for __stdout
    printf6.o(i.__0snprintf$6) refers to printf6.o(i._printf_core) for _printf_core
    printf6.o(i.__0snprintf$6) refers to printf6.o(i._snputc) for _snputc
    printf6.o(i.__0sprintf$6) refers to printf6.o(i._printf_core) for _printf_core
    printf6.o(i.__0sprintf$6) refers to printf6.o(i._sputc) for _sputc
    printf6.o(i.__0vfprintf$6) refers to printf6.o(i._printf_core) for _printf_core
    printf6.o(i.__0vfprintf$6) refers to usart.o(.text) for fputc
    printf6.o(i.__0vprintf$6) refers to printf6.o(i._printf_core) for _printf_core
    printf6.o(i.__0vprintf$6) refers to usart.o(.text) for fputc
    printf6.o(i.__0vprintf$6) refers to usart.o(.data) for __stdout
    printf6.o(i.__0vsnprintf$6) refers to printf6.o(i._printf_core) for _printf_core
    printf6.o(i.__0vsnprintf$6) refers to printf6.o(i._snputc) for _snputc
    printf6.o(i.__0vsprintf$6) refers to printf6.o(i._printf_core) for _printf_core
    printf6.o(i.__0vsprintf$6) refers to printf6.o(i._sputc) for _sputc
    printf6.o(i._printf_core) refers to printf6.o(i._printf_pre_padding) for _printf_pre_padding
    printf6.o(i._printf_core) refers to uidiv.o(.text) for __aeabi_uidivmod
    printf6.o(i._printf_core) refers to printf6.o(i._printf_post_padding) for _printf_post_padding
    printf7.o(i.__0fprintf$7) refers to printf7.o(i._printf_core) for _printf_core
    printf7.o(i.__0fprintf$7) refers to usart.o(.text) for fputc
    printf7.o(i.__0printf$7) refers to printf7.o(i._printf_core) for _printf_core
    printf7.o(i.__0printf$7) refers to usart.o(.text) for fputc
    printf7.o(i.__0printf$7) refers to usart.o(.data) for __stdout
    printf7.o(i.__0snprintf$7) refers to printf7.o(i._printf_core) for _printf_core
    printf7.o(i.__0snprintf$7) refers to printf7.o(i._snputc) for _snputc
    printf7.o(i.__0sprintf$7) refers to printf7.o(i._printf_core) for _printf_core
    printf7.o(i.__0sprintf$7) refers to printf7.o(i._sputc) for _sputc
    printf7.o(i.__0vfprintf$7) refers to printf7.o(i._printf_core) for _printf_core
    printf7.o(i.__0vfprintf$7) refers to usart.o(.text) for fputc
    printf7.o(i.__0vprintf$7) refers to printf7.o(i._printf_core) for _printf_core
    printf7.o(i.__0vprintf$7) refers to usart.o(.text) for fputc
    printf7.o(i.__0vprintf$7) refers to usart.o(.data) for __stdout
    printf7.o(i.__0vsnprintf$7) refers to printf7.o(i._printf_core) for _printf_core
    printf7.o(i.__0vsnprintf$7) refers to printf7.o(i._snputc) for _snputc
    printf7.o(i.__0vsprintf$7) refers to printf7.o(i._printf_core) for _printf_core
    printf7.o(i.__0vsprintf$7) refers to printf7.o(i._sputc) for _sputc
    printf7.o(i._printf_core) refers to printf7.o(i._printf_pre_padding) for _printf_pre_padding
    printf7.o(i._printf_core) refers to uldiv.o(.text) for __aeabi_uldivmod
    printf7.o(i._printf_core) refers to printf7.o(i._printf_post_padding) for _printf_post_padding
    printf8.o(i.__0fprintf$8) refers to printf8.o(i._printf_core) for _printf_core
    printf8.o(i.__0fprintf$8) refers to usart.o(.text) for fputc
    printf8.o(i.__0printf$8) refers to printf8.o(i._printf_core) for _printf_core
    printf8.o(i.__0printf$8) refers to usart.o(.text) for fputc
    printf8.o(i.__0printf$8) refers to usart.o(.data) for __stdout
    printf8.o(i.__0snprintf$8) refers to printf8.o(i._printf_core) for _printf_core
    printf8.o(i.__0snprintf$8) refers to printf8.o(i._snputc) for _snputc
    printf8.o(i.__0sprintf$8) refers to printf8.o(i._printf_core) for _printf_core
    printf8.o(i.__0sprintf$8) refers to printf8.o(i._sputc) for _sputc
    printf8.o(i.__0vfprintf$8) refers to printf8.o(i._printf_core) for _printf_core
    printf8.o(i.__0vfprintf$8) refers to usart.o(.text) for fputc
    printf8.o(i.__0vprintf$8) refers to printf8.o(i._printf_core) for _printf_core
    printf8.o(i.__0vprintf$8) refers to usart.o(.text) for fputc
    printf8.o(i.__0vprintf$8) refers to usart.o(.data) for __stdout
    printf8.o(i.__0vsnprintf$8) refers to printf8.o(i._printf_core) for _printf_core
    printf8.o(i.__0vsnprintf$8) refers to printf8.o(i._snputc) for _snputc
    printf8.o(i.__0vsprintf$8) refers to printf8.o(i._printf_core) for _printf_core
    printf8.o(i.__0vsprintf$8) refers to printf8.o(i._sputc) for _sputc
    printf8.o(i._printf_core) refers to printf8.o(i._printf_pre_padding) for _printf_pre_padding
    printf8.o(i._printf_core) refers to uldiv.o(.text) for __aeabi_uldivmod
    printf8.o(i._printf_core) refers to printf8.o(i._printf_post_padding) for _printf_post_padding
    printfa.o(i.__0fprintf) refers (Special) to iusefp.o(.text) for __I$use$fp
    printfa.o(i.__0fprintf) refers to printfa.o(i._printf_core) for _printf_core
    printfa.o(i.__0fprintf) refers to usart.o(.text) for fputc
    printfa.o(i.__0printf) refers (Special) to iusefp.o(.text) for __I$use$fp
    printfa.o(i.__0printf) refers to printfa.o(i._printf_core) for _printf_core
    printfa.o(i.__0printf) refers to usart.o(.text) for fputc
    printfa.o(i.__0printf) refers to usart.o(.data) for __stdout
    printfa.o(i.__0snprintf) refers (Special) to iusefp.o(.text) for __I$use$fp
    printfa.o(i.__0snprintf) refers to printfa.o(i._printf_core) for _printf_core
    printfa.o(i.__0snprintf) refers to printfa.o(i._snputc) for _snputc
    printfa.o(i.__0sprintf) refers (Special) to iusefp.o(.text) for __I$use$fp
    printfa.o(i.__0sprintf) refers to printfa.o(i._printf_core) for _printf_core
    printfa.o(i.__0sprintf) refers to printfa.o(i._sputc) for _sputc
    printfa.o(i.__0vfprintf) refers (Special) to iusefp.o(.text) for __I$use$fp
    printfa.o(i.__0vfprintf) refers to printfa.o(i._printf_core) for _printf_core
    printfa.o(i.__0vfprintf) refers to usart.o(.text) for fputc
    printfa.o(i.__0vprintf) refers (Special) to iusefp.o(.text) for __I$use$fp
    printfa.o(i.__0vprintf) refers to printfa.o(i._printf_core) for _printf_core
    printfa.o(i.__0vprintf) refers to usart.o(.text) for fputc
    printfa.o(i.__0vprintf) refers to usart.o(.data) for __stdout
    printfa.o(i.__0vsnprintf) refers (Special) to iusefp.o(.text) for __I$use$fp
    printfa.o(i.__0vsnprintf) refers to printfa.o(i._printf_core) for _printf_core
    printfa.o(i.__0vsnprintf) refers to printfa.o(i._snputc) for _snputc
    printfa.o(i.__0vsprintf) refers (Special) to iusefp.o(.text) for __I$use$fp
    printfa.o(i.__0vsprintf) refers to printfa.o(i._printf_core) for _printf_core
    printfa.o(i.__0vsprintf) refers to printfa.o(i._sputc) for _sputc
    printfa.o(i._fp_digits) refers (Special) to iusefp.o(.text) for __I$use$fp
    printfa.o(i._fp_digits) refers to dmul.o(.text) for __aeabi_dmul
    printfa.o(i._fp_digits) refers to ddiv.o(.text) for __aeabi_ddiv
    printfa.o(i._fp_digits) refers to cdrcmple.o(.text) for __aeabi_cdrcmple
    printfa.o(i._fp_digits) refers to dadd.o(.text) for __aeabi_dadd
    printfa.o(i._fp_digits) refers to dfixul.o(.text) for __aeabi_d2ulz
    printfa.o(i._fp_digits) refers to uldiv.o(.text) for __aeabi_uldivmod
    printfa.o(i._printf_core) refers (Special) to iusefp.o(.text) for __I$use$fp
    printfa.o(i._printf_core) refers to printfa.o(i._printf_pre_padding) for _printf_pre_padding
    printfa.o(i._printf_core) refers to uldiv.o(.text) for __aeabi_uldivmod
    printfa.o(i._printf_core) refers to printfa.o(i._printf_post_padding) for _printf_post_padding
    printfa.o(i._printf_core) refers to printfa.o(i._fp_digits) for _fp_digits
    printfa.o(i._printf_core) refers to uidiv.o(.text) for __aeabi_uidivmod
    printfa.o(i._printf_post_padding) refers (Special) to iusefp.o(.text) for __I$use$fp
    printfa.o(i._printf_pre_padding) refers (Special) to iusefp.o(.text) for __I$use$fp
    printfa.o(i._snputc) refers (Special) to iusefp.o(.text) for __I$use$fp
    printfa.o(i._sputc) refers (Special) to iusefp.o(.text) for __I$use$fp
    fmul.o(.text) refers (Special) to iusefp.o(.text) for __I$use$fp
    dmul.o(.text) refers (Special) to iusefp.o(.text) for __I$use$fp
    dmul.o(.text) refers to depilogue.o(.text) for _double_epilogue
    ddiv.o(.text) refers (Special) to iusefp.o(.text) for __I$use$fp
    ddiv.o(.text) refers to depilogue.o(.text) for _double_round
    ffltui.o(.text) refers (Special) to iusefp.o(.text) for __I$use$fp
    ffltui.o(.text) refers to fepilogue.o(.text) for _float_epilogue
    dfltui.o(.text) refers (Special) to iusefp.o(.text) for __I$use$fp
    dfltui.o(.text) refers to depilogue.o(.text) for _double_epilogue
    ffixui.o(.text) refers (Special) to iusefp.o(.text) for __I$use$fp
    f2d.o(.text) refers (Special) to iusefp.o(.text) for __I$use$fp
    cdcmple.o(.text) refers (Special) to iusefp.o(.text) for __I$use$fp
    cdrcmple.o(.text) refers (Special) to iusefp.o(.text) for __I$use$fp
    d2f.o(.text) refers (Special) to iusefp.o(.text) for __I$use$fp
    d2f.o(.text) refers to fepilogue.o(.text) for _float_round
    entry2.o(.ARM.Collect$$$$00000001) refers to entry2.o(.ARM.Collect$$$$00002712) for __lit__00000000
    entry2.o(.ARM.Collect$$$$00002712) refers to startup_stm32f10x_hd.o(STACK) for __initial_sp
    entry2.o(__vectab_stack_and_reset_area) refers to startup_stm32f10x_hd.o(STACK) for __initial_sp
    entry2.o(__vectab_stack_and_reset_area) refers to entry.o(.ARM.Collect$$$$00000000) for __main
    entry5.o(.ARM.Collect$$$$00000004) refers to init.o(.text) for __scatterload
    entry9a.o(.ARM.Collect$$$$0000000B) refers to main.o(.text) for main
    entry9b.o(.ARM.Collect$$$$0000000C) refers to main.o(.text) for main
    uldiv.o(.text) refers to llushr.o(.text) for __aeabi_llsr
    uldiv.o(.text) refers to llshl.o(.text) for __aeabi_llsl
    depilogue.o(.text) refers to llshl.o(.text) for __aeabi_llsl
    depilogue.o(.text) refers to llushr.o(.text) for __aeabi_llsr
    dadd.o(.text) refers to llshl.o(.text) for __aeabi_llsl
    dadd.o(.text) refers to llsshr.o(.text) for __aeabi_lasr
    dadd.o(.text) refers to depilogue.o(.text) for _double_epilogue
    dfixul.o(.text) refers to llushr.o(.text) for __aeabi_llsr
    dfixul.o(.text) refers to llshl.o(.text) for __aeabi_llsl
    init.o(.text) refers to entry5.o(.ARM.Collect$$$$00000004) for __main_after_scatterload


==============================================================================

Removing Unused input sections from the image.

    Removing pwm.o(.text), (152 bytes).
    Removing core_cm3.o(.emb_text), (32 bytes).
    Removing startup_stm32f10x_hd.o(HEAP), (512 bytes).

3 unused section(s) (total 696 bytes) removed from the image.

==============================================================================

Image Symbol Table

    Local Symbols

    Symbol Name                              Value     Ov Type        Size  Object(Section)

    ../clib/microlib/division.c              0x00000000   Number         0  uidiv.o ABSOLUTE
    ../clib/microlib/division.c              0x00000000   Number         0  uldiv.o ABSOLUTE
    ../clib/microlib/init/entry.s            0x00000000   Number         0  entry.o ABSOLUTE
    ../clib/microlib/init/entry.s            0x00000000   Number         0  entry11a.o ABSOLUTE
    ../clib/microlib/init/entry.s            0x00000000   Number         0  entry11b.o ABSOLUTE
    ../clib/microlib/init/entry.s            0x00000000   Number         0  entry10b.o ABSOLUTE
    ../clib/microlib/init/entry.s            0x00000000   Number         0  entry10a.o ABSOLUTE
    ../clib/microlib/init/entry.s            0x00000000   Number         0  entry9b.o ABSOLUTE
    ../clib/microlib/init/entry.s            0x00000000   Number         0  entry9a.o ABSOLUTE
    ../clib/microlib/init/entry.s            0x00000000   Number         0  entry8b.o ABSOLUTE
    ../clib/microlib/init/entry.s            0x00000000   Number         0  entry8a.o ABSOLUTE
    ../clib/microlib/init/entry.s            0x00000000   Number         0  entry7b.o ABSOLUTE
    ../clib/microlib/init/entry.s            0x00000000   Number         0  entry7a.o ABSOLUTE
    ../clib/microlib/init/entry.s            0x00000000   Number         0  entry5.o ABSOLUTE
    ../clib/microlib/init/entry.s            0x00000000   Number         0  entry2.o ABSOLUTE
    ../clib/microlib/longlong.c              0x00000000   Number         0  llsshr.o ABSOLUTE
    ../clib/microlib/longlong.c              0x00000000   Number         0  llushr.o ABSOLUTE
    ../clib/microlib/longlong.c              0x00000000   Number         0  llshl.o ABSOLUTE
    ../clib/microlib/printf/printf.c         0x00000000   Number         0  printfa.o ABSOLUTE
    ../clib/microlib/printf/printf.c         0x00000000   Number         0  printf8.o ABSOLUTE
    ../clib/microlib/printf/printf.c         0x00000000   Number         0  printf7.o ABSOLUTE
    ../clib/microlib/printf/printf.c         0x00000000   Number         0  printf6.o ABSOLUTE
    ../clib/microlib/printf/printf.c         0x00000000   Number         0  printf5.o ABSOLUTE
    ../clib/microlib/printf/printf.c         0x00000000   Number         0  printfb.o ABSOLUTE
    ../clib/microlib/printf/printf.c         0x00000000   Number         0  printf0.o ABSOLUTE
    ../clib/microlib/printf/printf.c         0x00000000   Number         0  printf1.o ABSOLUTE
    ../clib/microlib/printf/printf.c         0x00000000   Number         0  printf2.o ABSOLUTE
    ../clib/microlib/printf/printf.c         0x00000000   Number         0  printf3.o ABSOLUTE
    ../clib/microlib/printf/printf.c         0x00000000   Number         0  printf4.o ABSOLUTE
    ../clib/microlib/printf/stubs.s          0x00000000   Number         0  stubs.o ABSOLUTE
    ../clib/microlib/string/memset.c         0x00000000   Number         0  memseta.o ABSOLUTE
    ../clib/microlib/stubs.s                 0x00000000   Number         0  iusefp.o ABSOLUTE
    ../clib/microlib/stubs.s                 0x00000000   Number         0  useno.o ABSOLUTE
    ../fplib/microlib/d2f.c                  0x00000000   Number         0  d2f.o ABSOLUTE
    ../fplib/microlib/f2d.c                  0x00000000   Number         0  f2d.o ABSOLUTE
    ../fplib/microlib/fpadd.c                0x00000000   Number         0  dadd.o ABSOLUTE
    ../fplib/microlib/fpdiv.c                0x00000000   Number         0  ddiv.o ABSOLUTE
    ../fplib/microlib/fpepilogue.c           0x00000000   Number         0  depilogue.o ABSOLUTE
    ../fplib/microlib/fpepilogue.c           0x00000000   Number         0  fepilogue.o ABSOLUTE
    ../fplib/microlib/fpfix.c                0x00000000   Number         0  ffixui.o ABSOLUTE
    ../fplib/microlib/fpfix.c                0x00000000   Number         0  dfixul.o ABSOLUTE
    ../fplib/microlib/fpflt.c                0x00000000   Number         0  dfltui.o ABSOLUTE
    ../fplib/microlib/fpflt.c                0x00000000   Number         0  ffltui.o ABSOLUTE
    ../fplib/microlib/fpmul.c                0x00000000   Number         0  fmul.o ABSOLUTE
    ../fplib/microlib/fpmul.c                0x00000000   Number         0  dmul.o ABSOLUTE
    ..\CORE\core_cm3.c                       0x00000000   Number         0  core_cm3.o ABSOLUTE
    ..\CORE\startup_stm32f10x_hd.s           0x00000000   Number         0  startup_stm32f10x_hd.o ABSOLUTE
    ..\HARDWARE\ADC\adc.c                    0x00000000   Number         0  adc.o ABSOLUTE
    ..\HARDWARE\LED\led.c                    0x00000000   Number         0  led.o ABSOLUTE
    ..\HARDWARE\PWM\pwm.c                    0x00000000   Number         0  pwm.o ABSOLUTE
    ..\HARDWARE\SI7021\I2C.c                 0x00000000   Number         0  i2c.o ABSOLUTE
    ..\HARDWARE\SI7021\SI7021.c              0x00000000   Number         0  si7021.o ABSOLUTE
    ..\HARDWARE\TIMER\timer.c                0x00000000   Number         0  timer.o ABSOLUTE
    ..\STM32F10x_FWLib\src\misc.c            0x00000000   Number         0  misc.o ABSOLUTE
    ..\STM32F10x_FWLib\src\stm32f10x_adc.c   0x00000000   Number         0  stm32f10x_adc.o ABSOLUTE
    ..\STM32F10x_FWLib\src\stm32f10x_gpio.c  0x00000000   Number         0  stm32f10x_gpio.o ABSOLUTE
    ..\STM32F10x_FWLib\src\stm32f10x_rcc.c   0x00000000   Number         0  stm32f10x_rcc.o ABSOLUTE
    ..\STM32F10x_FWLib\src\stm32f10x_tim.c   0x00000000   Number         0  stm32f10x_tim.o ABSOLUTE
    ..\STM32F10x_FWLib\src\stm32f10x_usart.c 0x00000000   Number         0  stm32f10x_usart.o ABSOLUTE
    ..\SYSTEM\delay\delay.c                  0x00000000   Number         0  delay.o ABSOLUTE
    ..\SYSTEM\sys\sys.c                      0x00000000   Number         0  sys.o ABSOLUTE
    ..\SYSTEM\usart\usart.c                  0x00000000   Number         0  usart.o ABSOLUTE
    ..\\CORE\\core_cm3.c                     0x00000000   Number         0  core_cm3.o ABSOLUTE
    RGB_LED.c                                0x00000000   Number         0  rgb_led.o ABSOLUTE
    cdcmple.s                                0x00000000   Number         0  cdcmple.o ABSOLUTE
    cdrcmple.s                               0x00000000   Number         0  cdrcmple.o ABSOLUTE
    dc.s                                     0x00000000   Number         0  dc.o ABSOLUTE
    handlers.s                               0x00000000   Number         0  handlers.o ABSOLUTE
    init.s                                   0x00000000   Number         0  init.o ABSOLUTE
    key.c                                    0x00000000   Number         0  key.o ABSOLUTE
    main.c                                   0x00000000   Number         0  main.o ABSOLUTE
    stm32f10x_it.c                           0x00000000   Number         0  stm32f10x_it.o ABSOLUTE
    system_stm32f10x.c                       0x00000000   Number         0  system_stm32f10x.o ABSOLUTE
    RESET                                    0x08010000   Section      304  startup_stm32f10x_hd.o(RESET)
    .ARM.Collect$$$$00000000                 0x08010130   Section        0  entry.o(.ARM.Collect$$$$00000000)
    .ARM.Collect$$$$00000001                 0x08010130   Section        4  entry2.o(.ARM.Collect$$$$00000001)
    .ARM.Collect$$$$00000004                 0x08010134   Section        4  entry5.o(.ARM.Collect$$$$00000004)
    .ARM.Collect$$$$00000008                 0x08010138   Section        0  entry7b.o(.ARM.Collect$$$$00000008)
    .ARM.Collect$$$$0000000A                 0x08010138   Section        0  entry8b.o(.ARM.Collect$$$$0000000A)
    .ARM.Collect$$$$0000000B                 0x08010138   Section        8  entry9a.o(.ARM.Collect$$$$0000000B)
    .ARM.Collect$$$$0000000D                 0x08010140   Section        0  entry10a.o(.ARM.Collect$$$$0000000D)
    .ARM.Collect$$$$0000000F                 0x08010140   Section        0  entry11a.o(.ARM.Collect$$$$0000000F)
    .ARM.Collect$$$$00002712                 0x08010140   Section        4  entry2.o(.ARM.Collect$$$$00002712)
    __lit__00000000                          0x08010140   Data           4  entry2.o(.ARM.Collect$$$$00002712)
    .text                                    0x08010144   Section        0  main.o(.text)
    .text                                    0x08011098   Section        0  stm32f10x_it.o(.text)
    .text                                    0x080110b4   Section        0  system_stm32f10x.o(.text)
    SetSysClockTo72                          0x080110b5   Thumb Code   214  system_stm32f10x.o(.text)
    SetSysClock                              0x0801118b   Thumb Code     8  system_stm32f10x.o(.text)
    .text                                    0x08011294   Section        0  rgb_led.o(.text)
    .text                                    0x080117b8   Section        0  key.o(.text)
    .text                                    0x08011838   Section        0  led.o(.text)
    .text                                    0x080118a0   Section        0  adc.o(.text)
    .text                                    0x08011988   Section        0  timer.o(.text)
    .text                                    0x08011b04   Section        0  i2c.o(.text)
    .text                                    0x08011d68   Section        0  si7021.o(.text)
    .text                                    0x08011e1c   Section        0  delay.o(.text)
    .text                                    0x08011ef0   Section        0  sys.o(.text)
    .text                                    0x08011efc   Section        0  usart.o(.text)
    itoa                                     0x080122bf   Thumb Code   152  usart.o(.text)
    .text                                    0x0801245c   Section       36  startup_stm32f10x_hd.o(.text)
    .text                                    0x08012480   Section        0  stm32f10x_gpio.o(.text)
    .text                                    0x080127dc   Section        0  stm32f10x_rcc.o(.text)
    .text                                    0x08012b80   Section        0  stm32f10x_usart.o(.text)
    .text                                    0x08012f88   Section        0  misc.o(.text)
    .text                                    0x08013064   Section        0  stm32f10x_adc.o(.text)
    .text                                    0x080134b4   Section        0  stm32f10x_tim.o(.text)
    TI4_Config                               0x0801395b   Thumb Code   130  stm32f10x_tim.o(.text)
    TI3_Config                               0x080139ef   Thumb Code   122  stm32f10x_tim.o(.text)
    TI2_Config                               0x08013a83   Thumb Code   130  stm32f10x_tim.o(.text)
    TI1_Config                               0x08013b17   Thumb Code   108  stm32f10x_tim.o(.text)
    .text                                    0x080142ce   Section        0  memseta.o(.text)
    .text                                    0x080142f2   Section        0  fmul.o(.text)
    .text                                    0x08014356   Section        0  dmul.o(.text)
    .text                                    0x0801443a   Section        0  ddiv.o(.text)
    .text                                    0x08014518   Section        0  ffltui.o(.text)
    .text                                    0x08014522   Section        0  dfltui.o(.text)
    .text                                    0x0801453c   Section        0  ffixui.o(.text)
    .text                                    0x08014564   Section        0  f2d.o(.text)
    .text                                    0x0801458c   Section       48  cdcmple.o(.text)
    .text                                    0x080145bc   Section       48  cdrcmple.o(.text)
    .text                                    0x080145ec   Section        0  d2f.o(.text)
    .text                                    0x08014624   Section        0  uidiv.o(.text)
    .text                                    0x08014650   Section        0  uldiv.o(.text)
    .text                                    0x080146b2   Section        0  fepilogue.o(.text)
    .text                                    0x080146b2   Section        0  iusefp.o(.text)
    .text                                    0x08014720   Section        0  depilogue.o(.text)
    .text                                    0x080147da   Section        0  dadd.o(.text)
    .text                                    0x08014928   Section        0  dfixul.o(.text)
    .text                                    0x08014958   Section       36  init.o(.text)
    .text                                    0x0801497c   Section        0  llshl.o(.text)
    .text                                    0x0801499a   Section        0  llushr.o(.text)
    .text                                    0x080149ba   Section        0  llsshr.o(.text)
    i.__0printf                              0x080149e0   Section        0  printfa.o(i.__0printf)
    i.__scatterload_copy                     0x08014a00   Section       14  handlers.o(i.__scatterload_copy)
    i.__scatterload_null                     0x08014a0e   Section        2  handlers.o(i.__scatterload_null)
    i.__scatterload_zeroinit                 0x08014a10   Section       14  handlers.o(i.__scatterload_zeroinit)
    i._fp_digits                             0x08014a20   Section        0  printfa.o(i._fp_digits)
    _fp_digits                               0x08014a21   Thumb Code   334  printfa.o(i._fp_digits)
    i._printf_core                           0x08014b84   Section        0  printfa.o(i._printf_core)
    _printf_core                             0x08014b85   Thumb Code  1744  printfa.o(i._printf_core)
    i._printf_post_padding                   0x08015260   Section        0  printfa.o(i._printf_post_padding)
    _printf_post_padding                     0x08015261   Thumb Code    36  printfa.o(i._printf_post_padding)
    i._printf_pre_padding                    0x08015284   Section        0  printfa.o(i._printf_pre_padding)
    _printf_pre_padding                      0x08015285   Thumb Code    46  printfa.o(i._printf_pre_padding)
    .data                                    0x20000000   Section        3  main.o(.data)
    color_i                                  0x20000000   Data           1  main.o(.data)
    light_test_flag                          0x20000002   Data           1  main.o(.data)
    .data                                    0x20000004   Section       20  system_stm32f10x.o(.data)
    .data                                    0x20000018   Section        2  rgb_led.o(.data)
    m                                        0x20000018   Data           1  rgb_led.o(.data)
    n                                        0x20000019   Data           1  rgb_led.o(.data)
    .data                                    0x2000001a   Section        1  key.o(.data)
    key_up                                   0x2000001a   Data           1  key.o(.data)
    .data                                    0x2000001c   Section        6  timer.o(.data)
    delay_sec                                0x2000001e   Data           2  timer.o(.data)
    delay_led                                0x20000020   Data           2  timer.o(.data)
    .data                                    0x20000022   Section        4  delay.o(.data)
    fac_us                                   0x20000022   Data           1  delay.o(.data)
    fac_ms                                   0x20000024   Data           2  delay.o(.data)
    .data                                    0x20000028   Section       12  usart.o(.data)
    PreFlag                                  0x20000032   Data           1  usart.o(.data)
    PreFlag                                  0x20000033   Data           1  usart.o(.data)
    .data                                    0x20000034   Section       20  stm32f10x_rcc.o(.data)
    APBAHBPrescTable                         0x20000034   Data          16  stm32f10x_rcc.o(.data)
    ADCPrescTable                            0x20000044   Data           4  stm32f10x_rcc.o(.data)
    .bss                                     0x20000048   Section      600  usart.o(.bss)
    STACK                                    0x200002a0   Section     1024  startup_stm32f10x_hd.o(STACK)

    Global Symbols

    Symbol Name                              Value     Ov Type        Size  Object(Section)

    BuildAttributes$$THM_ISAv4$P$D$K$B$S$PE$A:L22UL41UL21$X:L11$S22US41US21$IEEE1$IW$USESV6$~STKCKD$USESV7$~SHL$OTIME$ROPI$EBA8$MICROLIB$REQ8$PRES8$EABIv2 0x00000000   Number         0  anon$$obj.o ABSOLUTE
    __ARM_use_no_argv                        0x00000000   Number         0  main.o ABSOLUTE
    __use_no_errno                           0x00000000   Number         0  useno.o ABSOLUTE
    __use_no_exception_handling              0x00000000   Number         0  useno.o ABSOLUTE
    __use_no_fp                              0x00000000   Number         0  useno.o ABSOLUTE
    __use_no_heap                            0x00000000   Number         0  useno.o ABSOLUTE
    __use_no_heap_region                     0x00000000   Number         0  useno.o ABSOLUTE
    __use_no_semihosting                     0x00000000   Number         0  useno.o ABSOLUTE
    __use_no_semihosting_swi                 0x00000000   Number         0  useno.o ABSOLUTE
    __use_no_signal_handling                 0x00000000   Number         0  useno.o ABSOLUTE
    _printf_a                                0x00000000   Number         0  stubs.o ABSOLUTE
    _printf_c                                0x00000000   Number         0  stubs.o ABSOLUTE
    _printf_charcount                        0x00000000   Number         0  stubs.o ABSOLUTE
    _printf_d                                0x00000000   Number         0  stubs.o ABSOLUTE
    _printf_e                                0x00000000   Number         0  stubs.o ABSOLUTE
    _printf_f                                0x00000000   Number         0  stubs.o ABSOLUTE
    _printf_flags                            0x00000000   Number         0  stubs.o ABSOLUTE
    _printf_fp_dec                           0x00000000   Number         0  stubs.o ABSOLUTE
    _printf_fp_hex                           0x00000000   Number         0  stubs.o ABSOLUTE
    _printf_g                                0x00000000   Number         0  stubs.o ABSOLUTE
    _printf_i                                0x00000000   Number         0  stubs.o ABSOLUTE
    _printf_int_dec                          0x00000000   Number         0  stubs.o ABSOLUTE
    _printf_l                                0x00000000   Number         0  stubs.o ABSOLUTE
    _printf_lc                               0x00000000   Number         0  stubs.o ABSOLUTE
    _printf_ll                               0x00000000   Number         0  stubs.o ABSOLUTE
    _printf_lld                              0x00000000   Number         0  stubs.o ABSOLUTE
    _printf_lli                              0x00000000   Number         0  stubs.o ABSOLUTE
    _printf_llo                              0x00000000   Number         0  stubs.o ABSOLUTE
    _printf_llu                              0x00000000   Number         0  stubs.o ABSOLUTE
    _printf_llx                              0x00000000   Number         0  stubs.o ABSOLUTE
    _printf_longlong_dec                     0x00000000   Number         0  stubs.o ABSOLUTE
    _printf_longlong_hex                     0x00000000   Number         0  stubs.o ABSOLUTE
    _printf_longlong_oct                     0x00000000   Number         0  stubs.o ABSOLUTE
    _printf_ls                               0x00000000   Number         0  stubs.o ABSOLUTE
    _printf_mbtowc                           0x00000000   Number         0  stubs.o ABSOLUTE
    _printf_n                                0x00000000   Number         0  stubs.o ABSOLUTE
    _printf_o                                0x00000000   Number         0  stubs.o ABSOLUTE
    _printf_p                                0x00000000   Number         0  stubs.o ABSOLUTE
    _printf_percent                          0x00000000   Number         0  stubs.o ABSOLUTE
    _printf_pre_padding                      0x00000000   Number         0  stubs.o ABSOLUTE
    _printf_return_value                     0x00000000   Number         0  stubs.o ABSOLUTE
    _printf_s                                0x00000000   Number         0  stubs.o ABSOLUTE
    _printf_sizespec                         0x00000000   Number         0  stubs.o ABSOLUTE
    _printf_str                              0x00000000   Number         0  stubs.o ABSOLUTE
    _printf_truncate_signed                  0x00000000   Number         0  stubs.o ABSOLUTE
    _printf_truncate_unsigned                0x00000000   Number         0  stubs.o ABSOLUTE
    _printf_u                                0x00000000   Number         0  stubs.o ABSOLUTE
    _printf_wc                               0x00000000   Number         0  stubs.o ABSOLUTE
    _printf_wctomb                           0x00000000   Number         0  stubs.o ABSOLUTE
    _printf_widthprec                        0x00000000   Number         0  stubs.o ABSOLUTE
    _printf_x                                0x00000000   Number         0  stubs.o ABSOLUTE
    __cpp_initialize__aeabi_                  - Undefined Weak Reference
    __cxa_finalize                            - Undefined Weak Reference
    __decompress                              - Undefined Weak Reference
    _clock_init                               - Undefined Weak Reference
    _microlib_exit                            - Undefined Weak Reference
    __Vectors_Size                           0x00000130   Number         0  startup_stm32f10x_hd.o ABSOLUTE
    __Vectors                                0x08010000   Data           4  startup_stm32f10x_hd.o(RESET)
    __Vectors_End                            0x08010130   Data           0  startup_stm32f10x_hd.o(RESET)
    __main                                   0x08010131   Thumb Code     0  entry.o(.ARM.Collect$$$$00000000)
    _main_stk                                0x08010131   Thumb Code     0  entry2.o(.ARM.Collect$$$$00000001)
    _main_scatterload                        0x08010135   Thumb Code     0  entry5.o(.ARM.Collect$$$$00000004)
    __main_after_scatterload                 0x08010139   Thumb Code     0  entry5.o(.ARM.Collect$$$$00000004)
    _main_clock                              0x08010139   Thumb Code     0  entry7b.o(.ARM.Collect$$$$00000008)
    _main_cpp_init                           0x08010139   Thumb Code     0  entry8b.o(.ARM.Collect$$$$0000000A)
    _main_init                               0x08010139   Thumb Code     0  entry9a.o(.ARM.Collect$$$$0000000B)
    __rt_final_cpp                           0x08010141   Thumb Code     0  entry10a.o(.ARM.Collect$$$$0000000D)
    __rt_final_exit                          0x08010141   Thumb Code     0  entry11a.o(.ARM.Collect$$$$0000000F)
    adc_light_process                        0x08010145   Thumb Code   132  main.o(.text)
    smart_config_key                         0x080101c9   Thumb Code    68  main.o(.text)
    huxi_white_3                             0x0801020d   Thumb Code   104  main.o(.text)
    Uart1_process                            0x08010275   Thumb Code   264  main.o(.text)
    Uart2_process                            0x0801037d   Thumb Code   356  main.o(.text)
    print_temp_humi                          0x080104e1   Thumb Code    82  main.o(.text)
    main                                     0x08010533   Thumb Code   390  main.o(.text)
    RGB_LED_shanshuo                         0x080106b9   Thumb Code   122  main.o(.text)
    LED_shanshuo                             0x08010733   Thumb Code   148  main.o(.text)
    ADC_POWER                                0x080107c7   Thumb Code   280  main.o(.text)
    huxi_white_2                             0x080108df   Thumb Code    86  main.o(.text)
    delay_white                              0x08010935   Thumb Code    44  main.o(.text)
    huxi_color                               0x08010961   Thumb Code   352  main.o(.text)
    huxi_white                               0x08010ac1   Thumb Code   560  main.o(.text)
    WIFI_AP_STA                              0x08010cf1   Thumb Code   390  main.o(.text)
    WIFI_AP_STA_yanchanghong                 0x08010e77   Thumb Code   390  main.o(.text)
    NMI_Handler                              0x08011099   Thumb Code     2  stm32f10x_it.o(.text)
    HardFault_Handler                        0x0801109b   Thumb Code     4  stm32f10x_it.o(.text)
    MemManage_Handler                        0x0801109f   Thumb Code     4  stm32f10x_it.o(.text)
    BusFault_Handler                         0x080110a3   Thumb Code     4  stm32f10x_it.o(.text)
    UsageFault_Handler                       0x080110a7   Thumb Code     4  stm32f10x_it.o(.text)
    SVC_Handler                              0x080110ab   Thumb Code     2  stm32f10x_it.o(.text)
    DebugMon_Handler                         0x080110ad   Thumb Code     2  stm32f10x_it.o(.text)
    PendSV_Handler                           0x080110af   Thumb Code     2  stm32f10x_it.o(.text)
    SysTick_Handler                          0x080110b1   Thumb Code     2  stm32f10x_it.o(.text)
    SystemInit                               0x08011193   Thumb Code    78  system_stm32f10x.o(.text)
    SystemCoreClockUpdate                    0x080111e1   Thumb Code   142  system_stm32f10x.o(.text)
    reset                                    0x08011295   Thumb Code    34  rgb_led.o(.text)
    send_bit0                                0x080112b7   Thumb Code    36  rgb_led.o(.text)
    send_bit1                                0x080112db   Thumb Code    36  rgb_led.o(.text)
    send_GRB                                 0x080112ff   Thumb Code   118  rgb_led.o(.text)
    send_8G_8R_8B                            0x08011375   Thumb Code    80  rgb_led.o(.text)
    send_4G_4R_4B_1                          0x080113c5   Thumb Code   158  rgb_led.o(.text)
    send_4G_4R_4B_2                          0x08011463   Thumb Code   164  rgb_led.o(.text)
    sendi_GRB                                0x08011507   Thumb Code    48  rgb_led.o(.text)
    send24_GRB                               0x08011537   Thumb Code    48  rgb_led.o(.text)
    send_circle                              0x08011567   Thumb Code   144  rgb_led.o(.text)
    send_semicircle                          0x080115f7   Thumb Code   262  rgb_led.o(.text)
    double_GRB                               0x080116fd   Thumb Code    34  rgb_led.o(.text)
    send_Green                               0x0801171f   Thumb Code    36  rgb_led.o(.text)
    send_Red                                 0x08011743   Thumb Code    52  rgb_led.o(.text)
    send_Blue                                0x08011777   Thumb Code    52  rgb_led.o(.text)
    KEY_Init                                 0x080117b9   Thumb Code    40  key.o(.text)
    KEY_Scan                                 0x080117e1   Thumb Code    76  key.o(.text)
    RBG_LED_Init                             0x08011839   Thumb Code    46  led.o(.text)
    STA_LED_Init                             0x08011867   Thumb Code    50  led.o(.text)
    Adc_Init                                 0x080118a1   Thumb Code   132  adc.o(.text)
    Get_Adc                                  0x08011925   Thumb Code    46  adc.o(.text)
    Get_Adc_Average                          0x08011953   Thumb Code    46  adc.o(.text)
    TIM3_Int_Init                            0x08011989   Thumb Code    80  timer.o(.text)
    TIM4_Int_Init                            0x080119d9   Thumb Code    82  timer.o(.text)
    TIM4_IRQHandler                          0x08011a2b   Thumb Code    98  timer.o(.text)
    TIM3_IRQHandler                          0x08011a8d   Thumb Code    96  timer.o(.text)
    I2C_GPIO_Config                          0x08011b05   Thumb Code    60  i2c.o(.text)
    I2C_Start                                0x08011b41   Thumb Code    62  i2c.o(.text)
    I2C_Stop                                 0x08011b7f   Thumb Code    58  i2c.o(.text)
    I2C_Wait_Ack                             0x08011bb9   Thumb Code    92  i2c.o(.text)
    I2C_Ack                                  0x08011c15   Thumb Code    64  i2c.o(.text)
    I2C_NAck                                 0x08011c55   Thumb Code    64  i2c.o(.text)
    I2C_Send_Byte                            0x08011c95   Thumb Code   104  i2c.o(.text)
    I2C_Read_Byte                            0x08011cfd   Thumb Code   102  i2c.o(.text)
    SI7021_Read_Data                         0x08011d69   Thumb Code   104  si7021.o(.text)
    SI7021_Read                              0x08011dd1   Thumb Code    76  si7021.o(.text)
    delay_init                               0x08011e1d   Thumb Code    50  delay.o(.text)
    delay_us                                 0x08011e4f   Thumb Code    72  delay.o(.text)
    delay_ms                                 0x08011e97   Thumb Code    72  delay.o(.text)
    NVIC_Configuration                       0x08011ef1   Thumb Code    12  sys.o(.text)
    _sys_exit                                0x08011efd   Thumb Code     6  usart.o(.text)
    fputc                                    0x08011f03   Thumb Code    24  usart.o(.text)
    uart1_init                               0x08011f1b   Thumb Code   158  usart.o(.text)
    USART1_IRQHandler                        0x08011fb9   Thumb Code   122  usart.o(.text)
    uart2_init                               0x08012033   Thumb Code   162  usart.o(.text)
    USART2_IRQHandler                        0x080120d5   Thumb Code   162  usart.o(.text)
    uart4_init                               0x08012177   Thumb Code   166  usart.o(.text)
    UART4_IRQHandler                         0x0801221d   Thumb Code   162  usart.o(.text)
    USART_printf                             0x08012357   Thumb Code   262  usart.o(.text)
    Reset_Handler                            0x0801245d   Thumb Code     8  startup_stm32f10x_hd.o(.text)
    ADC1_2_IRQHandler                        0x08012477   Thumb Code     0  startup_stm32f10x_hd.o(.text)
    ADC3_IRQHandler                          0x08012477   Thumb Code     0  startup_stm32f10x_hd.o(.text)
    CAN1_RX1_IRQHandler                      0x08012477   Thumb Code     0  startup_stm32f10x_hd.o(.text)
    CAN1_SCE_IRQHandler                      0x08012477   Thumb Code     0  startup_stm32f10x_hd.o(.text)
    DMA1_Channel1_IRQHandler                 0x08012477   Thumb Code     0  startup_stm32f10x_hd.o(.text)
    DMA1_Channel2_IRQHandler                 0x08012477   Thumb Code     0  startup_stm32f10x_hd.o(.text)
    DMA1_Channel3_IRQHandler                 0x08012477   Thumb Code     0  startup_stm32f10x_hd.o(.text)
    DMA1_Channel4_IRQHandler                 0x08012477   Thumb Code     0  startup_stm32f10x_hd.o(.text)
    DMA1_Channel5_IRQHandler                 0x08012477   Thumb Code     0  startup_stm32f10x_hd.o(.text)
    DMA1_Channel6_IRQHandler                 0x08012477   Thumb Code     0  startup_stm32f10x_hd.o(.text)
    DMA1_Channel7_IRQHandler                 0x08012477   Thumb Code     0  startup_stm32f10x_hd.o(.text)
    DMA2_Channel1_IRQHandler                 0x08012477   Thumb Code     0  startup_stm32f10x_hd.o(.text)
    DMA2_Channel2_IRQHandler                 0x08012477   Thumb Code     0  startup_stm32f10x_hd.o(.text)
    DMA2_Channel3_IRQHandler                 0x08012477   Thumb Code     0  startup_stm32f10x_hd.o(.text)
    DMA2_Channel4_5_IRQHandler               0x08012477   Thumb Code     0  startup_stm32f10x_hd.o(.text)
    EXTI0_IRQHandler                         0x08012477   Thumb Code     0  startup_stm32f10x_hd.o(.text)
    EXTI15_10_IRQHandler                     0x08012477   Thumb Code     0  startup_stm32f10x_hd.o(.text)
    EXTI1_IRQHandler                         0x08012477   Thumb Code     0  startup_stm32f10x_hd.o(.text)
    EXTI2_IRQHandler                         0x08012477   Thumb Code     0  startup_stm32f10x_hd.o(.text)
    EXTI3_IRQHandler                         0x08012477   Thumb Code     0  startup_stm32f10x_hd.o(.text)
    EXTI4_IRQHandler                         0x08012477   Thumb Code     0  startup_stm32f10x_hd.o(.text)
    EXTI9_5_IRQHandler                       0x08012477   Thumb Code     0  startup_stm32f10x_hd.o(.text)
    FLASH_IRQHandler                         0x08012477   Thumb Code     0  startup_stm32f10x_hd.o(.text)
    FSMC_IRQHandler                          0x08012477   Thumb Code     0  startup_stm32f10x_hd.o(.text)
    I2C1_ER_IRQHandler                       0x08012477   Thumb Code     0  startup_stm32f10x_hd.o(.text)
    I2C1_EV_IRQHandler                       0x08012477   Thumb Code     0  startup_stm32f10x_hd.o(.text)
    I2C2_ER_IRQHandler                       0x08012477   Thumb Code     0  startup_stm32f10x_hd.o(.text)
    I2C2_EV_IRQHandler                       0x08012477   Thumb Code     0  startup_stm32f10x_hd.o(.text)
    PVD_IRQHandler                           0x08012477   Thumb Code     0  startup_stm32f10x_hd.o(.text)
    RCC_IRQHandler                           0x08012477   Thumb Code     0  startup_stm32f10x_hd.o(.text)
    RTCAlarm_IRQHandler                      0x08012477   Thumb Code     0  startup_stm32f10x_hd.o(.text)
    RTC_IRQHandler                           0x08012477   Thumb Code     0  startup_stm32f10x_hd.o(.text)
    SDIO_IRQHandler                          0x08012477   Thumb Code     0  startup_stm32f10x_hd.o(.text)
    SPI1_IRQHandler                          0x08012477   Thumb Code     0  startup_stm32f10x_hd.o(.text)
    SPI2_IRQHandler                          0x08012477   Thumb Code     0  startup_stm32f10x_hd.o(.text)
    SPI3_IRQHandler                          0x08012477   Thumb Code     0  startup_stm32f10x_hd.o(.text)
    TAMPER_IRQHandler                        0x08012477   Thumb Code     0  startup_stm32f10x_hd.o(.text)
    TIM1_BRK_IRQHandler                      0x08012477   Thumb Code     0  startup_stm32f10x_hd.o(.text)
    TIM1_CC_IRQHandler                       0x08012477   Thumb Code     0  startup_stm32f10x_hd.o(.text)
    TIM1_TRG_COM_IRQHandler                  0x08012477   Thumb Code     0  startup_stm32f10x_hd.o(.text)
    TIM1_UP_IRQHandler                       0x08012477   Thumb Code     0  startup_stm32f10x_hd.o(.text)
    TIM2_IRQHandler                          0x08012477   Thumb Code     0  startup_stm32f10x_hd.o(.text)
    TIM5_IRQHandler                          0x08012477   Thumb Code     0  startup_stm32f10x_hd.o(.text)
    TIM6_IRQHandler                          0x08012477   Thumb Code     0  startup_stm32f10x_hd.o(.text)
    TIM7_IRQHandler                          0x08012477   Thumb Code     0  startup_stm32f10x_hd.o(.text)
    TIM8_BRK_IRQHandler                      0x08012477   Thumb Code     0  startup_stm32f10x_hd.o(.text)
    TIM8_CC_IRQHandler                       0x08012477   Thumb Code     0  startup_stm32f10x_hd.o(.text)
    TIM8_TRG_COM_IRQHandler                  0x08012477   Thumb Code     0  startup_stm32f10x_hd.o(.text)
    TIM8_UP_IRQHandler                       0x08012477   Thumb Code     0  startup_stm32f10x_hd.o(.text)
    UART5_IRQHandler                         0x08012477   Thumb Code     0  startup_stm32f10x_hd.o(.text)
    USART3_IRQHandler                        0x08012477   Thumb Code     0  startup_stm32f10x_hd.o(.text)
    USBWakeUp_IRQHandler                     0x08012477   Thumb Code     0  startup_stm32f10x_hd.o(.text)
    USB_HP_CAN1_TX_IRQHandler                0x08012477   Thumb Code     0  startup_stm32f10x_hd.o(.text)
    USB_LP_CAN1_RX0_IRQHandler               0x08012477   Thumb Code     0  startup_stm32f10x_hd.o(.text)
    WWDG_IRQHandler                          0x08012477   Thumb Code     0  startup_stm32f10x_hd.o(.text)
    GPIO_DeInit                              0x08012481   Thumb Code   172  stm32f10x_gpio.o(.text)
    GPIO_AFIODeInit                          0x0801252d   Thumb Code    20  stm32f10x_gpio.o(.text)
    GPIO_Init                                0x08012541   Thumb Code   278  stm32f10x_gpio.o(.text)
    GPIO_StructInit                          0x08012657   Thumb Code    16  stm32f10x_gpio.o(.text)
    GPIO_ReadInputDataBit                    0x08012667   Thumb Code    18  stm32f10x_gpio.o(.text)
    GPIO_ReadInputData                       0x08012679   Thumb Code     8  stm32f10x_gpio.o(.text)
    GPIO_ReadOutputDataBit                   0x08012681   Thumb Code    18  stm32f10x_gpio.o(.text)
    GPIO_ReadOutputData                      0x08012693   Thumb Code     8  stm32f10x_gpio.o(.text)
    GPIO_SetBits                             0x0801269b   Thumb Code     4  stm32f10x_gpio.o(.text)
    GPIO_ResetBits                           0x0801269f   Thumb Code     4  stm32f10x_gpio.o(.text)
    GPIO_WriteBit                            0x080126a3   Thumb Code    10  stm32f10x_gpio.o(.text)
    GPIO_Write                               0x080126ad   Thumb Code     4  stm32f10x_gpio.o(.text)
    GPIO_PinLockConfig                       0x080126b1   Thumb Code    18  stm32f10x_gpio.o(.text)
    GPIO_EventOutputConfig                   0x080126c3   Thumb Code    26  stm32f10x_gpio.o(.text)
    GPIO_EventOutputCmd                      0x080126dd   Thumb Code     6  stm32f10x_gpio.o(.text)
    GPIO_PinRemapConfig                      0x080126e3   Thumb Code   138  stm32f10x_gpio.o(.text)
    GPIO_EXTILineConfig                      0x0801276d   Thumb Code    66  stm32f10x_gpio.o(.text)
    GPIO_ETH_MediaInterfaceConfig            0x080127af   Thumb Code     8  stm32f10x_gpio.o(.text)
    RCC_DeInit                               0x080127dd   Thumb Code    64  stm32f10x_rcc.o(.text)
    RCC_HSEConfig                            0x0801281d   Thumb Code    70  stm32f10x_rcc.o(.text)
    RCC_GetFlagStatus                        0x08012863   Thumb Code    56  stm32f10x_rcc.o(.text)
    RCC_WaitForHSEStartUp                    0x0801289b   Thumb Code    56  stm32f10x_rcc.o(.text)
    RCC_AdjustHSICalibrationValue            0x080128d3   Thumb Code    20  stm32f10x_rcc.o(.text)
    RCC_HSICmd                               0x080128e7   Thumb Code     6  stm32f10x_rcc.o(.text)
    RCC_PLLConfig                            0x080128ed   Thumb Code    24  stm32f10x_rcc.o(.text)
    RCC_PLLCmd                               0x08012905   Thumb Code     6  stm32f10x_rcc.o(.text)
    RCC_SYSCLKConfig                         0x0801290b   Thumb Code    18  stm32f10x_rcc.o(.text)
    RCC_GetSYSCLKSource                      0x0801291d   Thumb Code    10  stm32f10x_rcc.o(.text)
    RCC_HCLKConfig                           0x08012927   Thumb Code    18  stm32f10x_rcc.o(.text)
    RCC_PCLK1Config                          0x08012939   Thumb Code    18  stm32f10x_rcc.o(.text)
    RCC_PCLK2Config                          0x0801294b   Thumb Code    20  stm32f10x_rcc.o(.text)
    RCC_ITConfig                             0x0801295f   Thumb Code    26  stm32f10x_rcc.o(.text)
    RCC_USBCLKConfig                         0x08012979   Thumb Code     8  stm32f10x_rcc.o(.text)
    RCC_ADCCLKConfig                         0x08012981   Thumb Code    18  stm32f10x_rcc.o(.text)
    RCC_LSEConfig                            0x08012993   Thumb Code    50  stm32f10x_rcc.o(.text)
    RCC_LSICmd                               0x080129c5   Thumb Code     6  stm32f10x_rcc.o(.text)
    RCC_RTCCLKConfig                         0x080129cb   Thumb Code    12  stm32f10x_rcc.o(.text)
    RCC_RTCCLKCmd                            0x080129d7   Thumb Code     8  stm32f10x_rcc.o(.text)
    RCC_GetClocksFreq                        0x080129df   Thumb Code   192  stm32f10x_rcc.o(.text)
    RCC_AHBPeriphClockCmd                    0x08012a9f   Thumb Code    26  stm32f10x_rcc.o(.text)
    RCC_APB2PeriphClockCmd                   0x08012ab9   Thumb Code    26  stm32f10x_rcc.o(.text)
    RCC_APB1PeriphClockCmd                   0x08012ad3   Thumb Code    26  stm32f10x_rcc.o(.text)
    RCC_APB2PeriphResetCmd                   0x08012aed   Thumb Code    26  stm32f10x_rcc.o(.text)
    RCC_APB1PeriphResetCmd                   0x08012b07   Thumb Code    26  stm32f10x_rcc.o(.text)
    RCC_BackupResetCmd                       0x08012b21   Thumb Code     8  stm32f10x_rcc.o(.text)
    RCC_ClockSecuritySystemCmd               0x08012b29   Thumb Code     6  stm32f10x_rcc.o(.text)
    RCC_MCOConfig                            0x08012b2f   Thumb Code     6  stm32f10x_rcc.o(.text)
    RCC_ClearFlag                            0x08012b35   Thumb Code    14  stm32f10x_rcc.o(.text)
    RCC_GetITStatus                          0x08012b43   Thumb Code    20  stm32f10x_rcc.o(.text)
    RCC_ClearITPendingBit                    0x08012b57   Thumb Code     6  stm32f10x_rcc.o(.text)
    USART_DeInit                             0x08012b81   Thumb Code   134  stm32f10x_usart.o(.text)
    USART_Init                               0x08012c07   Thumb Code   210  stm32f10x_usart.o(.text)
    USART_StructInit                         0x08012cd9   Thumb Code    24  stm32f10x_usart.o(.text)
    USART_ClockInit                          0x08012cf1   Thumb Code    34  stm32f10x_usart.o(.text)
    USART_ClockStructInit                    0x08012d13   Thumb Code    12  stm32f10x_usart.o(.text)
    USART_Cmd                                0x08012d1f   Thumb Code    24  stm32f10x_usart.o(.text)
    USART_ITConfig                           0x08012d37   Thumb Code    74  stm32f10x_usart.o(.text)
    USART_DMACmd                             0x08012d81   Thumb Code    18  stm32f10x_usart.o(.text)
    USART_SetAddress                         0x08012d93   Thumb Code    18  stm32f10x_usart.o(.text)
    USART_WakeUpConfig                       0x08012da5   Thumb Code    18  stm32f10x_usart.o(.text)
    USART_ReceiverWakeUpCmd                  0x08012db7   Thumb Code    24  stm32f10x_usart.o(.text)
    USART_LINBreakDetectLengthConfig         0x08012dcf   Thumb Code    18  stm32f10x_usart.o(.text)
    USART_LINCmd                             0x08012de1   Thumb Code    24  stm32f10x_usart.o(.text)
    USART_SendData                           0x08012df9   Thumb Code     8  stm32f10x_usart.o(.text)
    USART_ReceiveData                        0x08012e01   Thumb Code    10  stm32f10x_usart.o(.text)
    USART_SendBreak                          0x08012e0b   Thumb Code    10  stm32f10x_usart.o(.text)
    USART_SetGuardTime                       0x08012e15   Thumb Code    16  stm32f10x_usart.o(.text)
    USART_SetPrescaler                       0x08012e25   Thumb Code    16  stm32f10x_usart.o(.text)
    USART_SmartCardCmd                       0x08012e35   Thumb Code    24  stm32f10x_usart.o(.text)
    USART_SmartCardNACKCmd                   0x08012e4d   Thumb Code    24  stm32f10x_usart.o(.text)
    USART_HalfDuplexCmd                      0x08012e65   Thumb Code    24  stm32f10x_usart.o(.text)
    USART_OverSampling8Cmd                   0x08012e7d   Thumb Code    22  stm32f10x_usart.o(.text)
    USART_OneBitMethodCmd                    0x08012e93   Thumb Code    24  stm32f10x_usart.o(.text)
    USART_IrDAConfig                         0x08012eab   Thumb Code    18  stm32f10x_usart.o(.text)
    USART_IrDACmd                            0x08012ebd   Thumb Code    24  stm32f10x_usart.o(.text)
    USART_GetFlagStatus                      0x08012ed5   Thumb Code    26  stm32f10x_usart.o(.text)
    USART_ClearFlag                          0x08012eef   Thumb Code    18  stm32f10x_usart.o(.text)
    USART_GetITStatus                        0x08012f01   Thumb Code    84  stm32f10x_usart.o(.text)
    USART_ClearITPendingBit                  0x08012f55   Thumb Code    52  stm32f10x_usart.o(.text)
    NVIC_PriorityGroupConfig                 0x08012f89   Thumb Code    10  misc.o(.text)
    NVIC_Init                                0x08012f93   Thumb Code   100  misc.o(.text)
    NVIC_SetVectorTable                      0x08012ff7   Thumb Code    14  misc.o(.text)
    NVIC_SystemLPConfig                      0x08013005   Thumb Code    34  misc.o(.text)
    SysTick_CLKSourceConfig                  0x08013027   Thumb Code    40  misc.o(.text)
    ADC_DeInit                               0x08013065   Thumb Code    78  stm32f10x_adc.o(.text)
    ADC_Init                                 0x080130b3   Thumb Code    70  stm32f10x_adc.o(.text)
    ADC_StructInit                           0x080130f9   Thumb Code    18  stm32f10x_adc.o(.text)
    ADC_Cmd                                  0x0801310b   Thumb Code    22  stm32f10x_adc.o(.text)
    ADC_DMACmd                               0x08013121   Thumb Code    22  stm32f10x_adc.o(.text)
    ADC_ITConfig                             0x08013137   Thumb Code    24  stm32f10x_adc.o(.text)
    ADC_ResetCalibration                     0x0801314f   Thumb Code    10  stm32f10x_adc.o(.text)
    ADC_GetResetCalibrationStatus            0x08013159   Thumb Code    20  stm32f10x_adc.o(.text)
    ADC_StartCalibration                     0x0801316d   Thumb Code    10  stm32f10x_adc.o(.text)
    ADC_GetCalibrationStatus                 0x08013177   Thumb Code    20  stm32f10x_adc.o(.text)
    ADC_SoftwareStartConvCmd                 0x0801318b   Thumb Code    22  stm32f10x_adc.o(.text)
    ADC_GetSoftwareStartConvStatus           0x080131a1   Thumb Code    20  stm32f10x_adc.o(.text)
    ADC_DiscModeChannelCountConfig           0x080131b5   Thumb Code    24  stm32f10x_adc.o(.text)
    ADC_DiscModeCmd                          0x080131cd   Thumb Code    22  stm32f10x_adc.o(.text)
    ADC_RegularChannelConfig                 0x080131e3   Thumb Code   184  stm32f10x_adc.o(.text)
    ADC_ExternalTrigConvCmd                  0x0801329b   Thumb Code    22  stm32f10x_adc.o(.text)
    ADC_GetConversionValue                   0x080132b1   Thumb Code     8  stm32f10x_adc.o(.text)
    ADC_GetDualModeConversionValue           0x080132b9   Thumb Code     8  stm32f10x_adc.o(.text)
    ADC_AutoInjectedConvCmd                  0x080132c1   Thumb Code    22  stm32f10x_adc.o(.text)
    ADC_InjectedDiscModeCmd                  0x080132d7   Thumb Code    22  stm32f10x_adc.o(.text)
    ADC_ExternalTrigInjectedConvConfig       0x080132ed   Thumb Code    16  stm32f10x_adc.o(.text)
    ADC_ExternalTrigInjectedConvCmd          0x080132fd   Thumb Code    22  stm32f10x_adc.o(.text)
    ADC_SoftwareStartInjectedConvCmd         0x08013313   Thumb Code    22  stm32f10x_adc.o(.text)
    ADC_GetSoftwareStartInjectedConvCmdStatus 0x08013329   Thumb Code    20  stm32f10x_adc.o(.text)
    ADC_InjectedChannelConfig                0x0801333d   Thumb Code   130  stm32f10x_adc.o(.text)
    ADC_InjectedSequencerLengthConfig        0x080133bf   Thumb Code    24  stm32f10x_adc.o(.text)
    ADC_SetInjectedOffset                    0x080133d7   Thumb Code    20  stm32f10x_adc.o(.text)
    ADC_GetInjectedConversionValue           0x080133eb   Thumb Code    28  stm32f10x_adc.o(.text)
    ADC_AnalogWatchdogCmd                    0x08013407   Thumb Code    16  stm32f10x_adc.o(.text)
    ADC_AnalogWatchdogThresholdsConfig       0x08013417   Thumb Code     6  stm32f10x_adc.o(.text)
    ADC_AnalogWatchdogSingleChannelConfig    0x0801341d   Thumb Code    16  stm32f10x_adc.o(.text)
    ADC_TempSensorVrefintCmd                 0x0801342d   Thumb Code    64  stm32f10x_adc.o(.text)
    ADC_GetFlagStatus                        0x0801346d   Thumb Code    18  stm32f10x_adc.o(.text)
    ADC_ClearFlag                            0x0801347f   Thumb Code     6  stm32f10x_adc.o(.text)
    ADC_GetITStatus                          0x08013485   Thumb Code    36  stm32f10x_adc.o(.text)
    ADC_ClearITPendingBit                    0x080134a9   Thumb Code    10  stm32f10x_adc.o(.text)
    TIM_DeInit                               0x080134b5   Thumb Code   424  stm32f10x_tim.o(.text)
    TIM_TimeBaseInit                         0x0801365d   Thumb Code   122  stm32f10x_tim.o(.text)
    TIM_OC1Init                              0x080136d7   Thumb Code   132  stm32f10x_tim.o(.text)
    TIM_OC2Init                              0x0801375b   Thumb Code   154  stm32f10x_tim.o(.text)
    TIM_OC3Init                              0x080137f5   Thumb Code   150  stm32f10x_tim.o(.text)
    TIM_OC4Init                              0x0801388b   Thumb Code   182  stm32f10x_tim.o(.text)
    TIM_SetIC4Prescaler                      0x08013941   Thumb Code    26  stm32f10x_tim.o(.text)
    TIM_SetIC3Prescaler                      0x080139dd   Thumb Code    18  stm32f10x_tim.o(.text)
    TIM_SetIC2Prescaler                      0x08013a69   Thumb Code    26  stm32f10x_tim.o(.text)
    TIM_SetIC1Prescaler                      0x08013b05   Thumb Code    18  stm32f10x_tim.o(.text)
    TIM_ICInit                               0x08013b83   Thumb Code   150  stm32f10x_tim.o(.text)
    TIM_PWMIConfig                           0x08013c19   Thumb Code   124  stm32f10x_tim.o(.text)
    TIM_BDTRConfig                           0x08013c95   Thumb Code    32  stm32f10x_tim.o(.text)
    TIM_TimeBaseStructInit                   0x08013cb5   Thumb Code    18  stm32f10x_tim.o(.text)
    TIM_OCStructInit                         0x08013cc7   Thumb Code    20  stm32f10x_tim.o(.text)
    TIM_ICStructInit                         0x08013cdb   Thumb Code    18  stm32f10x_tim.o(.text)
    TIM_BDTRStructInit                       0x08013ced   Thumb Code    40  stm32f10x_tim.o(.text)
    TIM_Cmd                                  0x08013d15   Thumb Code    24  stm32f10x_tim.o(.text)
    TIM_CtrlPWMOutputs                       0x08013d2d   Thumb Code    30  stm32f10x_tim.o(.text)
    TIM_ITConfig                             0x08013d4b   Thumb Code    18  stm32f10x_tim.o(.text)
    TIM_GenerateEvent                        0x08013d5d   Thumb Code     4  stm32f10x_tim.o(.text)
    TIM_DMAConfig                            0x08013d61   Thumb Code    10  stm32f10x_tim.o(.text)
    TIM_DMACmd                               0x08013d6b   Thumb Code    18  stm32f10x_tim.o(.text)
    TIM_InternalClockConfig                  0x08013d7d   Thumb Code    12  stm32f10x_tim.o(.text)
    TIM_SelectInputTrigger                   0x08013d89   Thumb Code    18  stm32f10x_tim.o(.text)
    TIM_ITRxExternalClockConfig              0x08013d9b   Thumb Code    24  stm32f10x_tim.o(.text)
    TIM_TIxExternalClockConfig               0x08013db3   Thumb Code    62  stm32f10x_tim.o(.text)
    TIM_ETRConfig                            0x08013df1   Thumb Code    28  stm32f10x_tim.o(.text)
    TIM_ETRClockMode1Config                  0x08013e0d   Thumb Code    54  stm32f10x_tim.o(.text)
    TIM_ETRClockMode2Config                  0x08013e43   Thumb Code    32  stm32f10x_tim.o(.text)
    TIM_PrescalerConfig                      0x08013e63   Thumb Code     6  stm32f10x_tim.o(.text)
    TIM_CounterModeConfig                    0x08013e69   Thumb Code    18  stm32f10x_tim.o(.text)
    TIM_EncoderInterfaceConfig               0x08013e7b   Thumb Code    66  stm32f10x_tim.o(.text)
    TIM_ForcedOC1Config                      0x08013ebd   Thumb Code    18  stm32f10x_tim.o(.text)
    TIM_ForcedOC2Config                      0x08013ecf   Thumb Code    26  stm32f10x_tim.o(.text)
    TIM_ForcedOC3Config                      0x08013ee9   Thumb Code    18  stm32f10x_tim.o(.text)
    TIM_ForcedOC4Config                      0x08013efb   Thumb Code    26  stm32f10x_tim.o(.text)
    TIM_ARRPreloadConfig                     0x08013f15   Thumb Code    24  stm32f10x_tim.o(.text)
    TIM_SelectCOM                            0x08013f2d   Thumb Code    24  stm32f10x_tim.o(.text)
    TIM_SelectCCDMA                          0x08013f45   Thumb Code    24  stm32f10x_tim.o(.text)
    TIM_CCPreloadControl                     0x08013f5d   Thumb Code    24  stm32f10x_tim.o(.text)
    TIM_OC1PreloadConfig                     0x08013f75   Thumb Code    18  stm32f10x_tim.o(.text)
    TIM_OC2PreloadConfig                     0x08013f87   Thumb Code    26  stm32f10x_tim.o(.text)
    TIM_OC3PreloadConfig                     0x08013fa1   Thumb Code    18  stm32f10x_tim.o(.text)
    TIM_OC4PreloadConfig                     0x08013fb3   Thumb Code    26  stm32f10x_tim.o(.text)
    TIM_OC1FastConfig                        0x08013fcd   Thumb Code    18  stm32f10x_tim.o(.text)
    TIM_OC2FastConfig                        0x08013fdf   Thumb Code    26  stm32f10x_tim.o(.text)
    TIM_OC3FastConfig                        0x08013ff9   Thumb Code    18  stm32f10x_tim.o(.text)
    TIM_OC4FastConfig                        0x0801400b   Thumb Code    26  stm32f10x_tim.o(.text)
    TIM_ClearOC1Ref                          0x08014025   Thumb Code    18  stm32f10x_tim.o(.text)
    TIM_ClearOC2Ref                          0x08014037   Thumb Code    24  stm32f10x_tim.o(.text)
    TIM_ClearOC3Ref                          0x0801404f   Thumb Code    18  stm32f10x_tim.o(.text)
    TIM_ClearOC4Ref                          0x08014061   Thumb Code    24  stm32f10x_tim.o(.text)
    TIM_OC1PolarityConfig                    0x08014079   Thumb Code    18  stm32f10x_tim.o(.text)
    TIM_OC1NPolarityConfig                   0x0801408b   Thumb Code    18  stm32f10x_tim.o(.text)
    TIM_OC2PolarityConfig                    0x0801409d   Thumb Code    26  stm32f10x_tim.o(.text)
    TIM_OC2NPolarityConfig                   0x080140b7   Thumb Code    26  stm32f10x_tim.o(.text)
    TIM_OC3PolarityConfig                    0x080140d1   Thumb Code    26  stm32f10x_tim.o(.text)
    TIM_OC3NPolarityConfig                   0x080140eb   Thumb Code    26  stm32f10x_tim.o(.text)
    TIM_OC4PolarityConfig                    0x08014105   Thumb Code    26  stm32f10x_tim.o(.text)
    TIM_CCxCmd                               0x0801411f   Thumb Code    30  stm32f10x_tim.o(.text)
    TIM_CCxNCmd                              0x0801413d   Thumb Code    30  stm32f10x_tim.o(.text)
    TIM_SelectOCxM                           0x0801415b   Thumb Code    82  stm32f10x_tim.o(.text)
    TIM_UpdateDisableConfig                  0x080141ad   Thumb Code    24  stm32f10x_tim.o(.text)
    TIM_UpdateRequestConfig                  0x080141c5   Thumb Code    24  stm32f10x_tim.o(.text)
    TIM_SelectHallSensor                     0x080141dd   Thumb Code    24  stm32f10x_tim.o(.text)
    TIM_SelectOnePulseMode                   0x080141f5   Thumb Code    18  stm32f10x_tim.o(.text)
    TIM_SelectOutputTrigger                  0x08014207   Thumb Code    18  stm32f10x_tim.o(.text)
    TIM_SelectSlaveMode                      0x08014219   Thumb Code    18  stm32f10x_tim.o(.text)
    TIM_SelectMasterSlaveMode                0x0801422b   Thumb Code    18  stm32f10x_tim.o(.text)
    TIM_SetCounter                           0x0801423d   Thumb Code     4  stm32f10x_tim.o(.text)
    TIM_SetAutoreload                        0x08014241   Thumb Code     4  stm32f10x_tim.o(.text)
    TIM_SetCompare1                          0x08014245   Thumb Code     4  stm32f10x_tim.o(.text)
    TIM_SetCompare2                          0x08014249   Thumb Code     4  stm32f10x_tim.o(.text)
    TIM_SetCompare3                          0x0801424d   Thumb Code     4  stm32f10x_tim.o(.text)
    TIM_SetCompare4                          0x08014251   Thumb Code     6  stm32f10x_tim.o(.text)
    TIM_SetClockDivision                     0x08014257   Thumb Code    18  stm32f10x_tim.o(.text)
    TIM_GetCapture1                          0x08014269   Thumb Code     6  stm32f10x_tim.o(.text)
    TIM_GetCapture2                          0x0801426f   Thumb Code     6  stm32f10x_tim.o(.text)
    TIM_GetCapture3                          0x08014275   Thumb Code     6  stm32f10x_tim.o(.text)
    TIM_GetCapture4                          0x0801427b   Thumb Code     8  stm32f10x_tim.o(.text)
    TIM_GetCounter                           0x08014283   Thumb Code     6  stm32f10x_tim.o(.text)
    TIM_GetPrescaler                         0x08014289   Thumb Code     6  stm32f10x_tim.o(.text)
    TIM_GetFlagStatus                        0x0801428f   Thumb Code    18  stm32f10x_tim.o(.text)
    TIM_ClearFlag                            0x080142a1   Thumb Code     6  stm32f10x_tim.o(.text)
    TIM_GetITStatus                          0x080142a7   Thumb Code    34  stm32f10x_tim.o(.text)
    TIM_ClearITPendingBit                    0x080142c9   Thumb Code     6  stm32f10x_tim.o(.text)
    __aeabi_memset                           0x080142cf   Thumb Code    14  memseta.o(.text)
    __aeabi_memset4                          0x080142cf   Thumb Code     0  memseta.o(.text)
    __aeabi_memset8                          0x080142cf   Thumb Code     0  memseta.o(.text)
    __aeabi_memclr                           0x080142dd   Thumb Code     4  memseta.o(.text)
    __aeabi_memclr4                          0x080142dd   Thumb Code     0  memseta.o(.text)
    __aeabi_memclr8                          0x080142dd   Thumb Code     0  memseta.o(.text)
    _memset$wrapper                          0x080142e1   Thumb Code    18  memseta.o(.text)
    __aeabi_fmul                             0x080142f3   Thumb Code   100  fmul.o(.text)
    __aeabi_dmul                             0x08014357   Thumb Code   228  dmul.o(.text)
    __aeabi_ddiv                             0x0801443b   Thumb Code   222  ddiv.o(.text)
    __aeabi_ui2f                             0x08014519   Thumb Code    10  ffltui.o(.text)
    __aeabi_ui2d                             0x08014523   Thumb Code    26  dfltui.o(.text)
    __aeabi_f2uiz                            0x0801453d   Thumb Code    40  ffixui.o(.text)
    __aeabi_f2d                              0x08014565   Thumb Code    38  f2d.o(.text)
    __aeabi_cdcmpeq                          0x0801458d   Thumb Code     0  cdcmple.o(.text)
    __aeabi_cdcmple                          0x0801458d   Thumb Code    48  cdcmple.o(.text)
    __aeabi_cdrcmple                         0x080145bd   Thumb Code    48  cdrcmple.o(.text)
    __aeabi_d2f                              0x080145ed   Thumb Code    56  d2f.o(.text)
    __aeabi_uidiv                            0x08014625   Thumb Code     0  uidiv.o(.text)
    __aeabi_uidivmod                         0x08014625   Thumb Code    44  uidiv.o(.text)
    __aeabi_uldivmod                         0x08014651   Thumb Code    98  uldiv.o(.text)
    __I$use$fp                               0x080146b3   Thumb Code     0  iusefp.o(.text)
    _float_round                             0x080146b3   Thumb Code    18  fepilogue.o(.text)
    _float_epilogue                          0x080146c5   Thumb Code    92  fepilogue.o(.text)
    _double_round                            0x08014721   Thumb Code    30  depilogue.o(.text)
    _double_epilogue                         0x0801473f   Thumb Code   156  depilogue.o(.text)
    __aeabi_dadd                             0x080147db   Thumb Code   322  dadd.o(.text)
    __aeabi_dsub                             0x0801491d   Thumb Code     6  dadd.o(.text)
    __aeabi_drsub                            0x08014923   Thumb Code     6  dadd.o(.text)
    __aeabi_d2ulz                            0x08014929   Thumb Code    48  dfixul.o(.text)
    __scatterload                            0x08014959   Thumb Code    28  init.o(.text)
    __scatterload_rt2                        0x08014959   Thumb Code     0  init.o(.text)
    __aeabi_llsl                             0x0801497d   Thumb Code    30  llshl.o(.text)
    _ll_shift_l                              0x0801497d   Thumb Code     0  llshl.o(.text)
    __aeabi_llsr                             0x0801499b   Thumb Code    32  llushr.o(.text)
    _ll_ushift_r                             0x0801499b   Thumb Code     0  llushr.o(.text)
    __aeabi_lasr                             0x080149bb   Thumb Code    36  llsshr.o(.text)
    _ll_sshift_r                             0x080149bb   Thumb Code     0  llsshr.o(.text)
    __0printf                                0x080149e1   Thumb Code    22  printfa.o(i.__0printf)
    __1printf                                0x080149e1   Thumb Code     0  printfa.o(i.__0printf)
    __2printf                                0x080149e1   Thumb Code     0  printfa.o(i.__0printf)
    __c89printf                              0x080149e1   Thumb Code     0  printfa.o(i.__0printf)
    printf                                   0x080149e1   Thumb Code     0  printfa.o(i.__0printf)
    __scatterload_copy                       0x08014a01   Thumb Code    14  handlers.o(i.__scatterload_copy)
    __scatterload_null                       0x08014a0f   Thumb Code     2  handlers.o(i.__scatterload_null)
    __scatterload_zeroinit                   0x08014a11   Thumb Code    14  handlers.o(i.__scatterload_zeroinit)
    Region$$Table$$Base                      0x080152b4   Number         0  anon$$obj.o(Region$$Table)
    Region$$Table$$Limit                     0x080152d4   Number         0  anon$$obj.o(Region$$Table)
    white_flag                               0x20000001   Data           1  main.o(.data)
    SystemCoreClock                          0x20000004   Data           4  system_stm32f10x.o(.data)
    AHBPrescTable                            0x20000008   Data          16  system_stm32f10x.o(.data)
    wifi_flag                                0x2000001c   Data           1  timer.o(.data)
    __stdout                                 0x20000028   Data           4  usart.o(.data)
    USART1_RX_STA                            0x2000002c   Data           2  usart.o(.data)
    USART2_RX_STA                            0x2000002e   Data           2  usart.o(.data)
    UART4_RX_STA                             0x20000030   Data           2  usart.o(.data)
    USART1_RX_BUF                            0x20000048   Data         200  usart.o(.bss)
    USART2_RX_BUF                            0x20000110   Data         200  usart.o(.bss)
    UART4_RX_BUF                             0x200001d8   Data         200  usart.o(.bss)
    __initial_sp                             0x200006a0   Data           0  startup_stm32f10x_hd.o(STACK)



==============================================================================

Memory Map of the image

  Image Entry point : 0x08010131

  Load Region LR_IROM1 (Base: 0x08010000, Size: 0x0000531c, Max: 0x00030000, ABSOLUTE)

    Execution Region ER_IROM1 (Base: 0x08010000, Size: 0x000052d4, Max: 0x00030000, ABSOLUTE)

    Base Addr    Size         Type   Attr      Idx    E Section Name        Object

    0x08010000   0x00000130   Data   RO          320    RESET               startup_stm32f10x_hd.o
    0x08010130   0x00000000   Code   RO          399  * .ARM.Collect$$$$00000000  mc_w.l(entry.o)
    0x08010130   0x00000004   Code   RO          685    .ARM.Collect$$$$00000001  mc_w.l(entry2.o)
    0x08010134   0x00000004   Code   RO          688    .ARM.Collect$$$$00000004  mc_w.l(entry5.o)
    0x08010138   0x00000000   Code   RO          690    .ARM.Collect$$$$00000008  mc_w.l(entry7b.o)
    0x08010138   0x00000000   Code   RO          692    .ARM.Collect$$$$0000000A  mc_w.l(entry8b.o)
    0x08010138   0x00000008   Code   RO          693    .ARM.Collect$$$$0000000B  mc_w.l(entry9a.o)
    0x08010140   0x00000000   Code   RO          695    .ARM.Collect$$$$0000000D  mc_w.l(entry10a.o)
    0x08010140   0x00000000   Code   RO          697    .ARM.Collect$$$$0000000F  mc_w.l(entry11a.o)
    0x08010140   0x00000004   Code   RO          686    .ARM.Collect$$$$00002712  mc_w.l(entry2.o)
    0x08010144   0x00000f54   Code   RO            1    .text               main.o
    0x08011098   0x0000001a   Code   RO           95    .text               stm32f10x_it.o
    0x080110b2   0x00000002   PAD
    0x080110b4   0x000001e0   Code   RO          130    .text               system_stm32f10x.o
    0x08011294   0x00000524   Code   RO          148    .text               rgb_led.o
    0x080117b8   0x00000080   Code   RO          161    .text               key.o
    0x08011838   0x00000068   Code   RO          174    .text               led.o
    0x080118a0   0x000000e8   Code   RO          186    .text               adc.o
    0x08011988   0x0000017c   Code   RO          210    .text               timer.o
    0x08011b04   0x00000264   Code   RO          228    .text               i2c.o
    0x08011d68   0x000000b4   Code   RO          243    .text               si7021.o
    0x08011e1c   0x000000d4   Code   RO          255    .text               delay.o
    0x08011ef0   0x0000000c   Code   RO          269    .text               sys.o
    0x08011efc   0x00000560   Code   RO          281    .text               usart.o
    0x0801245c   0x00000024   Code   RO          321    .text               startup_stm32f10x_hd.o
    0x08012480   0x0000035c   Code   RO          325    .text               stm32f10x_gpio.o
    0x080127dc   0x000003a4   Code   RO          337    .text               stm32f10x_rcc.o
    0x08012b80   0x00000408   Code   RO          351    .text               stm32f10x_usart.o
    0x08012f88   0x000000dc   Code   RO          363    .text               misc.o
    0x08013064   0x0000044e   Code   RO          375    .text               stm32f10x_adc.o
    0x080134b2   0x00000002   PAD
    0x080134b4   0x00000e1a   Code   RO          387    .text               stm32f10x_tim.o
    0x080142ce   0x00000024   Code   RO          402    .text               mc_w.l(memseta.o)
    0x080142f2   0x00000064   Code   RO          665    .text               mf_w.l(fmul.o)
    0x08014356   0x000000e4   Code   RO          667    .text               mf_w.l(dmul.o)
    0x0801443a   0x000000de   Code   RO          669    .text               mf_w.l(ddiv.o)
    0x08014518   0x0000000a   Code   RO          671    .text               mf_w.l(ffltui.o)
    0x08014522   0x0000001a   Code   RO          673    .text               mf_w.l(dfltui.o)
    0x0801453c   0x00000028   Code   RO          675    .text               mf_w.l(ffixui.o)
    0x08014564   0x00000026   Code   RO          677    .text               mf_w.l(f2d.o)
    0x0801458a   0x00000002   PAD
    0x0801458c   0x00000030   Code   RO          679    .text               mf_w.l(cdcmple.o)
    0x080145bc   0x00000030   Code   RO          681    .text               mf_w.l(cdrcmple.o)
    0x080145ec   0x00000038   Code   RO          683    .text               mf_w.l(d2f.o)
    0x08014624   0x0000002c   Code   RO          699    .text               mc_w.l(uidiv.o)
    0x08014650   0x00000062   Code   RO          701    .text               mc_w.l(uldiv.o)
    0x080146b2   0x00000000   Code   RO          703    .text               mc_w.l(iusefp.o)
    0x080146b2   0x0000006e   Code   RO          704    .text               mf_w.l(fepilogue.o)
    0x08014720   0x000000ba   Code   RO          706    .text               mf_w.l(depilogue.o)
    0x080147da   0x0000014e   Code   RO          708    .text               mf_w.l(dadd.o)
    0x08014928   0x00000030   Code   RO          710    .text               mf_w.l(dfixul.o)
    0x08014958   0x00000024   Code   RO          712    .text               mc_w.l(init.o)
    0x0801497c   0x0000001e   Code   RO          714    .text               mc_w.l(llshl.o)
    0x0801499a   0x00000020   Code   RO          716    .text               mc_w.l(llushr.o)
    0x080149ba   0x00000024   Code   RO          718    .text               mc_w.l(llsshr.o)
    0x080149de   0x00000002   PAD
    0x080149e0   0x00000020   Code   RO          637    i.__0printf         mc_w.l(printfa.o)
    0x08014a00   0x0000000e   Code   RO          722    i.__scatterload_copy  mc_w.l(handlers.o)
    0x08014a0e   0x00000002   Code   RO          723    i.__scatterload_null  mc_w.l(handlers.o)
    0x08014a10   0x0000000e   Code   RO          724    i.__scatterload_zeroinit  mc_w.l(handlers.o)
    0x08014a1e   0x00000002   PAD
    0x08014a20   0x00000164   Code   RO          644    i._fp_digits        mc_w.l(printfa.o)
    0x08014b84   0x000006dc   Code   RO          645    i._printf_core      mc_w.l(printfa.o)
    0x08015260   0x00000024   Code   RO          646    i._printf_post_padding  mc_w.l(printfa.o)
    0x08015284   0x0000002e   Code   RO          647    i._printf_pre_padding  mc_w.l(printfa.o)
    0x080152b2   0x00000002   PAD
    0x080152b4   0x00000020   Data   RO          720    Region$$Table       anon$$obj.o


    Execution Region RW_IRAM1 (Base: 0x20000000, Size: 0x000006a0, Max: 0x0000c000, ABSOLUTE)

    Base Addr    Size         Type   Attr      Idx    E Section Name        Object

    0x20000000   0x00000003   Data   RW            2    .data               main.o
    0x20000003   0x00000001   PAD
    0x20000004   0x00000014   Data   RW          131    .data               system_stm32f10x.o
    0x20000018   0x00000002   Data   RW          149    .data               rgb_led.o
    0x2000001a   0x00000001   Data   RW          162    .data               key.o
    0x2000001b   0x00000001   PAD
    0x2000001c   0x00000006   Data   RW          211    .data               timer.o
    0x20000022   0x00000004   Data   RW          256    .data               delay.o
    0x20000026   0x00000002   PAD
    0x20000028   0x0000000c   Data   RW          283    .data               usart.o
    0x20000034   0x00000014   Data   RW          338    .data               stm32f10x_rcc.o
    0x20000048   0x00000258   Zero   RW          282    .bss                usart.o
    0x200002a0   0x00000400   Zero   RW          318    STACK               startup_stm32f10x_hd.o


==============================================================================

Image component sizes


      Code (inc. data)   RO Data    RW Data    ZI Data      Debug   Object Name

       232          8          0          0          0       1067   adc.o
         0          0          0          0          0         32   core_cm3.o
       212         18          0          4          0        963   delay.o
       612          6          0          0          0       1891   i2c.o
       128         12          0          1          0        688   key.o
       104          8          0          0          0        620   led.o
      3924        436          0          3          0     266756   main.o
       220         22          0          0          0       1729   misc.o
      1316         30          0          2          0       3893   rgb_led.o
       180          0          0          0          0       1279   si7021.o
        36          8        304          0       1024        756   startup_stm32f10x_hd.o
      1102         26          0          0          0      10969   stm32f10x_adc.o
       860         38          0          0          0       5661   stm32f10x_gpio.o
        26          0          0          0          0       1142   stm32f10x_it.o
       932         36          0         20          0       8800   stm32f10x_rcc.o
      3610         88          0          0          0      22768   stm32f10x_tim.o
      1032         22          0          0          0       8384   stm32f10x_usart.o
        12          0          0          0          0        413   sys.o
       480         38          0         20          0       1631   system_stm32f10x.o
       380         24          0          6          0       1506   timer.o
      1376         52          0         12        600       6269   usart.o

    ----------------------------------------------------------------------
     16778        872        336         72       1624     347217   Object Totals
         0          0         32          0          0          0   (incl. Generated)
         4          0          0          4          0          0   (incl. Padding)

    ----------------------------------------------------------------------

      Code (inc. data)   RO Data    RW Data    ZI Data      Debug   Library Member Name

         0          0          0          0          0          0   entry.o
         0          0          0          0          0          0   entry10a.o
         0          0          0          0          0          0   entry11a.o
         8          4          0          0          0          0   entry2.o
         4          0          0          0          0          0   entry5.o
         0          0          0          0          0          0   entry7b.o
         0          0          0          0          0          0   entry8b.o
         8          4          0          0          0          0   entry9a.o
        30          0          0          0          0          0   handlers.o
        36          8          0          0          0         68   init.o
         0          0          0          0          0          0   iusefp.o
        30          0          0          0          0         68   llshl.o
        36          0          0          0          0         68   llsshr.o
        32          0          0          0          0         68   llushr.o
        36          0          0          0          0        108   memseta.o
      2226         90          0          0          0        444   printfa.o
        44          0          0          0          0         80   uidiv.o
        98          0          0          0          0         92   uldiv.o
        48          0          0          0          0         68   cdcmple.o
        48          0          0          0          0         68   cdrcmple.o
        56          0          0          0          0         88   d2f.o
       334          0          0          0          0        148   dadd.o
       222          0          0          0          0        100   ddiv.o
       186          0          0          0          0        176   depilogue.o
        48          0          0          0          0         68   dfixul.o
        26          0          0          0          0         76   dfltui.o
       228          0          0          0          0         96   dmul.o
        38          0          0          0          0         68   f2d.o
       110          0          0          0          0        168   fepilogue.o
        40          0          0          0          0         68   ffixui.o
        10          0          0          0          0         68   ffltui.o
       100          0          0          0          0         76   fmul.o

    ----------------------------------------------------------------------
      4090        106          0          0          0       2332   Library Totals
         8          0          0          0          0          0   (incl. Padding)

    ----------------------------------------------------------------------

      Code (inc. data)   RO Data    RW Data    ZI Data      Debug   Library Name

      2588        106          0          0          0        996   mc_w.l
      1494          0          0          0          0       1336   mf_w.l

    ----------------------------------------------------------------------
      4090        106          0          0          0       2332   Library Totals

    ----------------------------------------------------------------------

==============================================================================


      Code (inc. data)   RO Data    RW Data    ZI Data      Debug   

     20868        978        336         72       1624     346893   Grand Totals
     20868        978        336         72       1624     346893   ELF Image Totals
     20868        978        336         72          0          0   ROM Totals

==============================================================================

    Total RO  Size (Code + RO Data)                21204 (  20.71kB)
    Total RW  Size (RW Data + ZI Data)              1696 (   1.66kB)
    Total ROM Size (Code + RO Data + RW Data)      21276 (  20.78kB)

==============================================================================

